Archive member included because of file (symbol)

C:\Users\otavi\AppData\Local\Temp\VMicroBuilds\ArduinoIoT1\mkr1000/core.a(cortex_handlers.c.o)
                              (Reset_Handler)
C:\Users\otavi\AppData\Local\Temp\VMicroBuilds\ArduinoIoT1\mkr1000/core.a(delay.c.o)
                              C:\Users\otavi\AppData\Local\Temp\VMicroBuilds\ArduinoIoT1\mkr1000\ArduinoIoT1.cpp.o (millis)
C:\Users\otavi\AppData\Local\Temp\VMicroBuilds\ArduinoIoT1\mkr1000/core.a(hooks.c.o)
                              C:\Users\otavi\AppData\Local\Temp\VMicroBuilds\ArduinoIoT1\mkr1000/core.a(delay.c.o) (yield)
C:\Users\otavi\AppData\Local\Temp\VMicroBuilds\ArduinoIoT1\mkr1000/core.a(startup.c.o)
                              C:\Users\otavi\AppData\Local\Temp\VMicroBuilds\ArduinoIoT1\mkr1000/core.a(cortex_handlers.c.o) (SystemInit)
C:\Users\otavi\AppData\Local\Temp\VMicroBuilds\ArduinoIoT1\mkr1000/core.a(WInterrupts.c.o)
                              C:\Users\otavi\AppData\Local\Temp\VMicroBuilds\ArduinoIoT1\mkr1000\WiFi101\bsp\source\nm_bsp_arduino.c.o (attachInterrupt)
C:\Users\otavi\AppData\Local\Temp\VMicroBuilds\ArduinoIoT1\mkr1000/core.a(wiring.c.o)
                              C:\Users\otavi\AppData\Local\Temp\VMicroBuilds\ArduinoIoT1\mkr1000\Servo\samd\Servo.cpp.o (SystemCoreClock)
C:\Users\otavi\AppData\Local\Temp\VMicroBuilds\ArduinoIoT1\mkr1000/core.a(wiring_analog.c.o)
                              C:\Users\otavi\AppData\Local\Temp\VMicroBuilds\ArduinoIoT1\mkr1000/core.a(wiring.c.o) (analogReference)
C:\Users\otavi\AppData\Local\Temp\VMicroBuilds\ArduinoIoT1\mkr1000/core.a(wiring_digital.c.o)
                              C:\Users\otavi\AppData\Local\Temp\VMicroBuilds\ArduinoIoT1\mkr1000\ArduinoIoT1.cpp.o (pinMode)
C:\Users\otavi\AppData\Local\Temp\VMicroBuilds\ArduinoIoT1\mkr1000/core.a(wiring_private.c.o)
                              C:\Users\otavi\AppData\Local\Temp\VMicroBuilds\ArduinoIoT1\mkr1000\SPI\SPI.cpp.o (pinPeripheral)
C:\Users\otavi\AppData\Local\Temp\VMicroBuilds\ArduinoIoT1\mkr1000/core.a(abi.cpp.o)
                              C:\Users\otavi\AppData\Local\Temp\VMicroBuilds\ArduinoIoT1\mkr1000\WiFi101\WiFiClient.cpp.o (__cxa_pure_virtual)
C:\Users\otavi\AppData\Local\Temp\VMicroBuilds\ArduinoIoT1\mkr1000/core.a(IPAddress.cpp.o)
                              C:\Users\otavi\AppData\Local\Temp\VMicroBuilds\ArduinoIoT1\mkr1000\WiFi101\WiFiClient.cpp.o (IPAddress::IPAddress())
C:\Users\otavi\AppData\Local\Temp\VMicroBuilds\ArduinoIoT1\mkr1000/core.a(main.cpp.o)
                              c:/users/otavi/appdata/local/arduino15/packages/arduino/tools/arm-none-eabi-gcc/4.8.3-2014q1/bin/../lib/gcc/arm-none-eabi/4.8.3/../../../../arm-none-eabi/lib/armv6-m/crt0.o (main)
C:\Users\otavi\AppData\Local\Temp\VMicroBuilds\ArduinoIoT1\mkr1000/core.a(new.cpp.o)
                              C:\Users\otavi\AppData\Local\Temp\VMicroBuilds\ArduinoIoT1\mkr1000\ArduinoCloud\ArduinoCloudThing.cpp.o (operator new(unsigned int))
C:\Users\otavi\AppData\Local\Temp\VMicroBuilds\ArduinoIoT1\mkr1000/core.a(Print.cpp.o)
                              C:\Users\otavi\AppData\Local\Temp\VMicroBuilds\ArduinoIoT1\mkr1000\WiFi101\WiFiClient.cpp.o (Print::write(unsigned char const*, unsigned int))
C:\Users\otavi\AppData\Local\Temp\VMicroBuilds\ArduinoIoT1\mkr1000/core.a(Reset.cpp.o)
                              C:\Users\otavi\AppData\Local\Temp\VMicroBuilds\ArduinoIoT1\mkr1000/core.a(delay.c.o) (tickReset)
C:\Users\otavi\AppData\Local\Temp\VMicroBuilds\ArduinoIoT1\mkr1000/core.a(RingBuffer.cpp.o)
                              C:\Users\otavi\AppData\Local\Temp\VMicroBuilds\ArduinoIoT1\mkr1000\Wire\Wire.cpp.o (RingBuffer::RingBuffer())
C:\Users\otavi\AppData\Local\Temp\VMicroBuilds\ArduinoIoT1\mkr1000/core.a(SERCOM.cpp.o)
                              C:\Users\otavi\AppData\Local\Temp\VMicroBuilds\ArduinoIoT1\mkr1000\SPI\SPI.cpp.o (SERCOM::initSPIClock(SercomSpiClockMode, unsigned long))
C:\Users\otavi\AppData\Local\Temp\VMicroBuilds\ArduinoIoT1\mkr1000/core.a(Stream.cpp.o)
                              C:\Users\otavi\AppData\Local\Temp\VMicroBuilds\ArduinoIoT1\mkr1000\ArduinoCloud\lib\Network.cpp.o (Stream::setTimeout(unsigned long))
C:\Users\otavi\AppData\Local\Temp\VMicroBuilds\ArduinoIoT1\mkr1000/core.a(WMath.cpp.o)
                              C:\Users\otavi\AppData\Local\Temp\VMicroBuilds\ArduinoIoT1\mkr1000\Servo\samd\Servo.cpp.o (map(long, long, long, long, long))
C:\Users\otavi\AppData\Local\Temp\VMicroBuilds\ArduinoIoT1\mkr1000/core.a(WString.cpp.o)
                              C:\Users\otavi\AppData\Local\Temp\VMicroBuilds\ArduinoIoT1\mkr1000\ArduinoCloud\ArduinoCloudThing.cpp.o (String::~String())
C:\Users\otavi\AppData\Local\Temp\VMicroBuilds\ArduinoIoT1\mkr1000/core.a(CDC.cpp.o)
                              C:\Users\otavi\AppData\Local\Temp\VMicroBuilds\ArduinoIoT1\mkr1000\ArduinoIoT1.cpp.o (Serial_::begin(unsigned long))
C:\Users\otavi\AppData\Local\Temp\VMicroBuilds\ArduinoIoT1\mkr1000/core.a(USBCore.cpp.o)
[...]
Memory Configuration

Name             Origin             Length             Attributes
FLASH            0x00002000         0x0003e000         xr
RAM              0x20000000         0x00008000         xrw
*default*        0x00000000         0xffffffff

Linker script and memory map

LOAD c:/users/otavi/appdata/local/arduino15/packages/arduino/tools/arm-none-eabi-gcc/4.8.3-2014q1/bin/../lib/gcc/arm-none-eabi/4.8.3/armv6-m/crti.o
LOAD c:/users/otavi/appdata/local/arduino15/packages/arduino/tools/arm-none-eabi-gcc/4.8.3-2014q1/bin/../lib/gcc/arm-none-eabi/4.8.3/armv6-m/crtbegin.o
LOAD c:/users/otavi/appdata/local/arduino15/packages/arduino/tools/arm-none-eabi-gcc/4.8.3-2014q1/bin/../lib/gcc/arm-none-eabi/4.8.3/../../../../arm-none-eabi/lib/armv6-m/crt0.o
LOAD C:\Users\otavi\AppData\Local\Temp\VMicroBuilds\ArduinoIoT1\mkr1000\ArduinoIoT1.cpp.o
LOAD C:\Users\otavi\AppData\Local\Temp\VMicroBuilds\ArduinoIoT1\mkr1000\WiFi101\WiFi.cpp.o
LOAD C:\Users\otavi\AppData\Local\Temp\VMicroBuilds\ArduinoIoT1\mkr1000\WiFi101\WiFiClient.cpp.o
LOAD C:\Users\otavi\AppData\Local\Temp\VMicroBuilds\ArduinoIoT1\mkr1000\WiFi101\WiFiServer.cpp.o
LOAD C:\Users\otavi\AppData\Local\Temp\VMicroBuilds\ArduinoIoT1\mkr1000\WiFi101\WiFiSSLClient.cpp.o
LOAD C:\Users\otavi\AppData\Local\Temp\VMicroBuilds\ArduinoIoT1\mkr1000\WiFi101\WiFiUdp.cpp.o
LOAD C:\Users\otavi\AppData\Local\Temp\VMicroBuilds\ArduinoIoT1\mkr1000\WiFi101\bsp\source\nm_bsp_arduino.c.o
LOAD C:\Users\otavi\AppData\Local\Temp\VMicroBuilds\ArduinoIoT1\mkr1000\WiFi101\bsp\source\nm_bsp_arduino_avr.c.o
LOAD C:\Users\otavi\AppData\Local\Temp\VMicroBuilds\ArduinoIoT1\mkr1000\WiFi101\bus_wrapper\source\nm_bus_wrapper_samd21.cpp.o
LOAD C:\Users\otavi\AppData\Local\Temp\VMicroBuilds\ArduinoIoT1\mkr1000\WiFi101\common\source\nm_common.c.o
LOAD C:\Users\otavi\AppData\Local\Temp\VMicroBuilds\ArduinoIoT1\mkr1000\WiFi101\driver\source\m2m_hif.c.o
LOAD C:\Users\otavi\AppData\Local\Temp\VMicroBuilds\ArduinoIoT1\mkr1000\WiFi101\driver\source\m2m_ota.c.o
LOAD C:\Users\otavi\AppData\Local\Temp\VMicroBuilds\ArduinoIoT1\mkr1000\WiFi101\driver\source\m2m_periph.c.o
LOAD C:\Users\otavi\AppData\Local\Temp\VMicroBuilds\ArduinoIoT1\mkr1000\WiFi101\driver\source\m2m_wifi.c.o
LOAD C:\Users\otavi\AppData\Local\Temp\VMicroBuilds\ArduinoIoT1\mkr1000\WiFi101\driver\source\nmasic.c.o
LOAD C:\Users\otavi\AppData\Local\Temp\VMicroBuilds\ArduinoIoT1\mkr1000\WiFi101\driver\source\nmbus.c.o
LOAD C:\Users\otavi\AppData\Local\Temp\VMicroBuilds\ArduinoIoT1\mkr1000\WiFi101\driver\source\nmdrv.c.o
LOAD C:\Users\otavi\AppData\Local\Temp\VMicroBuilds\ArduinoIoT1\mkr1000\WiFi101\driver\source\nmi2c.c.o
LOAD C:\Users\otavi\AppData\Local\Temp\VMicroBuilds\ArduinoIoT1\mkr1000\WiFi101\driver\source\nmspi.c.o
LOAD C:\Users\otavi\AppData\Local\Temp\VMicroBuilds\ArduinoIoT1\mkr1000\WiFi101\driver\source\nmuart.c.o
LOAD C:\Users\otavi\AppData\Local\Temp\VMicroBuilds\ArduinoIoT1\mkr1000\WiFi101\socket\source\socket.c.o
LOAD C:\Users\otavi\AppData\Local\Temp\VMicroBuilds\ArduinoIoT1\mkr1000\WiFi101\socket\source\socket_buffer.c.o
LOAD C:\Users\otavi\AppData\Local\Temp\VMicroBuilds\ArduinoIoT1\mkr1000\WiFi101\spi_flash\source\spi_flash.c.o
LOAD C:\Users\otavi\AppData\Local\Temp\VMicroBuilds\ArduinoIoT1\mkr1000\Servo\avr\Servo.cpp.o
LOAD C:\Users\otavi\AppData\Local\Temp\VMicroBuilds\ArduinoIoT1\mkr1000\Servo\sam\Servo.cpp.o
LOAD C:\Users\otavi\AppData\Local\Temp\VMicroBuilds\ArduinoIoT1\mkr1000\Servo\samd\Servo.cpp.o
LOAD C:\Users\otavi\AppData\Local\Temp\VMicroBuilds\ArduinoIoT1\mkr1000\ArduinoCloud\ArduinoCloudThing.cpp.o
LOAD C:\Users\otavi\AppData\Local\Temp\VMicroBuilds\ArduinoIoT1\mkr1000\ArduinoCloud\ArduinoCloudThingBase.cpp.o
LOAD C:\Users\otavi\AppData\Local\Temp\VMicroBuilds\ArduinoIoT1\mkr1000\ArduinoCloud\lib\Network.cpp.o
LOAD C:\Users\otavi\AppData\Local\Temp\VMicroBuilds\ArduinoIoT1\mkr1000\ArduinoCloud\lib\Timer.cpp.o
LOAD C:\Users\otavi\AppData\Local\Temp\VMicroBuilds\ArduinoIoT1\mkr1000\ArduinoCloud\lib\mqtt\MQTTConnectClient.c.o
LOAD C:\Users\otavi\AppData\Local\Temp\VMicroBuilds\ArduinoIoT1\mkr1000\ArduinoCloud\lib\mqtt\MQTTDeserializePublish.c.o
LOAD C:\Users\otavi\AppData\Local\Temp\VMicroBuilds\ArduinoIoT1\mkr1000\ArduinoCloud\lib\mqtt\MQTTPacket.c.o
LOAD C:\Users\otavi\AppData\Local\Temp\VMicroBuilds\ArduinoIoT1\mkr1000\ArduinoCloud\lib\mqtt\MQTTSerializePublish.c.o
LOAD C:\Users\otavi\AppData\Local\Temp\VMicroBuilds\ArduinoIoT1\mkr1000\ArduinoCloud\lib\mqtt\MQTTSubscribeClient.c.o
LOAD C:\Users\otavi\AppData\Local\Temp\VMicroBuilds\ArduinoIoT1\mkr1000\ArduinoCloud\lib\mqtt\MQTTUnsubscribeClient.c.o
LOAD C:\Users\otavi\AppData\Local\Temp\VMicroBuilds\ArduinoIoT1\mkr1000\Firmata\Firmata.cpp.o
LOAD C:\Users\otavi\AppData\Local\Temp\VMicroBuilds\ArduinoIoT1\mkr1000\Firmata\utility\EthernetClientStream.cpp.o
LOAD C:\Users\otavi\AppData\Local\Temp\VMicroBuilds\ArduinoIoT1\mkr1000\Firmata\utility\SerialFirmata.cpp.o
LOAD C:\Users\otavi\AppData\Local\Temp\VMicroBuilds\ArduinoIoT1\mkr1000\Firmata\utility\WiFi101Stream.cpp.o
LOAD C:\Users\otavi\AppData\Local\Temp\VMicroBuilds\ArduinoIoT1\mkr1000\Firmata\utility\WiFiStream.cpp.o
LOAD C:\Users\otavi\AppData\Local\Temp\VMicroBuilds\ArduinoIoT1\mkr1000\SPI\SPI.cpp.o
LOAD C:\Users\otavi\AppData\Local\Temp\VMicroBuilds\ArduinoIoT1\mkr1000\VM_DBG\VM_DBG.cpp.o
LOAD C:\Users\otavi\AppData\Local\Temp\VMicroBuilds\ArduinoIoT1\mkr1000\Wire\Wire.cpp.o
START GROUP
LOAD c:/users/otavi/appdata/local/arduino15/packages/arduino/tools/arm-none-eabi-gcc/4.8.3-2014q1/bin/../lib/gcc/arm-none-eabi/4.8.3/../../../../arm-none-eabi/lib/armv6-m\libm.a
LOAD C:\Users\otavi\AppData\Local\Temp\VMicroBuilds\ArduinoIoT1\mkr1000/core.a
END GROUP
START GROUP
LOAD c:/users/otavi/appdata/local/arduino15/packages/arduino/tools/arm-none-eabi-gcc/4.8.3-2014q1/bin/../lib/gcc/arm-none-eabi/4.8.3/armv6-m\libgcc.a
LOAD c:/users/otavi/appdata/local/arduino15/packages/arduino/tools/arm-none-eabi-gcc/4.8.3-2014q1/bin/../lib/gcc/arm-none-eabi/4.8.3/../../../../arm-none-eabi/lib/armv6-m\libc_s.a
END GROUP
START GROUP
LOAD c:/users/otavi/appdata/local/arduino15/packages/arduino/tools/arm-none-eabi-gcc/4.8.3-2014q1/bin/../lib/gcc/arm-none-eabi/4.8.3/armv6-m\libgcc.a
LOAD c:/users/otavi/appdata/local/arduino15/packages/arduino/tools/arm-none-eabi-gcc/4.8.3-2014q1/bin/../lib/gcc/arm-none-eabi/4.8.3/../../../../arm-none-eabi/lib/armv6-m\libc_s.a
LOAD c:/users/otavi/appdata/local/arduino15/packages/arduino/tools/arm-none-eabi-gcc/4.8.3-2014q1/bin/../lib/gcc/arm-none-eabi/4.8.3/../../../../arm-none-eabi/lib/armv6-m\libnosys.a
END GROUP
START GROUP
LOAD c:/users/otavi/appdata/local/arduino15/packages/arduino/tools/arm-none-eabi-gcc/4.8.3-2014q1/bin/../lib/gcc/arm-none-eabi/4.8.3/armv6-m\libgcc.a
LOAD c:/users/otavi/appdata/local/arduino15/packages/arduino/tools/arm-none-eabi-gcc/4.8.3-2014q1/bin/../lib/gcc/arm-none-eabi/4.8.3/../../../../arm-none-eabi/lib/armv6-m\libc_s.a
LOAD c:/users/otavi/appdata/local/arduino15/packages/arduino/tools/arm-none-eabi-gcc/4.8.3-2014q1/bin/../lib/gcc/arm-none-eabi/4.8.3/../../../../arm-none-eabi/lib/armv6-m\libnosys.a
END GROUP
LOAD c:/users/otavi/appdata/local/arduino15/packages/arduino/tools/arm-none-eabi-gcc/4.8.3-2014q1/bin/../lib/gcc/arm-none-eabi/4.8.3/armv6-m/crtend.o
LOAD c:/users/otavi/appdata/local/arduino15/packages/arduino/tools/arm-none-eabi-gcc/4.8.3-2014q1/bin/../lib/gcc/arm-none-eabi/4.8.3/armv6-m/crtn.o

.text           0x00002000     0xc260
 *(.isr_vector)
 .isr_vector    0x00002000       0xb0 C:\Users\otavi\AppData\Local\Temp\VMicroBuilds\ArduinoIoT1\mkr1000/core.a(cortex_handlers.c.o)
                0x00002000                exception_table
 *(.text*)
 .text          0x000020b0       0x60 c:/users/otavi/appdata/local/arduino15/packages/arduino/tools/arm-none-eabi-gcc/4.8.3-2014q1/bin/../lib/gcc/arm-none-eabi/4.8.3/armv6-m/crtbegin.o
 .text._Z21reportDigitalCallbackhi
                0x00002110       0x10 C:\Users\otavi\AppData\Local\Temp\VMicroBuilds\ArduinoIoT1\mkr1000\ArduinoIoT1.cpp.o
                0x00002110                reportDigitalCallback(unsigned char, int)
 .text._Z20digitalWriteCallbackhi
                0x00002120       0xdc C:\Users\otavi\AppData\Local\Temp\VMicroBuilds\ArduinoIoT1\mkr1000\ArduinoIoT1.cpp.o
                0x00002120                digitalWriteCallback(unsigned char, int)
 .text._Z20reportAnalogCallbackhi
                0x000021fc       0x24 C:\Users\otavi\AppData\Local\Temp\VMicroBuilds\ArduinoIoT1\mkr1000\ArduinoIoT1.cpp.o
                0x000021fc                reportAnalogCallback(unsigned char, int)
 .text._Z19analogWriteCallbackhi
                0x00002220       0x64 C:\Users\otavi\AppData\Local\Temp\VMicroBuilds\ArduinoIoT1\mkr1000\ArduinoIoT1.cpp.o
                0x00002220                analogWriteCallback(unsigned char, int)
 .text._Z10outputPorthhh
                0x00002284       0x30 C:\Users\otavi\AppData\Local\Temp\VMicroBuilds\ArduinoIoT1\mkr1000\ArduinoIoT1.cpp.o
                0x00002284                outputPort(unsigned char, unsigned char, unsigned char)
 .text._Z18checkDigitalInputsv
                0x000022b4      0x1f4 C:\Users\otavi\AppData\Local\Temp\VMicroBuilds\ArduinoIoT1\mkr1000\ArduinoIoT1.cpp.o
                0x000022b4                checkDigitalInputs()
 .text._Z14disableI2CPinsv
                0x000024a8       0x18 C:\Users\otavi\AppData\Local\Temp\VMicroBuilds\ArduinoIoT1\mkr1000\ArduinoIoT1.cpp.o
                0x000024a8                disableI2CPins()
 .text._Z18setPinModeCallbackhi
                0x000024c0      0x190 C:\Users\otavi\AppData\Local\Temp\VMicroBuilds\ArduinoIoT1\mkr1000\ArduinoIoT1.cpp.o
                0x000024c0                setPinModeCallback(unsigned char, int)
 .text._Z13enableI2CPinsv
                0x00002650       0x34 C:\Users\otavi\AppData\Local\Temp\VMicroBuilds\ArduinoIoT1\mkr1000\ArduinoIoT1.cpp.o
                0x00002650                enableI2CPins()
 .text._Z19systemResetCallbackv
                0x00002684       0x60 C:\Users\otavi\AppData\Local\Temp\VMicroBuilds\ArduinoIoT1\mkr1000\ArduinoIoT1.cpp.o
                0x00002684                systemResetCallback()
 .text.setup    0x000026e4      0x160 C:\Users\otavi\AppData\Local\Temp\VMicroBuilds\ArduinoIoT1\mkr1000\ArduinoIoT1.cpp.o
                0x000026e4                setup
 .text.startup._GLOBAL__sub_I___VisualMicro_DEBUG_1_HITCOUNTER__
                0x00002844       0x44 C:\Users\otavi\AppData\Local\Temp\VMicroBuilds\ArduinoIoT1\mkr1000\ArduinoIoT1.cpp.o
 .text._Z17readAndReportDatahih
                0x00002888       0xb0 C:\Users\otavi\AppData\Local\Temp\VMicroBuilds\ArduinoIoT1\mkr1000\ArduinoIoT1.cpp.o
                0x00002888                readAndReportData(unsigned char, int, unsigned char)
 .text._Z13sysexCallbackhhPh
                0x00002938      0x39c C:\Users\otavi\AppData\Local\Temp\VMicroBuilds\ArduinoIoT1\mkr1000\ArduinoIoT1.cpp.o
                0x00002938                sysexCallback(unsigned char, unsigned char, unsigned char*)
 .text.loop     0x00002cd4      0x158 C:\Users\otavi\AppData\Local\Temp\VMicroBuilds\ArduinoIoT1\mkr1000\ArduinoIoT1.cpp.o
                0x00002cd4                loop
 .text._ZL10resolve_cbPhm
                0x00002e2c        0xc C:\Users\otavi\AppData\Local\Temp\VMicroBuilds\ArduinoIoT1\mkr1000\WiFi101\WiFi.cpp.o
 .text._ZL7wifi_cbhPv
                0x00002e38      0x15c C:\Users\otavi\AppData\Local\Temp\VMicroBuilds\ArduinoIoT1\mkr1000\WiFi101\WiFi.cpp.o
 .text._ZN9WiFiClass4initEv
                0x00002f94       0xc4 C:\Users\otavi\AppData\Local\Temp\VMicroBuilds\ArduinoIoT1\mkr1000\WiFi101\WiFi.cpp.o
                0x00002f94                WiFiClass::init()
 .text._ZN9WiFiClass12startConnectEPKchPKv
                0x00003058       0xa0 C:\Users\otavi\AppData\Local\Temp\VMicroBuilds\ArduinoIoT1\mkr1000\WiFi101\WiFi.cpp.o
                0x00003058                WiFiClass::startConnect(char const*, unsigned char, void const*)
 .text._ZN9WiFiClass5beginEPKcS1_
                0x000030f8        0xc C:\Users\otavi\AppData\Local\Temp\VMicroBuilds\ArduinoIoT1\mkr1000\WiFi101\WiFi.cpp.o
                0x000030f8                WiFiClass::begin(char const*, char const*)
 .text._ZN9WiFiClass10hostByNameEPKcR9IPAddress
                0x00003104       0x90 C:\Users\otavi\AppData\Local\Temp\VMicroBuilds\ArduinoIoT1\mkr1000\WiFi101\WiFi.cpp.o
                0x00003104                WiFiClass::hostByName(char const*, IPAddress&)
 .text.startup._GLOBAL__sub_I__ZN9WiFiClassC2Ev
                0x00003194       0x28 C:\Users\otavi\AppData\Local\Temp\VMicroBuilds\ArduinoIoT1\mkr1000\WiFi101\WiFi.cpp.o
 .text._ZN10WiFiClient5writeEh
                0x000031bc       0x14 C:\Users\otavi\AppData\Local\Temp\VMicroBuilds\ArduinoIoT1\mkr1000\WiFi101\WiFiClient.cpp.o
                0x000031bc                WiFiClient::write(unsigned char)
 .text._ZN10WiFiClient4readEv
                0x000031d0       0x18 C:\Users\otavi\AppData\Local\Temp\VMicroBuilds\ArduinoIoT1\mkr1000\WiFi101\WiFiClient.cpp.o
                0x000031d0                WiFiClient::read()
 .text._ZN10WiFiClient4peekEv
                0x000031e8       0x1e C:\Users\otavi\AppData\Local\Temp\VMicroBuilds\ArduinoIoT1\mkr1000\WiFi101\WiFiClient.cpp.o
                0x000031e8                WiFiClient::peek()
 .text._ZN10WiFiClient5flushEv
                0x00003206       0x1c C:\Users\otavi\AppData\Local\Temp\VMicroBuilds\ArduinoIoT1\mkr1000\WiFi101\WiFiClient.cpp.o
                0x00003206                WiFiClient::flush()
 .text._ZN10WiFiClientcvbEv
                0x00003222        0xe C:\Users\otavi\AppData\Local\Temp\VMicroBuilds\ArduinoIoT1\mkr1000\WiFi101\WiFiClient.cpp.o
                0x00003222                WiFiClient::operator bool()
 .text._ZN10WiFiClient9availableEv
                0x00003230       0x1e C:\Users\otavi\AppData\Local\Temp\VMicroBuilds\ArduinoIoT1\mkr1000\WiFi101\WiFiClient.cpp.o
                0x00003230                WiFiClient::available()
 .text._ZN10WiFiClient4readEPhj
                0x0000324e       0x6a C:\Users\otavi\AppData\Local\Temp\VMicroBuilds\ArduinoIoT1\mkr1000\WiFi101\WiFiClient.cpp.o
                0x0000324e                WiFiClient::read(unsigned char*, unsigned int)
 .text._ZN10WiFiClient9connectedEv
                0x000032b8       0x20 C:\Users\otavi\AppData\Local\Temp\VMicroBuilds\ArduinoIoT1\mkr1000\WiFi101\WiFiClient.cpp.o
                0x000032b8                WiFiClient::connected()
 .text._ZN10WiFiClient4stopEv
                0x000032d8       0x22 C:\Users\otavi\AppData\Local\Temp\VMicroBuilds\ArduinoIoT1\mkr1000\WiFi101\WiFiClient.cpp.o
                0x000032d8                WiFiClient::stop()
 .text._ZN10WiFiClient5writeEPKhj
                0x000032fa       0x70 C:\Users\otavi\AppData\Local\Temp\VMicroBuilds\ArduinoIoT1\mkr1000\WiFi101\WiFiClient.cpp.o
                0x000032fa                WiFiClient::write(unsigned char const*, unsigned int)
 *fill*         0x0000336a        0x2 
 .text._ZN10WiFiClientC2Ev
                0x0000336c       0x20 C:\Users\otavi\AppData\Local\Temp\VMicroBuilds\ArduinoIoT1\mkr1000\WiFi101\WiFiClient.cpp.o
                0x0000336c                WiFiClient::WiFiClient()
                0x0000336c                WiFiClient::WiFiClient()
 .text._ZN10WiFiClient8copyFromERKS_
                0x0000338c       0x80 C:\Users\otavi\AppData\Local\Temp\VMicroBuilds\ArduinoIoT1\mkr1000\WiFi101\WiFiClient.cpp.o
                0x0000338c                WiFiClient::copyFrom(WiFiClient const&)
 .text._ZN10WiFiClientaSERKS_
                0x0000340c        0xc C:\Users\otavi\AppData\Local\Temp\VMicroBuilds\ArduinoIoT1\mkr1000\WiFi101\WiFiClient.cpp.o
                0x0000340c                WiFiClient::operator=(WiFiClient const&)
 .text._ZN10WiFiClient7connectE9IPAddressthPKh
                0x00003418       0xbc C:\Users\otavi\AppData\Local\Temp\VMicroBuilds\ArduinoIoT1\mkr1000\WiFi101\WiFiClient.cpp.o
                0x00003418                WiFiClient::connect(IPAddress, unsigned short, unsigned char, unsigned char const*)
 .text._ZN10WiFiClient10connectSSLE9IPAddresst
                0x000034d4       0x20 C:\Users\otavi\AppData\Local\Temp\VMicroBuilds\ArduinoIoT1\mkr1000\WiFi101\WiFiClient.cpp.o
                0x000034d4                WiFiClient::connectSSL(IPAddress, unsigned short)
 .text._ZN10WiFiClient7connectE9IPAddresst
                0x000034f4       0x1c C:\Users\otavi\AppData\Local\Temp\VMicroBuilds\ArduinoIoT1\mkr1000\WiFi101\WiFiClient.cpp.o
                0x000034f4                WiFiClient::connect(IPAddress, unsigned short)
 .text._ZN10WiFiClient7connectEPKcth
                0x00003510       0x44 C:\Users\otavi\AppData\Local\Temp\VMicroBuilds\ArduinoIoT1\mkr1000\WiFi101\WiFiClient.cpp.o
                0x00003510                WiFiClient::connect(char const*, unsigned short, unsigned char)
 .text._ZN10WiFiClient10connectSSLEPKct
                0x00003554        0xa C:\Users\otavi\AppData\Local\Temp\VMicroBuilds\ArduinoIoT1\mkr1000\WiFi101\WiFiClient.cpp.o
                0x00003554                WiFiClient::connectSSL(char const*, unsigned short)
 .text._ZN10WiFiClient7connectEPKct
                0x0000355e        0xa C:\Users\otavi\AppData\Local\Temp\VMicroBuilds\ArduinoIoT1\mkr1000\WiFi101\WiFiClient.cpp.o
                0x0000355e                WiFiClient::connect(char const*, unsigned short)
 .text.startup._GLOBAL__sub_I__ZN10WiFiClientC2Ev
                0x00003568       0x18 C:\Users\otavi\AppData\Local\Temp\VMicroBuilds\ArduinoIoT1\mkr1000\WiFi101\WiFiClient.cpp.o
 .text.startup._GLOBAL__sub_I__ZN10WiFiServerC2Et
                0x00003580       0x18 C:\Users\otavi\AppData\Local\Temp\VMicroBuilds\ArduinoIoT1\mkr1000\WiFi101\WiFiServer.cpp.o
 .text._ZN13WiFiSSLClient7connectE9IPAddresst
                0x00003598       0x18 C:\Users\otavi\AppData\Local\Temp\VMicroBuilds\ArduinoIoT1\mkr1000\WiFi101\WiFiSSLClient.cpp.o
                0x00003598                WiFiSSLClient::connect(IPAddress, unsigned short)
 .text._ZN13WiFiSSLClient7connectEPKct
                0x000035b0        0x8 C:\Users\otavi\AppData\Local\Temp\VMicroBuilds\ArduinoIoT1\mkr1000\WiFi101\WiFiSSLClient.cpp.o
                0x000035b0                WiFiSSLClient::connect(char const*, unsigned short)
 .text._ZN13WiFiSSLClientC2Ev
                0x000035b8       0x18 C:\Users\otavi\AppData\Local\Temp\VMicroBuilds\ArduinoIoT1\mkr1000\WiFi101\WiFiSSLClient.cpp.o
                0x000035b8                WiFiSSLClient::WiFiSSLClient()
                0x000035b8                WiFiSSLClient::WiFiSSLClient()
 .text.startup._GLOBAL__sub_I__ZN13WiFiSSLClientC2Ev
                0x000035d0       0x18 C:\Users\otavi\AppData\Local\Temp\VMicroBuilds\ArduinoIoT1\mkr1000\WiFi101\WiFiSSLClient.cpp.o
 .text.startup._GLOBAL__sub_I__ZN7WiFiUDPC2Ev
                0x000035e8       0x18 C:\Users\otavi\AppData\Local\Temp\VMicroBuilds\ArduinoIoT1\mkr1000\WiFi101\WiFiUdp.cpp.o
 .text.chip_isr
                0x00003600       0x14 C:\Users\otavi\AppData\Local\Temp\VMicroBuilds\ArduinoIoT1\mkr1000\WiFi101\bsp\source\nm_bsp_arduino.c.o
 .text.attachInterruptMultiArch
                0x00003614        0x8 C:\Users\otavi\AppData\Local\Temp\VMicroBuilds\ArduinoIoT1\mkr1000\WiFi101\bsp\source\nm_bsp_arduino.c.o
                0x00003614                attachInterruptMultiArch
 .text.detachInterruptMultiArch
                0x0000361c        0x8 C:\Users\otavi\AppData\Local\Temp\VMicroBuilds\ArduinoIoT1\mkr1000\WiFi101\bsp\source\nm_bsp_arduino.c.o
                0x0000361c                detachInterruptMultiArch
 .text.nm_bsp_sleep
                0x00003624       0x14 C:\Users\otavi\AppData\Local\Temp\VMicroBuilds\ArduinoIoT1\mkr1000\WiFi101\bsp\source\nm_bsp_arduino.c.o
                0x00003624                nm_bsp_sleep
 .text.nm_bsp_reset
                0x00003638       0x20 C:\Users\otavi\AppData\Local\Temp\VMicroBuilds\ArduinoIoT1\mkr1000\WiFi101\bsp\source\nm_bsp_arduino.c.o
                0x00003638                nm_bsp_reset
 .text.nm_bsp_init
                0x00003658       0x2c C:\Users\otavi\AppData\Local\Temp\VMicroBuilds\ArduinoIoT1\mkr1000\WiFi101\bsp\source\nm_bsp_arduino.c.o
                0x00003658                nm_bsp_init
 .text.nm_bsp_register_isr
                0x00003684       0x1c C:\Users\otavi\AppData\Local\Temp\VMicroBuilds\ArduinoIoT1\mkr1000\WiFi101\bsp\source\nm_bsp_arduino.c.o
                0x00003684                nm_bsp_register_isr
 .text.nm_bsp_interrupt_ctrl
                0x000036a0       0x20 C:\Users\otavi\AppData\Local\Temp\VMicroBuilds\ArduinoIoT1\mkr1000\WiFi101\bsp\source\nm_bsp_arduino.c.o
                0x000036a0                nm_bsp_interrupt_ctrl
 .text.nm_bus_init
                0x000036c0       0x2c C:\Users\otavi\AppData\Local\Temp\VMicroBuilds\ArduinoIoT1\mkr1000\WiFi101\bus_wrapper\source\nm_bus_wrapper_samd21.cpp.o
                0x000036c0                nm_bus_init
 .text.nm_bus_ioctl
                0x000036ec       0x8c C:\Users\otavi\AppData\Local\Temp\VMicroBuilds\ArduinoIoT1\mkr1000\WiFi101\bus_wrapper\source\nm_bus_wrapper_samd21.cpp.o
                0x000036ec                nm_bus_ioctl
 .text.nm_bus_deinit
                0x00003778       0x10 C:\Users\otavi\AppData\Local\Temp\VMicroBuilds\ArduinoIoT1\mkr1000\WiFi101\bus_wrapper\source\nm_bus_wrapper_samd21.cpp.o
                0x00003778                nm_bus_deinit
 .text.startup._GLOBAL__sub_I_egstrNmBusCapabilities
                0x00003788       0x18 C:\Users\otavi\AppData\Local\Temp\VMicroBuilds\ArduinoIoT1\mkr1000\WiFi101\bus_wrapper\source\nm_bus_wrapper_samd21.cpp.o
 .text.m2m_memcpy
                0x000037a0       0x12 C:\Users\otavi\AppData\Local\Temp\VMicroBuilds\ArduinoIoT1\mkr1000\WiFi101\common\source\nm_common.c.o
                0x000037a0                m2m_memcpy
 .text.m2m_memset
                0x000037b2       0x10 C:\Users\otavi\AppData\Local\Temp\VMicroBuilds\ArduinoIoT1\mkr1000\WiFi101\common\source\nm_common.c.o
                0x000037b2                m2m_memset
 .text.m2m_strlen
                0x000037c2       0x14 C:\Users\otavi\AppData\Local\Temp\VMicroBuilds\ArduinoIoT1\mkr1000\WiFi101\common\source\nm_common.c.o
                0x000037c2                m2m_strlen
 *fill*         0x000037d6        0x2 
 .text.isr      0x000037d8       0x10 C:\Users\otavi\AppData\Local\Temp\VMicroBuilds\ArduinoIoT1\mkr1000\WiFi101\driver\source\m2m_hif.c.o
 .text.m2m_hif_cb
                0x000037e8        0x2 C:\Users\otavi\AppData\Local\Temp\VMicroBuilds\ArduinoIoT1\mkr1000\WiFi101\driver\source\m2m_hif.c.o
 *fill*         0x000037ea        0x2 
 .text.hif_set_rx_done
                0x000037ec       0x2c C:\Users\otavi\AppData\Local\Temp\VMicroBuilds\ArduinoIoT1\mkr1000\WiFi101\driver\source\m2m_hif.c.o
 .text.hif_chip_wake
                0x00003818       0x4c C:\Users\otavi\AppData\Local\Temp\VMicroBuilds\ArduinoIoT1\mkr1000\WiFi101\driver\source\m2m_hif.c.o
                0x00003818                hif_chip_wake
 .text.hif_chip_sleep
                0x00003864       0x6c C:\Users\otavi\AppData\Local\Temp\VMicroBuilds\ArduinoIoT1\mkr1000\WiFi101\driver\source\m2m_hif.c.o
                0x00003864                hif_chip_sleep
 .text.hif_init
                0x000038d0       0x48 C:\Users\otavi\AppData\Local\Temp\VMicroBuilds\ArduinoIoT1\mkr1000\WiFi101\driver\source\m2m_hif.c.o
                0x000038d0                hif_init
 .text.hif_send
                0x00003918      0x174 C:\Users\otavi\AppData\Local\Temp\VMicroBuilds\ArduinoIoT1\mkr1000\WiFi101\driver\source\m2m_hif.c.o
                0x00003918                hif_send
 .text.hif_handle_isr
                0x00003a8c      0x150 C:\Users\otavi\AppData\Local\Temp\VMicroBuilds\ArduinoIoT1\mkr1000\WiFi101\driver\source\m2m_hif.c.o
                0x00003a8c                hif_handle_isr
 .text.hif_receive
                0x00003bdc       0x90 C:\Users\otavi\AppData\Local\Temp\VMicroBuilds\ArduinoIoT1\mkr1000\WiFi101\driver\source\m2m_hif.c.o
                0x00003bdc                hif_receive
 .text.hif_register_cb
                0x00003c6c       0x50 C:\Users\otavi\AppData\Local\Temp\VMicroBuilds\ArduinoIoT1\mkr1000\WiFi101\driver\source\m2m_hif.c.o
                0x00003c6c                hif_register_cb
 .text.get_gpio_idx
                0x00003cbc       0x3a C:\Users\otavi\AppData\Local\Temp\VMicroBuilds\ArduinoIoT1\mkr1000\WiFi101\driver\source\m2m_periph.c.o
 .text.m2m_periph_gpio_set_dir
                0x00003cf6       0x28 C:\Users\otavi\AppData\Local\Temp\VMicroBuilds\ArduinoIoT1\mkr1000\WiFi101\driver\source\m2m_periph.c.o
                0x00003cf6                m2m_periph_gpio_set_dir
 .text.m2m_periph_gpio_set_val
                0x00003d1e       0x28 C:\Users\otavi\AppData\Local\Temp\VMicroBuilds\ArduinoIoT1\mkr1000\WiFi101\driver\source\m2m_periph.c.o
                0x00003d1e                m2m_periph_gpio_set_val
 *fill*         0x00003d46        0x2 
 .text.m2m_wifi_cb
                0x00003d48      0x15c C:\Users\otavi\AppData\Local\Temp\VMicroBuilds\ArduinoIoT1\mkr1000\WiFi101\driver\source\m2m_wifi.c.o
 .text.m2m_wifi_init
                0x00003ea4       0x60 C:\Users\otavi\AppData\Local\Temp\VMicroBuilds\ArduinoIoT1\mkr1000\WiFi101\driver\source\m2m_wifi.c.o
                0x00003ea4                m2m_wifi_init
 .text.m2m_wifi_handle_events
                0x00003f04       0x2c C:\Users\otavi\AppData\Local\Temp\VMicroBuilds\ArduinoIoT1\mkr1000\WiFi101\driver\source\m2m_wifi.c.o
                0x00003f04                m2m_wifi_handle_events
 .text.m2m_wifi_connect_sc
                0x00003f30      0x108 C:\Users\otavi\AppData\Local\Temp\VMicroBuilds\ArduinoIoT1\mkr1000\WiFi101\driver\source\m2m_wifi.c.o
                0x00003f30                m2m_wifi_connect_sc
 .text.m2m_wifi_connect
                0x00004038       0x12 C:\Users\otavi\AppData\Local\Temp\VMicroBuilds\ArduinoIoT1\mkr1000\WiFi101\driver\source\m2m_wifi.c.o
                0x00004038                m2m_wifi_connect
 .text.chip_apply_conf
                0x0000404a       0x2e C:\Users\otavi\AppData\Local\Temp\VMicroBuilds\ArduinoIoT1\mkr1000\WiFi101\driver\source\nmasic.c.o
                0x0000404a                chip_apply_conf
 .text.nm_clkless_wake
                0x00004078       0xb4 C:\Users\otavi\AppData\Local\Temp\VMicroBuilds\ArduinoIoT1\mkr1000\WiFi101\driver\source\nmasic.c.o
                0x00004078                nm_clkless_wake
 .text.enable_interrupts
                0x0000412c       0x54 C:\Users\otavi\AppData\Local\Temp\VMicroBuilds\ArduinoIoT1\mkr1000\WiFi101\driver\source\nmasic.c.o
                0x0000412c                enable_interrupts
 .text.nmi_get_chipid
                0x00004180       0xac C:\Users\otavi\AppData\Local\Temp\VMicroBuilds\ArduinoIoT1\mkr1000\WiFi101\driver\source\nmasic.c.o
                0x00004180                nmi_get_chipid
 .text.wait_for_bootrom
                0x0000422c       0xb0 C:\Users\otavi\AppData\Local\Temp\VMicroBuilds\ArduinoIoT1\mkr1000\WiFi101\driver\source\nmasic.c.o
                0x0000422c                wait_for_bootrom
 .text.wait_for_firmware_start
                0x000042dc       0x60 C:\Users\otavi\AppData\Local\Temp\VMicroBuilds\ArduinoIoT1\mkr1000\WiFi101\driver\source\nmasic.c.o
                0x000042dc                wait_for_firmware_start
 .text.chip_deinit
                0x0000433c       0x5c C:\Users\otavi\AppData\Local\Temp\VMicroBuilds\ArduinoIoT1\mkr1000\WiFi101\driver\source\nmasic.c.o
                0x0000433c                chip_deinit
 .text.set_gpio_dir
                0x00004398       0x34 C:\Users\otavi\AppData\Local\Temp\VMicroBuilds\ArduinoIoT1\mkr1000\WiFi101\driver\source\nmasic.c.o
                0x00004398                set_gpio_dir
 .text.set_gpio_val
                0x000043cc       0x34 C:\Users\otavi\AppData\Local\Temp\VMicroBuilds\ArduinoIoT1\mkr1000\WiFi101\driver\source\nmasic.c.o
                0x000043cc                set_gpio_val
 .text.nm_bus_iface_init
                0x00004400        0x8 C:\Users\otavi\AppData\Local\Temp\VMicroBuilds\ArduinoIoT1\mkr1000\WiFi101\driver\source\nmbus.c.o
                0x00004400                nm_bus_iface_init
 .text.nm_bus_iface_deinit
                0x00004408        0x8 C:\Users\otavi\AppData\Local\Temp\VMicroBuilds\ArduinoIoT1\mkr1000\WiFi101\driver\source\nmbus.c.o
                0x00004408                nm_bus_iface_deinit
 .text.nm_read_reg
                0x00004410        0x8 C:\Users\otavi\AppData\Local\Temp\VMicroBuilds\ArduinoIoT1\mkr1000\WiFi101\driver\source\nmbus.c.o
                0x00004410                nm_read_reg
 .text.nm_read_reg_with_ret
                0x00004418        0x8 C:\Users\otavi\AppData\Local\Temp\VMicroBuilds\ArduinoIoT1\mkr1000\WiFi101\driver\source\nmbus.c.o
                0x00004418                nm_read_reg_with_ret
 .text.nm_write_reg
                0x00004420        0x8 C:\Users\otavi\AppData\Local\Temp\VMicroBuilds\ArduinoIoT1\mkr1000\WiFi101\driver\source\nmbus.c.o
                0x00004420                nm_write_reg
 .text.nm_read_block
                0x00004428       0x40 C:\Users\otavi\AppData\Local\Temp\VMicroBuilds\ArduinoIoT1\mkr1000\WiFi101\driver\source\nmbus.c.o
                0x00004428                nm_read_block
 .text.nm_write_block
                0x00004468       0x40 C:\Users\otavi\AppData\Local\Temp\VMicroBuilds\ArduinoIoT1\mkr1000\WiFi101\driver\source\nmbus.c.o
                0x00004468                nm_write_block
 .text.nm_get_firmware_info
                0x000044a8       0xa0 C:\Users\otavi\AppData\Local\Temp\VMicroBuilds\ArduinoIoT1\mkr1000\WiFi101\driver\source\nmdrv.c.o
                0x000044a8                nm_get_firmware_info
 .text.nm_drv_init
                0x00004548       0x4a C:\Users\otavi\AppData\Local\Temp\VMicroBuilds\ArduinoIoT1\mkr1000\WiFi101\driver\source\nmdrv.c.o
                0x00004548                nm_drv_init
 .text.nm_drv_deinit
                0x00004592       0x22 C:\Users\otavi\AppData\Local\Temp\VMicroBuilds\ArduinoIoT1\mkr1000\WiFi101\driver\source\nmdrv.c.o
                0x00004592                nm_drv_deinit
 .text.nmi_spi_read
                0x000045b4       0x18 C:\Users\otavi\AppData\Local\Temp\VMicroBuilds\ArduinoIoT1\mkr1000\WiFi101\driver\source\nmspi.c.o
 .text.spi_cmd_rsp
                0x000045cc       0x68 C:\Users\otavi\AppData\Local\Temp\VMicroBuilds\ArduinoIoT1\mkr1000\WiFi101\driver\source\nmspi.c.o
 .text.spi_data_read
                0x00004634       0x8c C:\Users\otavi\AppData\Local\Temp\VMicroBuilds\ArduinoIoT1\mkr1000\WiFi101\driver\source\nmspi.c.o
 .text.nmi_spi_write
                0x000046c0       0x18 C:\Users\otavi\AppData\Local\Temp\VMicroBuilds\ArduinoIoT1\mkr1000\WiFi101\driver\source\nmspi.c.o
 .text.spi_cmd  0x000046d8      0x108 C:\Users\otavi\AppData\Local\Temp\VMicroBuilds\ArduinoIoT1\mkr1000\WiFi101\driver\source\nmspi.c.o
 .text.spi_write_reg
                0x000047e0       0x48 C:\Users\otavi\AppData\Local\Temp\VMicroBuilds\ArduinoIoT1\mkr1000\WiFi101\driver\source\nmspi.c.o
 .text.spi_read_reg
                0x00004828       0x74 C:\Users\otavi\AppData\Local\Temp\VMicroBuilds\ArduinoIoT1\mkr1000\WiFi101\driver\source\nmspi.c.o
 .text.nm_spi_deinit
                0x0000489c        0xc C:\Users\otavi\AppData\Local\Temp\VMicroBuilds\ArduinoIoT1\mkr1000\WiFi101\driver\source\nmspi.c.o
                0x0000489c                nm_spi_deinit
 .text.nm_spi_read_reg
                0x000048a8        0xc C:\Users\otavi\AppData\Local\Temp\VMicroBuilds\ArduinoIoT1\mkr1000\WiFi101\driver\source\nmspi.c.o
                0x000048a8                nm_spi_read_reg
 .text.nm_spi_read_reg_with_ret
                0x000048b4       0x14 C:\Users\otavi\AppData\Local\Temp\VMicroBuilds\ArduinoIoT1\mkr1000\WiFi101\driver\source\nmspi.c.o
                0x000048b4                nm_spi_read_reg_with_ret
 .text.nm_spi_write_reg
                0x000048c8       0x14 C:\Users\otavi\AppData\Local\Temp\VMicroBuilds\ArduinoIoT1\mkr1000\WiFi101\driver\source\nmspi.c.o
                0x000048c8                nm_spi_write_reg
 .text.nm_spi_init
                0x000048dc       0x80 C:\Users\otavi\AppData\Local\Temp\VMicroBuilds\ArduinoIoT1\mkr1000\WiFi101\driver\source\nmspi.c.o
                0x000048dc                nm_spi_init
 .text.nm_spi_read_block
                0x0000495c       0x4c C:\Users\otavi\AppData\Local\Temp\VMicroBuilds\ArduinoIoT1\mkr1000\WiFi101\driver\source\nmspi.c.o
                0x0000495c                nm_spi_read_block
 .text.nm_spi_write_block
                0x000049a8       0xc8 C:\Users\otavi\AppData\Local\Temp\VMicroBuilds\ArduinoIoT1\mkr1000\WiFi101\driver\source\nmspi.c.o
                0x000049a8                nm_spi_write_block
 .text.Socket_ReadSocketData
                0x00004a70       0xc0 C:\Users\otavi\AppData\Local\Temp\VMicroBuilds\ArduinoIoT1\mkr1000\WiFi101\socket\source\socket.c.o
                0x00004a70                Socket_ReadSocketData
 .text.m2m_ip_cb
                0x00004b30      0x270 C:\Users\otavi\AppData\Local\Temp\VMicroBuilds\ArduinoIoT1\mkr1000\WiFi101\socket\source\socket.c.o
 .text.Socket_ReadSocketData_Small
                0x00004da0       0xb8 C:\Users\otavi\AppData\Local\Temp\VMicroBuilds\ArduinoIoT1\mkr1000\WiFi101\socket\source\socket.c.o
                0x00004da0                Socket_ReadSocketData_Small
 .text.socketInit
                0x00004e58       0x38 C:\Users\otavi\AppData\Local\Temp\VMicroBuilds\ArduinoIoT1\mkr1000\WiFi101\socket\source\socket.c.o
                0x00004e58                socketInit
 .text.registerSocketCallback
                0x00004e90       0x14 C:\Users\otavi\AppData\Local\Temp\VMicroBuilds\ArduinoIoT1\mkr1000\WiFi101\socket\source\socket.c.o
                0x00004e90                registerSocketCallback
 .text.socket   0x00004ea4       0x94 C:\Users\otavi\AppData\Local\Temp\VMicroBuilds\ArduinoIoT1\mkr1000\WiFi101\socket\source\socket.c.o
                0x00004ea4                socket
 .text.listen   0x00004f38       0x48 C:\Users\otavi\AppData\Local\Temp\VMicroBuilds\ArduinoIoT1\mkr1000\WiFi101\socket\source\socket.c.o
                0x00004f38                listen
 .text.connectSocket
                0x00004f80       0x70 C:\Users\otavi\AppData\Local\Temp\VMicroBuilds\ArduinoIoT1\mkr1000\WiFi101\socket\source\socket.c.o
                0x00004f80                connectSocket
 .text.send     0x00004ff0       0x78 C:\Users\otavi\AppData\Local\Temp\VMicroBuilds\ArduinoIoT1\mkr1000\WiFi101\socket\source\socket.c.o
                0x00004ff0                send
 .text.recv     0x00005068       0x80 C:\Users\otavi\AppData\Local\Temp\VMicroBuilds\ArduinoIoT1\mkr1000\WiFi101\socket\source\socket.c.o
                0x00005068                recv
 .text.close    0x000050e8       0x60 C:\Users\otavi\AppData\Local\Temp\VMicroBuilds\ArduinoIoT1\mkr1000\WiFi101\socket\source\socket.c.o
                0x000050e8                close
 .text.recvfrom
                0x00005148       0x84 C:\Users\otavi\AppData\Local\Temp\VMicroBuilds\ArduinoIoT1\mkr1000\WiFi101\socket\source\socket.c.o
                0x00005148                recvfrom
 .text.gethostbyname
                0x000051cc       0x34 C:\Users\otavi\AppData\Local\Temp\VMicroBuilds\ArduinoIoT1\mkr1000\WiFi101\socket\source\socket.c.o
                0x000051cc                gethostbyname
 .text.setsockopt
                0x00005200       0xf0 C:\Users\otavi\AppData\Local\Temp\VMicroBuilds\ArduinoIoT1\mkr1000\WiFi101\socket\source\socket.c.o
                0x00005200                setsockopt
 .text.socketBufferInit
                0x000052f0       0x14 C:\Users\otavi\AppData\Local\Temp\VMicroBuilds\ArduinoIoT1\mkr1000\WiFi101\socket\source\socket_buffer.c.o
                0x000052f0                socketBufferInit
 .text.socketBufferRegister
                0x00005304       0x18 C:\Users\otavi\AppData\Local\Temp\VMicroBuilds\ArduinoIoT1\mkr1000\WiFi101\socket\source\socket_buffer.c.o
                0x00005304                socketBufferRegister
 .text.socketBufferUnregister
                0x0000531c       0x18 C:\Users\otavi\AppData\Local\Temp\VMicroBuilds\ArduinoIoT1\mkr1000\WiFi101\socket\source\socket_buffer.c.o
                0x0000531c                socketBufferUnregister
 .text.socketBufferCb
                0x00005334      0x208 C:\Users\otavi\AppData\Local\Temp\VMicroBuilds\ArduinoIoT1\mkr1000\WiFi101\socket\source\socket_buffer.c.o
                0x00005334                socketBufferCb
 .text.spi_flash_enable
                0x0000553c       0xd8 C:\Users\otavi\AppData\Local\Temp\VMicroBuilds\ArduinoIoT1\mkr1000\WiFi101\spi_flash\source\spi_flash.c.o
                0x0000553c                spi_flash_enable
 .text._Z13Servo_Handler18timer16_Sequence_tP2Tchh
                0x00005614      0x128 C:\Users\otavi\AppData\Local\Temp\VMicroBuilds\ArduinoIoT1\mkr1000\Servo\samd\Servo.cpp.o
                0x00005614                Servo_Handler(timer16_Sequence_t, Tc*, unsigned char, unsigned char)
 .text.TC4_Handler
                0x0000573c       0x14 C:\Users\otavi\AppData\Local\Temp\VMicroBuilds\ArduinoIoT1\mkr1000\Servo\samd\Servo.cpp.o
                0x0000573c                TC4_Handler
 .text._ZN5ServoC2Ev
                0x00005750       0x48 C:\Users\otavi\AppData\Local\Temp\VMicroBuilds\ArduinoIoT1\mkr1000\Servo\samd\Servo.cpp.o
                0x00005750                Servo::Servo()
                0x00005750                Servo::Servo()
 .text._ZN5Servo6attachEiii
                0x00005798      0x14c C:\Users\otavi\AppData\Local\Temp\VMicroBuilds\ArduinoIoT1\mkr1000\Servo\samd\Servo.cpp.o
                0x00005798                Servo::attach(int, int, int)
 .text._ZN5Servo6attachEi
                0x000058e4       0x10 C:\Users\otavi\AppData\Local\Temp\VMicroBuilds\ArduinoIoT1\mkr1000\Servo\samd\Servo.cpp.o
                0x000058e4                Servo::attach(int)
 .text._ZN5Servo6detachEv
                0x000058f4       0x40 C:\Users\otavi\AppData\Local\Temp\VMicroBuilds\ArduinoIoT1\mkr1000\Servo\samd\Servo.cpp.o
                0x000058f4                Servo::detach()
 .text._ZN5Servo17writeMicrosecondsEi
                0x00005934       0x50 C:\Users\otavi\AppData\Local\Temp\VMicroBuilds\ArduinoIoT1\mkr1000\Servo\samd\Servo.cpp.o
                0x00005934                Servo::writeMicroseconds(int)
 .text._ZN5Servo5writeEi
                0x00005984       0x44 C:\Users\otavi\AppData\Local\Temp\VMicroBuilds\ArduinoIoT1\mkr1000\Servo\samd\Servo.cpp.o
                0x00005984                Servo::write(int)
 .text._ZN5Servo8attachedEv
                0x000059c8       0x14 C:\Users\otavi\AppData\Local\Temp\VMicroBuilds\ArduinoIoT1\mkr1000\Servo\samd\Servo.cpp.o
                0x000059c8                Servo::attached()
 .text._ZN17ArduinoCloudThing8callbackERN4MQTT11MessageDataE
                0x000059dc       0xa0 C:\Users\otavi\AppData\Local\Temp\VMicroBuilds\ArduinoIoT1\mkr1000\ArduinoCloud\ArduinoCloudThing.cpp.o
                0x000059dc                ArduinoCloudThing::callback(MQTT::MessageData&)
 .text._ZN17ArduinoCloudThingC2Ev
                0x00005a7c       0x14 C:\Users\otavi\AppData\Local\Temp\VMicroBuilds\ArduinoIoT1\mkr1000\ArduinoCloud\ArduinoCloudThing.cpp.o
                0x00005a7c                ArduinoCloudThing::ArduinoCloudThing()
                0x00005a7c                ArduinoCloudThing::ArduinoCloudThing()
 .text._ZN17ArduinoCloudThing5beginEPKcS1_S1_S1_R6Client
                0x00005a90       0xa4 C:\Users\otavi\AppData\Local\Temp\VMicroBuilds\ArduinoIoT1\mkr1000\ArduinoCloud\ArduinoCloudThing.cpp.o
                0x00005a90                ArduinoCloudThing::begin(char const*, char const*, char const*, char const*, Client&)
 .text._ZN4MQTT6ClientI17ArduinoCloudThing7Network5TimerLi256ELi0EE10sendPacketEiRS3_
                0x00005b34       0x60 C:\Users\otavi\AppData\Local\Temp\VMicroBuilds\ArduinoIoT1\mkr1000\ArduinoCloud\ArduinoCloudThing.cpp.o
                0x00005b34                MQTT::Client<ArduinoCloudThing, Network, Timer, 256, 0>::sendPacket(int, Timer&)
 .text._ZN17ArduinoCloudThing7publishEPKcS1_jb
                0x00005b94       0x6c C:\Users\otavi\AppData\Local\Temp\VMicroBuilds\ArduinoIoT1\mkr1000\ArduinoCloud\ArduinoCloudThing.cpp.o
                0x00005b94                ArduinoCloudThing::publish(char const*, char const*, unsigned int, bool)
 .text._ZN17ArduinoCloudThing7publishEPKcS1_
                0x00005c00       0x20 C:\Users\otavi\AppData\Local\Temp\VMicroBuilds\ArduinoIoT1\mkr1000\ArduinoCloud\ArduinoCloudThing.cpp.o
                0x00005c00                ArduinoCloudThing::publish(char const*, char const*)
 .text._ZN4MQTT6ClientI17ArduinoCloudThing7Network5TimerLi256ELi0EE10readPacketERS3_
                0x00005c20       0xc2 C:\Users\otavi\AppData\Local\Temp\VMicroBuilds\ArduinoIoT1\mkr1000\ArduinoCloud\ArduinoCloudThing.cpp.o
                0x00005c20                MQTT::Client<ArduinoCloudThing, Network, Timer, 256, 0>::readPacket(Timer&)
 .text._ZN4MQTT6ClientI17ArduinoCloudThing7Network5TimerLi256ELi0EE14deliverMessageER10MQTTStringRNS_7MessageE
                0x00005ce2       0x46 C:\Users\otavi\AppData\Local\Temp\VMicroBuilds\ArduinoIoT1\mkr1000\ArduinoCloud\ArduinoCloudThing.cpp.o
                0x00005ce2                MQTT::Client<ArduinoCloudThing, Network, Timer, 256, 0>::deliverMessage(MQTTString&, MQTT::Message&)
 .text._ZN4MQTT6ClientI17ArduinoCloudThing7Network5TimerLi256ELi0EE9keepaliveEv
                0x00005d28       0x68 C:\Users\otavi\AppData\Local\Temp\VMicroBuilds\ArduinoIoT1\mkr1000\ArduinoCloud\ArduinoCloudThing.cpp.o
                0x00005d28                MQTT::Client<ArduinoCloudThing, Network, Timer, 256, 0>::keepalive()
 .text._ZN4MQTT6ClientI17ArduinoCloudThing7Network5TimerLi256ELi0EE5cycleERS3_
                0x00005d90       0x82 C:\Users\otavi\AppData\Local\Temp\VMicroBuilds\ArduinoIoT1\mkr1000\ArduinoCloud\ArduinoCloudThing.cpp.o
                0x00005d90                MQTT::Client<ArduinoCloudThing, Network, Timer, 256, 0>::cycle(Timer&)
 .text._ZN4MQTT6ClientI17ArduinoCloudThing7Network5TimerLi256ELi0EE7waitforEiRS3_
                0x00005e12       0x28 C:\Users\otavi\AppData\Local\Temp\VMicroBuilds\ArduinoIoT1\mkr1000\ArduinoCloud\ArduinoCloudThing.cpp.o
                0x00005e12                MQTT::Client<ArduinoCloudThing, Network, Timer, 256, 0>::waitfor(int, Timer&)
 *fill*         0x00005e3a        0x2 
 .text._ZN17ArduinoCloudThing7connectEv
                0x00005e3c      0x150 C:\Users\otavi\AppData\Local\Temp\VMicroBuilds\ArduinoIoT1\mkr1000\ArduinoCloud\ArduinoCloudThing.cpp.o
                0x00005e3c                ArduinoCloudThing::connect()
 .text._ZN4MQTT6ClientI17ArduinoCloudThing7Network5TimerLi256ELi0EE9subscribeEPKcNS_3QoSEPFvRNS_11MessageDataEE
                0x00005f8c       0xc0 C:\Users\otavi\AppData\Local\Temp\VMicroBuilds\ArduinoIoT1\mkr1000\ArduinoCloud\ArduinoCloudThing.cpp.o
                0x00005f8c                MQTT::Client<ArduinoCloudThing, Network, Timer, 256, 0>::subscribe(char const*, MQTT::QoS, void (*)(MQTT::MessageData&))
 .text._ZN17ArduinoCloudThing13mqttSubscribeEv
                0x0000604c       0x64 C:\Users\otavi\AppData\Local\Temp\VMicroBuilds\ArduinoIoT1\mkr1000\ArduinoCloud\ArduinoCloudThing.cpp.o
                0x0000604c                ArduinoCloudThing::mqttSubscribe()
 .text._ZN17ArduinoCloudThing4pollEv
                0x000060b0       0xbc C:\Users\otavi\AppData\Local\Temp\VMicroBuilds\ArduinoIoT1\mkr1000\ArduinoCloud\ArduinoCloudThing.cpp.o
                0x000060b0                ArduinoCloudThing::poll()
 .text.startup._GLOBAL__sub_I__ZN17ArduinoCloudThingC2Ev
                0x0000616c       0x18 C:\Users\otavi\AppData\Local\Temp\VMicroBuilds\ArduinoIoT1\mkr1000\ArduinoCloud\ArduinoCloudThing.cpp.o
 .text._ZN21ArduinoCloudThingBase7publishEPKcS1_
                0x00006184        0x2 C:\Users\otavi\AppData\Local\Temp\VMicroBuilds\ArduinoIoT1\mkr1000\ArduinoCloud\ArduinoCloudThingBase.cpp.o
                0x00006184                ArduinoCloudThingBase::publish(char const*, char const*)
 .text._ZN21ArduinoCloudThingBase5beginEPKcS1_S1_S1_
                0x00006186        0xc C:\Users\otavi\AppData\Local\Temp\VMicroBuilds\ArduinoIoT1\mkr1000\ArduinoCloud\ArduinoCloudThingBase.cpp.o
                0x00006186                ArduinoCloudThingBase::begin(char const*, char const*, char const*, char const*)
 *fill*         0x00006192        0x2 
 .text._ZN21ArduinoCloudThingBase18buildTopicPropertyEi
                0x00006194       0x4c C:\Users\otavi\AppData\Local\Temp\VMicroBuilds\ArduinoIoT1\mkr1000\ArduinoCloud\ArduinoCloudThingBase.cpp.o
                0x00006194                ArduinoCloudThingBase::buildTopicProperty(int)
 .text._ZN21ArduinoCloudThingBase23updatePropertyFromTopicEPKcS1_
                0x000061e0       0x44 C:\Users\otavi\AppData\Local\Temp\VMicroBuilds\ArduinoIoT1\mkr1000\ArduinoCloud\ArduinoCloudThingBase.cpp.o
                0x000061e0                ArduinoCloudThingBase::updatePropertyFromTopic(char const*, char const*)
 .text._ZN21ArduinoCloudThingBase11enableDebugEv
                0x00006224        0x6 C:\Users\otavi\AppData\Local\Temp\VMicroBuilds\ArduinoIoT1\mkr1000\ArduinoCloud\ArduinoCloudThingBase.cpp.o
                0x00006224                ArduinoCloudThingBase::enableDebug()
 .text._ZN7Network9setClientEP6Client
                0x0000622a        0x4 C:\Users\otavi\AppData\Local\Temp\VMicroBuilds\ArduinoIoT1\mkr1000\ArduinoCloud\lib\Network.cpp.o
                0x0000622a                Network::setClient(Client*)
 .text._ZN7Network7connectEPci
                0x0000622e        0xe C:\Users\otavi\AppData\Local\Temp\VMicroBuilds\ArduinoIoT1\mkr1000\ArduinoCloud\lib\Network.cpp.o
                0x0000622e                Network::connect(char*, int)
 .text._ZN7Network4readEPhii
                0x0000623c       0x3c C:\Users\otavi\AppData\Local\Temp\VMicroBuilds\ArduinoIoT1\mkr1000\ArduinoCloud\lib\Network.cpp.o
                0x0000623c                Network::read(unsigned char*, int, int)
 .text._ZN7Network5writeEPhii
                0x00006278       0x32 C:\Users\otavi\AppData\Local\Temp\VMicroBuilds\ArduinoIoT1\mkr1000\ArduinoCloud\lib\Network.cpp.o
                0x00006278                Network::write(unsigned char*, int, int)
 .text._ZN7Network9connectedEv
                0x000062aa       0x12 C:\Users\otavi\AppData\Local\Temp\VMicroBuilds\ArduinoIoT1\mkr1000\ArduinoCloud\lib\Network.cpp.o
                0x000062aa                Network::connected()
 .text.startup._GLOBAL__sub_I__ZN7Network9setClientEP6Client
                0x000062bc       0x18 C:\Users\otavi\AppData\Local\Temp\VMicroBuilds\ArduinoIoT1\mkr1000\ArduinoCloud\lib\Network.cpp.o
 .text._ZN5TimerC2Ev
                0x000062d4        0x6 C:\Users\otavi\AppData\Local\Temp\VMicroBuilds\ArduinoIoT1\mkr1000\ArduinoCloud\lib\Timer.cpp.o
                0x000062d4                Timer::Timer()
                0x000062d4                Timer::Timer()
 .text._ZN5Timer7expiredEv
                0x000062da       0x1c C:\Users\otavi\AppData\Local\Temp\VMicroBuilds\ArduinoIoT1\mkr1000\ArduinoCloud\lib\Timer.cpp.o
                0x000062da                Timer::expired()
 .text._ZN5Timer12countdown_msEm
                0x000062f6       0x10 C:\Users\otavi\AppData\Local\Temp\VMicroBuilds\ArduinoIoT1\mkr1000\ArduinoCloud\lib\Timer.cpp.o
                0x000062f6                Timer::countdown_ms(unsigned long)
 .text._ZN5TimerC2Ei
                0x00006306        0xc C:\Users\otavi\AppData\Local\Temp\VMicroBuilds\ArduinoIoT1\mkr1000\ArduinoCloud\lib\Timer.cpp.o
                0x00006306                Timer::Timer(int)
                0x00006306                Timer::Timer(int)
 .text._ZN5Timer9countdownEi
                0x00006312        0xe C:\Users\otavi\AppData\Local\Temp\VMicroBuilds\ArduinoIoT1\mkr1000\ArduinoCloud\lib\Timer.cpp.o
                0x00006312                Timer::countdown(int)
 .text._ZN5Timer7left_msEv
                0x00006320        0xc C:\Users\otavi\AppData\Local\Temp\VMicroBuilds\ArduinoIoT1\mkr1000\ArduinoCloud\lib\Timer.cpp.o
                0x00006320                Timer::left_ms()
 .text.MQTTSerialize_connectLength
                0x0000632c       0x7e C:\Users\otavi\AppData\Local\Temp\VMicroBuilds\ArduinoIoT1\mkr1000\ArduinoCloud\lib\mqtt\MQTTConnectClient.c.o
                0x0000632c                MQTTSerialize_connectLength
 *fill*         0x000063aa        0x2 
 .text.MQTTSerialize_connect
                0x000063ac      0x110 C:\Users\otavi\AppData\Local\Temp\VMicroBuilds\ArduinoIoT1\mkr1000\ArduinoCloud\lib\mqtt\MQTTConnectClient.c.o
                0x000063ac                MQTTSerialize_connect
 .text.MQTTDeserialize_connack
                0x000064bc       0x44 C:\Users\otavi\AppData\Local\Temp\VMicroBuilds\ArduinoIoT1\mkr1000\ArduinoCloud\lib\mqtt\MQTTConnectClient.c.o
                0x000064bc                MQTTDeserialize_connack
 .text.MQTTSerialize_zero
                0x00006500       0x2e C:\Users\otavi\AppData\Local\Temp\VMicroBuilds\ArduinoIoT1\mkr1000\ArduinoCloud\lib\mqtt\MQTTConnectClient.c.o
                0x00006500                MQTTSerialize_zero
 .text.MQTTSerialize_disconnect
                0x0000652e        0xa C:\Users\otavi\AppData\Local\Temp\VMicroBuilds\ArduinoIoT1\mkr1000\ArduinoCloud\lib\mqtt\MQTTConnectClient.c.o
                0x0000652e                MQTTSerialize_disconnect
 .text.MQTTSerialize_pingreq
                0x00006538        0xa C:\Users\otavi\AppData\Local\Temp\VMicroBuilds\ArduinoIoT1\mkr1000\ArduinoCloud\lib\mqtt\MQTTConnectClient.c.o
                0x00006538                MQTTSerialize_pingreq
 .text.MQTTDeserialize_publish
                0x00006542       0x80 C:\Users\otavi\AppData\Local\Temp\VMicroBuilds\ArduinoIoT1\mkr1000\ArduinoCloud\lib\mqtt\MQTTDeserializePublish.c.o
                0x00006542                MQTTDeserialize_publish
 *fill*         0x000065c2        0x2 
 .text.bufchar  0x000065c4       0x28 C:\Users\otavi\AppData\Local\Temp\VMicroBuilds\ArduinoIoT1\mkr1000\ArduinoCloud\lib\mqtt\MQTTPacket.c.o
                0x000065c4                bufchar
 .text.MQTTPacket_encode
                0x000065ec       0x3c C:\Users\otavi\AppData\Local\Temp\VMicroBuilds\ArduinoIoT1\mkr1000\ArduinoCloud\lib\mqtt\MQTTPacket.c.o
                0x000065ec                MQTTPacket_encode
 .text.MQTTPacket_decode
                0x00006628       0x40 C:\Users\otavi\AppData\Local\Temp\VMicroBuilds\ArduinoIoT1\mkr1000\ArduinoCloud\lib\mqtt\MQTTPacket.c.o
                0x00006628                MQTTPacket_decode
 .text.MQTTPacket_len
                0x00006668       0x28 C:\Users\otavi\AppData\Local\Temp\VMicroBuilds\ArduinoIoT1\mkr1000\ArduinoCloud\lib\mqtt\MQTTPacket.c.o
                0x00006668                MQTTPacket_len
 .text.MQTTPacket_decodeBuf
                0x00006690       0x18 C:\Users\otavi\AppData\Local\Temp\VMicroBuilds\ArduinoIoT1\mkr1000\ArduinoCloud\lib\mqtt\MQTTPacket.c.o
                0x00006690                MQTTPacket_decodeBuf
 .text.readInt  0x000066a8       0x12 C:\Users\otavi\AppData\Local\Temp\VMicroBuilds\ArduinoIoT1\mkr1000\ArduinoCloud\lib\mqtt\MQTTPacket.c.o
                0x000066a8                readInt
 .text.readChar
                0x000066ba        0xc C:\Users\otavi\AppData\Local\Temp\VMicroBuilds\ArduinoIoT1\mkr1000\ArduinoCloud\lib\mqtt\MQTTPacket.c.o
                0x000066ba                readChar
 .text.writeChar
                0x000066c6        0xc C:\Users\otavi\AppData\Local\Temp\VMicroBuilds\ArduinoIoT1\mkr1000\ArduinoCloud\lib\mqtt\MQTTPacket.c.o
                0x000066c6                writeChar
 *fill*         0x000066d2        0x2 
 .text.writeInt
                0x000066d4       0x34 C:\Users\otavi\AppData\Local\Temp\VMicroBuilds\ArduinoIoT1\mkr1000\ArduinoCloud\lib\mqtt\MQTTPacket.c.o
                0x000066d4                writeInt
 .text.writeCString
                0x00006708       0x28 C:\Users\otavi\AppData\Local\Temp\VMicroBuilds\ArduinoIoT1\mkr1000\ArduinoCloud\lib\mqtt\MQTTPacket.c.o
                0x00006708                writeCString
 .text.writeMQTTString
                0x00006730       0x36 C:\Users\otavi\AppData\Local\Temp\VMicroBuilds\ArduinoIoT1\mkr1000\ArduinoCloud\lib\mqtt\MQTTPacket.c.o
                0x00006730                writeMQTTString
 .text.readMQTTLenString
                0x00006766       0x34 C:\Users\otavi\AppData\Local\Temp\VMicroBuilds\ArduinoIoT1\mkr1000\ArduinoCloud\lib\mqtt\MQTTPacket.c.o
                0x00006766                readMQTTLenString
 .text.MQTTstrlen
                0x0000679a       0x14 C:\Users\otavi\AppData\Local\Temp\VMicroBuilds\ArduinoIoT1\mkr1000\ArduinoCloud\lib\mqtt\MQTTPacket.c.o
                0x0000679a                MQTTstrlen
 .text.MQTTSerialize_publishLength
                0x000067ae       0x1e C:\Users\otavi\AppData\Local\Temp\VMicroBuilds\ArduinoIoT1\mkr1000\ArduinoCloud\lib\mqtt\MQTTSerializePublish.c.o
                0x000067ae                MQTTSerialize_publishLength
 .text.MQTTSerialize_publish
                0x000067cc       0x96 C:\Users\otavi\AppData\Local\Temp\VMicroBuilds\ArduinoIoT1\mkr1000\ArduinoCloud\lib\mqtt\MQTTSerializePublish.c.o
                0x000067cc                MQTTSerialize_publish
 .text.MQTTSerialize_subscribeLength
                0x00006862       0x2a C:\Users\otavi\AppData\Local\Temp\VMicroBuilds\ArduinoIoT1\mkr1000\ArduinoCloud\lib\mqtt\MQTTSubscribeClient.c.o
                0x00006862                MQTTSerialize_subscribeLength
 .text.MQTTSerialize_subscribe
                0x0000688c       0x86 C:\Users\otavi\AppData\Local\Temp\VMicroBuilds\ArduinoIoT1\mkr1000\ArduinoCloud\lib\mqtt\MQTTSubscribeClient.c.o
                0x0000688c                MQTTSerialize_subscribe
 .text.MQTTDeserialize_suback
                0x00006912       0x72 C:\Users\otavi\AppData\Local\Temp\VMicroBuilds\ArduinoIoT1\mkr1000\ArduinoCloud\lib\mqtt\MQTTSubscribeClient.c.o
                0x00006912                MQTTDeserialize_suback
 .text._ZN12FirmataClass23sendValueAsTwo7bitBytesEi
                0x00006984       0x20 C:\Users\otavi\AppData\Local\Temp\VMicroBuilds\ArduinoIoT1\mkr1000\Firmata\Firmata.cpp.o
                0x00006984                FirmataClass::sendValueAsTwo7bitBytes(int)
 .text._ZN12FirmataClass10startSysexEv
                0x000069a4        0xe C:\Users\otavi\AppData\Local\Temp\VMicroBuilds\ArduinoIoT1\mkr1000\Firmata\Firmata.cpp.o
                0x000069a4                FirmataClass::startSysex()
 .text._ZN12FirmataClass8endSysexEv
                0x000069b2        0xe C:\Users\otavi\AppData\Local\Temp\VMicroBuilds\ArduinoIoT1\mkr1000\Firmata\Firmata.cpp.o
                0x000069b2                FirmataClass::endSysex()
 .text._ZN12FirmataClass12printVersionEv
                0x000069c0       0x24 C:\Users\otavi\AppData\Local\Temp\VMicroBuilds\ArduinoIoT1\mkr1000\Firmata\Firmata.cpp.o
                0x000069c0                FirmataClass::printVersion()
 .text._ZN12FirmataClass20printFirmwareVersionEv
                0x000069e4       0x50 C:\Users\otavi\AppData\Local\Temp\VMicroBuilds\ArduinoIoT1\mkr1000\Firmata\Firmata.cpp.o
                0x000069e4                FirmataClass::printFirmwareVersion()
 .text._ZN12FirmataClass5beginEl
                0x00006a34       0x20 C:\Users\otavi\AppData\Local\Temp\VMicroBuilds\ArduinoIoT1\mkr1000\Firmata\Firmata.cpp.o
                0x00006a34                FirmataClass::begin(long)
 .text._ZN12FirmataClass25setFirmwareNameAndVersionEPKchh
                0x00006a54       0x70 C:\Users\otavi\AppData\Local\Temp\VMicroBuilds\ArduinoIoT1\mkr1000\Firmata\Firmata.cpp.o
                0x00006a54                FirmataClass::setFirmwareNameAndVersion(char const*, unsigned char, unsigned char)
 .text._ZN12FirmataClass9availableEv
                0x00006ac4        0xc C:\Users\otavi\AppData\Local\Temp\VMicroBuilds\ArduinoIoT1\mkr1000\Firmata\Firmata.cpp.o
                0x00006ac4                FirmataClass::available()
 .text._ZN12FirmataClass19processSysexMessageEv
                0x00006ad0       0x72 C:\Users\otavi\AppData\Local\Temp\VMicroBuilds\ArduinoIoT1\mkr1000\Firmata\Firmata.cpp.o
                0x00006ad0                FirmataClass::processSysexMessage()
 .text._ZN12FirmataClass10sendAnalogEhi
                0x00006b42       0x20 C:\Users\otavi\AppData\Local\Temp\VMicroBuilds\ArduinoIoT1\mkr1000\Firmata\Firmata.cpp.o
                0x00006b42                FirmataClass::sendAnalog(unsigned char, int)
 .text._ZN12FirmataClass15sendDigitalPortEhi
                0x00006b62       0x30 C:\Users\otavi\AppData\Local\Temp\VMicroBuilds\ArduinoIoT1\mkr1000\Firmata\Firmata.cpp.o
                0x00006b62                FirmataClass::sendDigitalPort(unsigned char, int)
 .text._ZN12FirmataClass9sendSysexEhhPh
                0x00006b92       0x36 C:\Users\otavi\AppData\Local\Temp\VMicroBuilds\ArduinoIoT1\mkr1000\Firmata\Firmata.cpp.o
                0x00006b92                FirmataClass::sendSysex(unsigned char, unsigned char, unsigned char*)
 .text._ZN12FirmataClass10sendStringEhPKc
                0x00006bc8       0x20 C:\Users\otavi\AppData\Local\Temp\VMicroBuilds\ArduinoIoT1\mkr1000\Firmata\Firmata.cpp.o
                0x00006bc8                FirmataClass::sendString(unsigned char, char const*)
 .text._ZN12FirmataClass10sendStringEPKc
                0x00006be8        0xc C:\Users\otavi\AppData\Local\Temp\VMicroBuilds\ArduinoIoT1\mkr1000\Firmata\Firmata.cpp.o
                0x00006be8                FirmataClass::sendString(char const*)
 .text._ZN12FirmataClass5writeEh
                0x00006bf4        0xc C:\Users\otavi\AppData\Local\Temp\VMicroBuilds\ArduinoIoT1\mkr1000\Firmata\Firmata.cpp.o
                0x00006bf4                FirmataClass::write(unsigned char)
 .text._ZN12FirmataClass6attachEhPFvhiE
                0x00006c00       0x34 C:\Users\otavi\AppData\Local\Temp\VMicroBuilds\ArduinoIoT1\mkr1000\Firmata\Firmata.cpp.o
                0x00006c00                FirmataClass::attach(unsigned char, void (*)(unsigned char, int))
 .text._ZN12FirmataClass6attachEhPFvvE
                0x00006c34        0xa C:\Users\otavi\AppData\Local\Temp\VMicroBuilds\ArduinoIoT1\mkr1000\Firmata\Firmata.cpp.o
                0x00006c34                FirmataClass::attach(unsigned char, void (*)())
 .text._ZN12FirmataClass6attachEhPFvhhPhE
                0x00006c3e        0x6 C:\Users\otavi\AppData\Local\Temp\VMicroBuilds\ArduinoIoT1\mkr1000\Firmata\Firmata.cpp.o
                0x00006c3e                FirmataClass::attach(unsigned char, void (*)(unsigned char, unsigned char, unsigned char*))
 .text._ZN12FirmataClass11systemResetEv
                0x00006c44       0x2a C:\Users\otavi\AppData\Local\Temp\VMicroBuilds\ArduinoIoT1\mkr1000\Firmata\Firmata.cpp.o
                0x00006c44                FirmataClass::systemReset()
 .text._ZN12FirmataClassC2Ev
                0x00006c6e       0x18 C:\Users\otavi\AppData\Local\Temp\VMicroBuilds\ArduinoIoT1\mkr1000\Firmata\Firmata.cpp.o
                0x00006c6e                FirmataClass::FirmataClass()
                0x00006c6e                FirmataClass::FirmataClass()
 *fill*         0x00006c86        0x2 
 .text._ZN12FirmataClass5parseEh
                0x00006c88      0x114 C:\Users\otavi\AppData\Local\Temp\VMicroBuilds\ArduinoIoT1\mkr1000\Firmata\Firmata.cpp.o
                0x00006c88                FirmataClass::parse(unsigned char)
 .text._ZN12FirmataClass12processInputEv
                0x00006d9c       0x1a C:\Users\otavi\AppData\Local\Temp\VMicroBuilds\ArduinoIoT1\mkr1000\Firmata\Firmata.cpp.o
                0x00006d9c                FirmataClass::processInput()
 *fill*         0x00006db6        0x2 
 .text.startup._GLOBAL__sub_I__ZN12FirmataClass23sendValueAsTwo7bitBytesEi
                0x00006db8       0x10 C:\Users\otavi\AppData\Local\Temp\VMicroBuilds\ArduinoIoT1\mkr1000\Firmata\Firmata.cpp.o
 .text.startup._GLOBAL__sub_I__ZN20EthernetClientStreamC2ER6Client9IPAddressS2_PKct
                0x00006dc8       0x18 C:\Users\otavi\AppData\Local\Temp\VMicroBuilds\ArduinoIoT1\mkr1000\Firmata\utility\EthernetClientStream.cpp.o
 .text._ZN8SPIClass4initEv
                0x00006de0       0x12 C:\Users\otavi\AppData\Local\Temp\VMicroBuilds\ArduinoIoT1\mkr1000\SPI\SPI.cpp.o
                0x00006de0                SPIClass::init()
 .text._ZN8SPIClass6configE11SPISettings
                0x00006df2       0x36 C:\Users\otavi\AppData\Local\Temp\VMicroBuilds\ArduinoIoT1\mkr1000\SPI\SPI.cpp.o
                0x00006df2                SPIClass::config(SPISettings)
 .text._ZN8SPIClass5beginEv
                0x00006e28       0x50 C:\Users\otavi\AppData\Local\Temp\VMicroBuilds\ArduinoIoT1\mkr1000\SPI\SPI.cpp.o
                0x00006e28                SPIClass::begin()
 .text._ZN8SPIClass3endEv
                0x00006e78       0x10 C:\Users\otavi\AppData\Local\Temp\VMicroBuilds\ArduinoIoT1\mkr1000\SPI\SPI.cpp.o
                0x00006e78                SPIClass::end()
 .text._ZN8SPIClass16beginTransactionE11SPISettings
                0x00006e88       0x3c C:\Users\otavi\AppData\Local\Temp\VMicroBuilds\ArduinoIoT1\mkr1000\SPI\SPI.cpp.o
                0x00006e88                SPIClass::beginTransaction(SPISettings)
 .text._ZN8SPIClass14endTransactionEv
                0x00006ec4       0x28 C:\Users\otavi\AppData\Local\Temp\VMicroBuilds\ArduinoIoT1\mkr1000\SPI\SPI.cpp.o
                0x00006ec4                SPIClass::endTransaction()
 .text._ZN8SPIClass8transferEh
                0x00006eec       0x14 C:\Users\otavi\AppData\Local\Temp\VMicroBuilds\ArduinoIoT1\mkr1000\SPI\SPI.cpp.o
                0x00006eec                SPIClass::transfer(unsigned char)
 .text.startup._GLOBAL__sub_I__ZN8SPIClassC2EP6SERCOMhhh14SercomSpiTXPad11SercomRXPad
                0x00006f00       0x58 C:\Users\otavi\AppData\Local\Temp\VMicroBuilds\ArduinoIoT1\mkr1000\SPI\SPI.cpp.o
 .text._ZN16VisualMicroDebug14outPacketStartEb
                0x00006f58       0x24 C:\Users\otavi\AppData\Local\Temp\VMicroBuilds\ArduinoIoT1\mkr1000\VM_DBG\VM_DBG.cpp.o
                0x00006f58                VisualMicroDebug::outPacketStart(bool)
 .text._ZN16VisualMicroDebug14outPacketStartEv
                0x00006f7c        0xa C:\Users\otavi\AppData\Local\Temp\VMicroBuilds\ArduinoIoT1\mkr1000\VM_DBG\VM_DBG.cpp.o
                0x00006f7c                VisualMicroDebug::outPacketStart()
 .text._ZN16VisualMicroDebug5beginEP7Serial_m
                0x00006f86       0x2e C:\Users\otavi\AppData\Local\Temp\VMicroBuilds\ArduinoIoT1\mkr1000\VM_DBG\VM_DBG.cpp.o
                0x00006f86                VisualMicroDebug::begin(Serial_*, unsigned long)
 .text._ZN16VisualMicroDebug4initEm
                0x00006fb4       0x14 C:\Users\otavi\AppData\Local\Temp\VMicroBuilds\ArduinoIoT1\mkr1000\VM_DBG\VM_DBG.cpp.o
                0x00006fb4                VisualMicroDebug::init(unsigned long)
 .text._ZN16VisualMicroDebug16sendContinuedACKEh
                0x00006fc8       0x30 C:\Users\otavi\AppData\Local\Temp\VMicroBuilds\ArduinoIoT1\mkr1000\VM_DBG\VM_DBG.cpp.o
                0x00006fc8                VisualMicroDebug::sendContinuedACK(unsigned char)
 .text._ZN16VisualMicroDebug9breakWaitEh
                0x00006ff8       0x54 C:\Users\otavi\AppData\Local\Temp\VMicroBuilds\ArduinoIoT1\mkr1000\VM_DBG\VM_DBG.cpp.o
                0x00006ff8                VisualMicroDebug::breakWait(unsigned char)
 .text._ZN16VisualMicroDebug5startEbb
                0x0000704c       0x18 C:\Users\otavi\AppData\Local\Temp\VMicroBuilds\ArduinoIoT1\mkr1000\VM_DBG\VM_DBG.cpp.o
                0x0000704c                VisualMicroDebug::start(bool, bool)
 .text._ZN7TwoWire5writeEPKhj
                0x00007064       0x24 C:\Users\otavi\AppData\Local\Temp\VMicroBuilds\ArduinoIoT1\mkr1000\Wire\Wire.cpp.o
                0x00007064                TwoWire::write(unsigned char const*, unsigned int)
 .text._ZN7TwoWire5flushEv
                0x00007088        0x2 C:\Users\otavi\AppData\Local\Temp\VMicroBuilds\ArduinoIoT1\mkr1000\Wire\Wire.cpp.o
                0x00007088                TwoWire::flush()
 .text._ZN7TwoWire4readEv
                0x0000708a        0xa C:\Users\otavi\AppData\Local\Temp\VMicroBuilds\ArduinoIoT1\mkr1000\Wire\Wire.cpp.o
                0x0000708a                TwoWire::read()
 .text._ZN7TwoWire9availableEv
                0x00007094        0xa C:\Users\otavi\AppData\Local\Temp\VMicroBuilds\ArduinoIoT1\mkr1000\Wire\Wire.cpp.o
                0x00007094                TwoWire::available()
 .text._ZN7TwoWire4peekEv
                0x0000709e        0xa C:\Users\otavi\AppData\Local\Temp\VMicroBuilds\ArduinoIoT1\mkr1000\Wire\Wire.cpp.o
                0x0000709e                TwoWire::peek()
 .text._ZN7TwoWire5writeEh
                0x000070a8       0x3c C:\Users\otavi\AppData\Local\Temp\VMicroBuilds\ArduinoIoT1\mkr1000\Wire\Wire.cpp.o
                0x000070a8                TwoWire::write(unsigned char)
 .text._ZN7TwoWireC2EP6SERCOMhh
                0x000070e4       0x3c C:\Users\otavi\AppData\Local\Temp\VMicroBuilds\ArduinoIoT1\mkr1000\Wire\Wire.cpp.o
                0x000070e4                TwoWire::TwoWire(SERCOM*, unsigned char, unsigned char)
                0x000070e4                TwoWire::TwoWire(SERCOM*, unsigned char, unsigned char)
 .text._ZN7TwoWire5beginEv
                0x00007120       0x40 C:\Users\otavi\AppData\Local\Temp\VMicroBuilds\ArduinoIoT1\mkr1000\Wire\Wire.cpp.o
                0x00007120                TwoWire::begin()
 .text._ZN7TwoWire11requestFromEhjb
                0x00007160       0x76 C:\Users\otavi\AppData\Local\Temp\VMicroBuilds\ArduinoIoT1\mkr1000\Wire\Wire.cpp.o
                0x00007160                TwoWire::requestFrom(unsigned char, unsigned int, bool)
 .text._ZN7TwoWire11requestFromEhj
                0x000071d6        0xa C:\Users\otavi\AppData\Local\Temp\VMicroBuilds\ArduinoIoT1\mkr1000\Wire\Wire.cpp.o
                0x000071d6                TwoWire::requestFrom(unsigned char, unsigned int)
 .text._ZN7TwoWire17beginTransmissionEh
                0x000071e0       0x16 C:\Users\otavi\AppData\Local\Temp\VMicroBuilds\ArduinoIoT1\mkr1000\Wire\Wire.cpp.o
                0x000071e0                TwoWire::beginTransmission(unsigned char)
 .text._ZN7TwoWire15endTransmissionEb
                0x000071f6       0x66 C:\Users\otavi\AppData\Local\Temp\VMicroBuilds\ArduinoIoT1\mkr1000\Wire\Wire.cpp.o
                0x000071f6                TwoWire::endTransmission(bool)
 .text._ZN7TwoWire15endTransmissionEv
                0x0000725c        0xa C:\Users\otavi\AppData\Local\Temp\VMicroBuilds\ArduinoIoT1\mkr1000\Wire\Wire.cpp.o
                0x0000725c                TwoWire::endTransmission()
 .text._ZN7TwoWire9onServiceEv
                0x00007266       0xd8 C:\Users\otavi\AppData\Local\Temp\VMicroBuilds\ArduinoIoT1\mkr1000\Wire\Wire.cpp.o
                0x00007266                TwoWire::onService()
 *fill*         0x0000733e        0x2 
 .text.SERCOM0_Handler
                0x00007340       0x10 C:\Users\otavi\AppData\Local\Temp\VMicroBuilds\ArduinoIoT1\mkr1000\Wire\Wire.cpp.o
                0x00007340                SERCOM0_Handler
 .text.startup._GLOBAL__sub_I__ZN7TwoWireC2EP6SERCOMhh
                0x00007350       0x18 C:\Users\otavi\AppData\Local\Temp\VMicroBuilds\ArduinoIoT1\mkr1000\Wire\Wire.cpp.o
 .text.Dummy_Handler
                0x00007368        0x2 C:\Users\otavi\AppData\Local\Temp\VMicroBuilds\ArduinoIoT1\mkr1000/core.a(cortex_handlers.c.o)
                0x00007368                DMAC_Handler
                0x00007368                HardFault_Handler
                0x00007368                AC_Handler
                0x00007368                PendSV_Handler
                0x00007368                NMI_Handler
                0x00007368                TC7_Handler
                0x00007368                SERCOM1_Handler
                0x00007368                ADC_Handler
                0x00007368                TCC1_Handler
                0x00007368                SERCOM2_Handler
                0x00007368                TCC0_Handler
                0x00007368                RTC_Handler
                0x00007368                TC6_Handler
                0x00007368                WDT_Handler
                0x00007368                TC3_Handler
                0x00007368                Dummy_Handler
                0x00007368                PM_Handler
                0x00007368                SVC_Handler
                0x00007368                TCC2_Handler
                0x00007368                EVSYS_Handler
                0x00007368                SERCOM3_Handler
                0x00007368                SERCOM4_Handler
                0x00007368                I2S_Handler
                0x00007368                NVMCTRL_Handler
                0x00007368                DAC_Handler
                0x00007368                PTC_Handler
                0x00007368                SYSCTRL_Handler
 *fill*         0x0000736a        0x2 
 .text.USB_Handler
                0x0000736c       0x14 C:\Users\otavi\AppData\Local\Temp\VMicroBuilds\ArduinoIoT1\mkr1000/core.a(cortex_handlers.c.o)
                0x0000736c                USB_Handler
 .text.Reset_Handler
                0x00007380       0x58 C:\Users\otavi\AppData\Local\Temp\VMicroBuilds\ArduinoIoT1\mkr1000/core.a(cortex_handlers.c.o)
                0x00007380                Reset_Handler
 .text.SysTick_Handler
                0x000073d8       0x10 C:\Users\otavi\AppData\Local\Temp\VMicroBuilds\ArduinoIoT1\mkr1000/core.a(cortex_handlers.c.o)
                0x000073d8                SysTick_Handler
 .text.USB_SetHandler
                0x000073e8        0xc C:\Users\otavi\AppData\Local\Temp\VMicroBuilds\ArduinoIoT1\mkr1000/core.a(cortex_handlers.c.o)
                0x000073e8                USB_SetHandler
 .text.millis   0x000073f4        0xc C:\Users\otavi\AppData\Local\Temp\VMicroBuilds\ArduinoIoT1\mkr1000/core.a(delay.c.o)
                0x000073f4                millis
 .text.delay    0x00007400       0x20 C:\Users\otavi\AppData\Local\Temp\VMicroBuilds\ArduinoIoT1\mkr1000/core.a(delay.c.o)
                0x00007400                delay
 .text.SysTick_DefaultHandler
                0x00007420       0x14 C:\Users\otavi\AppData\Local\Temp\VMicroBuilds\ArduinoIoT1\mkr1000/core.a(delay.c.o)
                0x00007420                SysTick_DefaultHandler
 .text.__empty  0x00007434        0x2 C:\Users\otavi\AppData\Local\Temp\VMicroBuilds\ArduinoIoT1\mkr1000/core.a(hooks.c.o)
                0x00007434                yield
 .text.__false  0x00007436        0x4 C:\Users\otavi\AppData\Local\Temp\VMicroBuilds\ArduinoIoT1\mkr1000/core.a(hooks.c.o)
                0x00007436                sysTickHook
 *fill*         0x0000743a        0x2 
 .text.SystemInit
                0x0000743c      0x16c C:\Users\otavi\AppData\Local\Temp\VMicroBuilds\ArduinoIoT1\mkr1000/core.a(startup.c.o)
                0x0000743c                SystemInit
 .text.attachInterrupt
                0x000075a8      0x108 C:\Users\otavi\AppData\Local\Temp\VMicroBuilds\ArduinoIoT1\mkr1000/core.a(WInterrupts.c.o)
                0x000075a8                attachInterrupt
 .text.detachInterrupt
                0x000076b0       0x30 C:\Users\otavi\AppData\Local\Temp\VMicroBuilds\ArduinoIoT1\mkr1000/core.a(WInterrupts.c.o)
                0x000076b0                detachInterrupt
 .text.EIC_Handler
                0x000076e0       0x30 C:\Users\otavi\AppData\Local\Temp\VMicroBuilds\ArduinoIoT1\mkr1000/core.a(WInterrupts.c.o)
                0x000076e0                EIC_Handler
 .text.init     0x00007710       0xe4 C:\Users\otavi\AppData\Local\Temp\VMicroBuilds\ArduinoIoT1\mkr1000/core.a(wiring.c.o)
                0x00007710                init
 .text.mapResolution
                0x000077f4       0x12 C:\Users\otavi\AppData\Local\Temp\VMicroBuilds\ArduinoIoT1\mkr1000/core.a(wiring_analog.c.o)
 *fill*         0x00007806        0x2 
 .text.analogReference
                0x00007808       0x5c C:\Users\otavi\AppData\Local\Temp\VMicroBuilds\ArduinoIoT1\mkr1000/core.a(wiring_analog.c.o)
                0x00007808                analogReference
 .text.analogRead
                0x00007864       0xd8 C:\Users\otavi\AppData\Local\Temp\VMicroBuilds\ArduinoIoT1\mkr1000/core.a(wiring_analog.c.o)
                0x00007864                analogRead
 .text.analogWrite
                0x0000793c      0x19c C:\Users\otavi\AppData\Local\Temp\VMicroBuilds\ArduinoIoT1\mkr1000/core.a(wiring_analog.c.o)
                0x0000793c                analogWrite
 .text.pinMode  0x00007ad8       0xb8 C:\Users\otavi\AppData\Local\Temp\VMicroBuilds\ArduinoIoT1\mkr1000/core.a(wiring_digital.c.o)
                0x00007ad8                pinMode
 .text.digitalWrite
                0x00007b90       0x44 C:\Users\otavi\AppData\Local\Temp\VMicroBuilds\ArduinoIoT1\mkr1000/core.a(wiring_digital.c.o)
                0x00007b90                digitalWrite
 .text.digitalRead
                0x00007bd4       0x30 C:\Users\otavi\AppData\Local\Temp\VMicroBuilds\ArduinoIoT1\mkr1000/core.a(wiring_digital.c.o)
                0x00007bd4                digitalRead
 .text.pinPeripheral
                0x00007c04       0xc4 C:\Users\otavi\AppData\Local\Temp\VMicroBuilds\ArduinoIoT1\mkr1000/core.a(wiring_private.c.o)
                0x00007c04                pinPeripheral
 .text._ZNK9IPAddress7printToER5Print
                0x00007cc8       0x3c C:\Users\otavi\AppData\Local\Temp\VMicroBuilds\ArduinoIoT1\mkr1000/core.a(IPAddress.cpp.o)
                0x00007cc8                IPAddress::printTo(Print&) const
 .text._ZN9IPAddressC2Ev
                0x00007d04       0x10 C:\Users\otavi\AppData\Local\Temp\VMicroBuilds\ArduinoIoT1\mkr1000/core.a(IPAddress.cpp.o)
                0x00007d04                IPAddress::IPAddress()
                0x00007d04                IPAddress::IPAddress()
 .text._ZN9IPAddressC2Ehhhh
                0x00007d14       0x1c C:\Users\otavi\AppData\Local\Temp\VMicroBuilds\ArduinoIoT1\mkr1000/core.a(IPAddress.cpp.o)
                0x00007d14                IPAddress::IPAddress(unsigned char, unsigned char, unsigned char, unsigned char)
                0x00007d14                IPAddress::IPAddress(unsigned char, unsigned char, unsigned char, unsigned char)
 .text._ZN9IPAddress10fromStringEPKc
                0x00007d30       0x4c C:\Users\otavi\AppData\Local\Temp\VMicroBuilds\ArduinoIoT1\mkr1000/core.a(IPAddress.cpp.o)
                0x00007d30                IPAddress::fromString(char const*)
 .text._ZN9IPAddressaSEm
                0x00007d7c        0x4 C:\Users\otavi\AppData\Local\Temp\VMicroBuilds\ArduinoIoT1\mkr1000/core.a(IPAddress.cpp.o)
                0x00007d7c                IPAddress::operator=(unsigned long)
 .text.startup._GLOBAL__sub_I__ZN9IPAddressC2Ev
                0x00007d80       0x1c C:\Users\otavi\AppData\Local\Temp\VMicroBuilds\ArduinoIoT1\mkr1000/core.a(IPAddress.cpp.o)
 .text._Z11initVariantv
                0x00007d9c        0x2 C:\Users\otavi\AppData\Local\Temp\VMicroBuilds\ArduinoIoT1\mkr1000/core.a(main.cpp.o)
                0x00007d9c                initVariant()
 *fill*         0x00007d9e        0x2 
 .text.startup.main
                0x00007da0       0x3c C:\Users\otavi\AppData\Local\Temp\VMicroBuilds\ArduinoIoT1\mkr1000/core.a(main.cpp.o)
                0x00007da0                main
 .text._Znwj    0x00007ddc        0x8 C:\Users\otavi\AppData\Local\Temp\VMicroBuilds\ArduinoIoT1\mkr1000/core.a(new.cpp.o)
                0x00007ddc                operator new(unsigned int)
 .text._ZN5Print5writeEPKhj
                0x00007de4       0x28 C:\Users\otavi\AppData\Local\Temp\VMicroBuilds\ArduinoIoT1\mkr1000/core.a(Print.cpp.o)
                0x00007de4                Print::write(unsigned char const*, unsigned int)
 .text._ZN5Print5writeEPKc
                0x00007e0c       0x1c C:\Users\otavi\AppData\Local\Temp\VMicroBuilds\ArduinoIoT1\mkr1000/core.a(Print.cpp.o)
                0x00007e0c                Print::write(char const*)
 .text._ZN5Print5printERK6String
                0x00007e28       0x10 C:\Users\otavi\AppData\Local\Temp\VMicroBuilds\ArduinoIoT1\mkr1000/core.a(Print.cpp.o)
                0x00007e28                Print::print(String const&)
 .text._ZN5Print5printEPKc
                0x00007e38        0x8 C:\Users\otavi\AppData\Local\Temp\VMicroBuilds\ArduinoIoT1\mkr1000/core.a(Print.cpp.o)
                0x00007e38                Print::print(char const*)
 .text._ZN5Print5printEc
                0x00007e40        0xa C:\Users\otavi\AppData\Local\Temp\VMicroBuilds\ArduinoIoT1\mkr1000/core.a(Print.cpp.o)
                0x00007e40                Print::print(char)
 *fill*         0x00007e4a        0x2 
 .text._ZN5Print7printlnEv
                0x00007e4c       0x10 C:\Users\otavi\AppData\Local\Temp\VMicroBuilds\ArduinoIoT1\mkr1000/core.a(Print.cpp.o)
                0x00007e4c                Print::println()
 .text._ZN5Print7printlnERK6String
                0x00007e5c       0x14 C:\Users\otavi\AppData\Local\Temp\VMicroBuilds\ArduinoIoT1\mkr1000/core.a(Print.cpp.o)
                0x00007e5c                Print::println(String const&)
 .text._ZN5Print7printlnEPKc
                0x00007e70       0x14 C:\Users\otavi\AppData\Local\Temp\VMicroBuilds\ArduinoIoT1\mkr1000/core.a(Print.cpp.o)
                0x00007e70                Print::println(char const*)
 .text._ZN5Print11printNumberEmh
                0x00007e84       0x4e C:\Users\otavi\AppData\Local\Temp\VMicroBuilds\ArduinoIoT1\mkr1000/core.a(Print.cpp.o)
                0x00007e84                Print::printNumber(unsigned long, unsigned char)
 .text._ZN5Print5printEmi
                0x00007ed2       0x18 C:\Users\otavi\AppData\Local\Temp\VMicroBuilds\ArduinoIoT1\mkr1000/core.a(Print.cpp.o)
                0x00007ed2                Print::print(unsigned long, int)
 .text._ZN5Print5printEhi
                0x00007eea        0x8 C:\Users\otavi\AppData\Local\Temp\VMicroBuilds\ArduinoIoT1\mkr1000/core.a(Print.cpp.o)
                0x00007eea                Print::print(unsigned char, int)
 *fill*         0x00007ef2        0x2 
 .text.initiateReset
                0x00007ef4        0xc C:\Users\otavi\AppData\Local\Temp\VMicroBuilds\ArduinoIoT1\mkr1000/core.a(Reset.cpp.o)
                0x00007ef4                initiateReset
 .text.cancelReset
                0x00007f00       0x10 C:\Users\otavi\AppData\Local\Temp\VMicroBuilds\ArduinoIoT1\mkr1000/core.a(Reset.cpp.o)
                0x00007f00                cancelReset
 .text.tickReset
                0x00007f10       0x5c C:\Users\otavi\AppData\Local\Temp\VMicroBuilds\ArduinoIoT1\mkr1000/core.a(Reset.cpp.o)
                0x00007f10                tickReset
 .text._ZN10RingBufferC2Ev
                0x00007f6c       0x16 C:\Users\otavi\AppData\Local\Temp\VMicroBuilds\ArduinoIoT1\mkr1000/core.a(RingBuffer.cpp.o)
                0x00007f6c                RingBuffer::RingBuffer()
                0x00007f6c                RingBuffer::RingBuffer()
 .text._ZN10RingBuffer10store_charEh
                0x00007f82       0x16 C:\Users\otavi\AppData\Local\Temp\VMicroBuilds\ArduinoIoT1\mkr1000/core.a(RingBuffer.cpp.o)
                0x00007f82                RingBuffer::store_char(unsigned char)
 .text._ZN10RingBuffer5clearEv
                0x00007f98        0x8 C:\Users\otavi\AppData\Local\Temp\VMicroBuilds\ArduinoIoT1\mkr1000/core.a(RingBuffer.cpp.o)
                0x00007f98                RingBuffer::clear()
 .text._ZN10RingBuffer9read_charEv
                0x00007fa0       0x1c C:\Users\otavi\AppData\Local\Temp\VMicroBuilds\ArduinoIoT1\mkr1000/core.a(RingBuffer.cpp.o)
                0x00007fa0                RingBuffer::read_char()
 .text._ZN10RingBuffer9availableEv
                0x00007fbc        0xc C:\Users\otavi\AppData\Local\Temp\VMicroBuilds\ArduinoIoT1\mkr1000/core.a(RingBuffer.cpp.o)
                0x00007fbc                RingBuffer::available()
 .text._ZN10RingBuffer4peekEv
                0x00007fc8       0x12 C:\Users\otavi\AppData\Local\Temp\VMicroBuilds\ArduinoIoT1\mkr1000/core.a(RingBuffer.cpp.o)
                0x00007fc8                RingBuffer::peek()
 .text._ZN10RingBuffer6isFullEv
                0x00007fda       0x14 C:\Users\otavi\AppData\Local\Temp\VMicroBuilds\ArduinoIoT1\mkr1000/core.a(RingBuffer.cpp.o)
                0x00007fda                RingBuffer::isFull()
 .text._ZN6SERCOMC2EP6Sercom
                0x00007fee        0x4 C:\Users\otavi\AppData\Local\Temp\VMicroBuilds\ArduinoIoT1\mkr1000/core.a(SERCOM.cpp.o)
                0x00007fee                SERCOM::SERCOM(Sercom*)
                0x00007fee                SERCOM::SERCOM(Sercom*)
 .text._ZN6SERCOM9initFrameE18SercomUartCharSize15SercomDataOrder16SercomParityMode19SercomNumberStopBit
                0x00007ff2       0x38 C:\Users\otavi\AppData\Local\Temp\VMicroBuilds\ArduinoIoT1\mkr1000/core.a(SERCOM.cpp.o)
                0x00007ff2                SERCOM::initFrame(SercomUartCharSize, SercomDataOrder, SercomParityMode, SercomNumberStopBit)
 .text._ZN6SERCOM8initPadsE15SercomUartTXPad11SercomRXPad
                0x0000802a       0x26 C:\Users\otavi\AppData\Local\Temp\VMicroBuilds\ArduinoIoT1\mkr1000/core.a(SERCOM.cpp.o)
                0x0000802a                SERCOM::initPads(SercomUartTXPad, SercomRXPad)
 .text._ZN6SERCOM9resetUARTEv
                0x00008050       0x1c C:\Users\otavi\AppData\Local\Temp\VMicroBuilds\ArduinoIoT1\mkr1000/core.a(SERCOM.cpp.o)
                0x00008050                SERCOM::resetUART()
 .text._ZN6SERCOM10enableUARTEv
                0x0000806c       0x14 C:\Users\otavi\AppData\Local\Temp\VMicroBuilds\ArduinoIoT1\mkr1000/core.a(SERCOM.cpp.o)
                0x0000806c                SERCOM::enableUART()
 .text._ZN6SERCOM9flushUARTEv
                0x00008080        0xa C:\Users\otavi\AppData\Local\Temp\VMicroBuilds\ArduinoIoT1\mkr1000/core.a(SERCOM.cpp.o)
                0x00008080                SERCOM::flushUART()
 .text._ZN6SERCOM15clearStatusUARTEv
                0x0000808a        0x8 C:\Users\otavi\AppData\Local\Temp\VMicroBuilds\ArduinoIoT1\mkr1000/core.a(SERCOM.cpp.o)
                0x0000808a                SERCOM::clearStatusUART()
 .text._ZN6SERCOM17availableDataUARTEv
                0x00008092        0xa C:\Users\otavi\AppData\Local\Temp\VMicroBuilds\ArduinoIoT1\mkr1000/core.a(SERCOM.cpp.o)
                0x00008092                SERCOM::availableDataUART()
 .text._ZN6SERCOM11isUARTErrorEv
                0x0000809c        0x8 C:\Users\otavi\AppData\Local\Temp\VMicroBuilds\ArduinoIoT1\mkr1000/core.a(SERCOM.cpp.o)
                0x0000809c                SERCOM::isUARTError()
 .text._ZN6SERCOM20acknowledgeUARTErrorEv
                0x000080a4        0xe C:\Users\otavi\AppData\Local\Temp\VMicroBuilds\ArduinoIoT1\mkr1000/core.a(SERCOM.cpp.o)
                0x000080a4                SERCOM::acknowledgeUARTError()
 .text._ZN6SERCOM12readDataUARTEv
                0x000080b2        0x8 C:\Users\otavi\AppData\Local\Temp\VMicroBuilds\ArduinoIoT1\mkr1000/core.a(SERCOM.cpp.o)
                0x000080b2                SERCOM::readDataUART()
 .text._ZN6SERCOM13writeDataUARTEh
                0x000080ba        0xe C:\Users\otavi\AppData\Local\Temp\VMicroBuilds\ArduinoIoT1\mkr1000/core.a(SERCOM.cpp.o)
                0x000080ba                SERCOM::writeDataUART(unsigned char)
 .text._ZN6SERCOM12initSPIClockE18SercomSpiClockModem
                0x000080c8       0x30 C:\Users\otavi\AppData\Local\Temp\VMicroBuilds\ArduinoIoT1\mkr1000/core.a(SERCOM.cpp.o)
                0x000080c8                SERCOM::initSPIClock(SercomSpiClockMode, unsigned long)
 .text._ZN6SERCOM8resetSPIEv
                0x000080f8       0x1c C:\Users\otavi\AppData\Local\Temp\VMicroBuilds\ArduinoIoT1\mkr1000/core.a(SERCOM.cpp.o)
                0x000080f8                SERCOM::resetSPI()
 .text._ZN6SERCOM9enableSPIEv
                0x00008114       0x14 C:\Users\otavi\AppData\Local\Temp\VMicroBuilds\ArduinoIoT1\mkr1000/core.a(SERCOM.cpp.o)
                0x00008114                SERCOM::enableSPI()
 .text._ZN6SERCOM10disableSPIEv
                0x00008128       0x14 C:\Users\otavi\AppData\Local\Temp\VMicroBuilds\ArduinoIoT1\mkr1000/core.a(SERCOM.cpp.o)
                0x00008128                SERCOM::disableSPI()
 .text._ZN6SERCOM12writeDataSPIEh
                0x0000813c       0x26 C:\Users\otavi\AppData\Local\Temp\VMicroBuilds\ArduinoIoT1\mkr1000/core.a(SERCOM.cpp.o)
                0x0000813c                SERCOM::writeDataSPI(unsigned char)
 .text._ZN6SERCOM11readDataSPIEv
                0x00008162       0x1a C:\Users\otavi\AppData\Local\Temp\VMicroBuilds\ArduinoIoT1\mkr1000/core.a(SERCOM.cpp.o)
                0x00008162                SERCOM::readDataSPI()
 .text._ZN6SERCOM9resetWIREEv
                0x0000817c       0x1c C:\Users\otavi\AppData\Local\Temp\VMicroBuilds\ArduinoIoT1\mkr1000/core.a(SERCOM.cpp.o)
                0x0000817c                SERCOM::resetWIRE()
 .text._ZN6SERCOM10enableWIREEv
                0x00008198       0x28 C:\Users\otavi\AppData\Local\Temp\VMicroBuilds\ArduinoIoT1\mkr1000/core.a(SERCOM.cpp.o)
                0x00008198                SERCOM::enableWIRE()
 .text._ZN6SERCOM18prepareNackBitWIREEv
                0x000081c0       0x10 C:\Users\otavi\AppData\Local\Temp\VMicroBuilds\ArduinoIoT1\mkr1000/core.a(SERCOM.cpp.o)
                0x000081c0                SERCOM::prepareNackBitWIRE()
 .text._ZN6SERCOM17prepareAckBitWIREEv
                0x000081d0       0x14 C:\Users\otavi\AppData\Local\Temp\VMicroBuilds\ArduinoIoT1\mkr1000/core.a(SERCOM.cpp.o)
                0x000081d0                SERCOM::prepareAckBitWIRE()
 .text._ZN6SERCOM22prepareCommandBitsWireEh
                0x000081e4       0x2c C:\Users\otavi\AppData\Local\Temp\VMicroBuilds\ArduinoIoT1\mkr1000/core.a(SERCOM.cpp.o)
                0x000081e4                SERCOM::prepareCommandBitsWire(unsigned char)
 .text._ZN6SERCOM21startTransmissionWIREEh23SercomWireReadWriteFlag
                0x00008210       0x5e C:\Users\otavi\AppData\Local\Temp\VMicroBuilds\ArduinoIoT1\mkr1000/core.a(SERCOM.cpp.o)
                0x00008210                SERCOM::startTransmissionWIRE(unsigned char, SercomWireReadWriteFlag)
 .text._ZN6SERCOM18sendDataMasterWIREEh
                0x0000826e       0x22 C:\Users\otavi\AppData\Local\Temp\VMicroBuilds\ArduinoIoT1\mkr1000/core.a(SERCOM.cpp.o)
                0x0000826e                SERCOM::sendDataMasterWIRE(unsigned char)
 .text._ZN6SERCOM17sendDataSlaveWIREEh
                0x00008290       0x18 C:\Users\otavi\AppData\Local\Temp\VMicroBuilds\ArduinoIoT1\mkr1000/core.a(SERCOM.cpp.o)
                0x00008290                SERCOM::sendDataSlaveWIRE(unsigned char)
 .text._ZN6SERCOM12isMasterWIREEv
                0x000082a8       0x12 C:\Users\otavi\AppData\Local\Temp\VMicroBuilds\ArduinoIoT1\mkr1000/core.a(SERCOM.cpp.o)
                0x000082a8                SERCOM::isMasterWIRE()
 .text._ZN6SERCOM11isSlaveWIREEv
                0x000082ba       0x12 C:\Users\otavi\AppData\Local\Temp\VMicroBuilds\ArduinoIoT1\mkr1000/core.a(SERCOM.cpp.o)
                0x000082ba                SERCOM::isSlaveWIRE()
 .text._ZN6SERCOM15isDataReadyWIREEv
                0x000082cc        0xa C:\Users\otavi\AppData\Local\Temp\VMicroBuilds\ArduinoIoT1\mkr1000/core.a(SERCOM.cpp.o)
                0x000082cc                SERCOM::isDataReadyWIRE()
 .text._ZN6SERCOM18isStopDetectedWIREEv
                0x000082d6        0xa C:\Users\otavi\AppData\Local\Temp\VMicroBuilds\ArduinoIoT1\mkr1000/core.a(SERCOM.cpp.o)
                0x000082d6                SERCOM::isStopDetectedWIRE()
 .text._ZN6SERCOM21isRestartDetectedWIREEv
                0x000082e0        0xa C:\Users\otavi\AppData\Local\Temp\VMicroBuilds\ArduinoIoT1\mkr1000/core.a(SERCOM.cpp.o)
                0x000082e0                SERCOM::isRestartDetectedWIRE()
 .text._ZN6SERCOM14isAddressMatchEv
                0x000082ea        0xa C:\Users\otavi\AppData\Local\Temp\VMicroBuilds\ArduinoIoT1\mkr1000/core.a(SERCOM.cpp.o)
                0x000082ea                SERCOM::isAddressMatch()
 .text._ZN6SERCOM25isMasterReadOperationWIREEv
                0x000082f4        0xa C:\Users\otavi\AppData\Local\Temp\VMicroBuilds\ArduinoIoT1\mkr1000/core.a(SERCOM.cpp.o)
                0x000082f4                SERCOM::isMasterReadOperationWIRE()
 .text._ZN6SERCOM12readDataWIREEv
                0x000082fe       0x1a C:\Users\otavi\AppData\Local\Temp\VMicroBuilds\ArduinoIoT1\mkr1000/core.a(SERCOM.cpp.o)
                0x000082fe                SERCOM::readDataWIRE()
 .text._ZN6SERCOM13initClockNVICEv
                0x00008318       0xac C:\Users\otavi\AppData\Local\Temp\VMicroBuilds\ArduinoIoT1\mkr1000/core.a(SERCOM.cpp.o)
                0x00008318                SERCOM::initClockNVIC()
 .text._ZN6SERCOM8initUARTE14SercomUartMode20SercomUartSampleRatem
                0x000083c4       0x6c C:\Users\otavi\AppData\Local\Temp\VMicroBuilds\ArduinoIoT1\mkr1000/core.a(SERCOM.cpp.o)
                0x000083c4                SERCOM::initUART(SercomUartMode, SercomUartSampleRate, unsigned long)
 .text._ZN6SERCOM7initSPIE14SercomSpiTXPad11SercomRXPad17SercomSpiCharSize15SercomDataOrder
                0x00008430       0x48 C:\Users\otavi\AppData\Local\Temp\VMicroBuilds\ArduinoIoT1\mkr1000/core.a(SERCOM.cpp.o)
                0x00008430                SERCOM::initSPI(SercomSpiTXPad, SercomRXPad, SercomSpiCharSize, SercomDataOrder)
 .text._ZN6SERCOM14initMasterWIREEm
                0x00008478       0x38 C:\Users\otavi\AppData\Local\Temp\VMicroBuilds\ArduinoIoT1\mkr1000/core.a(SERCOM.cpp.o)
                0x00008478                SERCOM::initMasterWIRE(unsigned long)
 .text._ZN6Stream9timedReadEv
                0x000084b0       0x2a C:\Users\otavi\AppData\Local\Temp\VMicroBuilds\ArduinoIoT1\mkr1000/core.a(Stream.cpp.o)
                0x000084b0                Stream::timedRead()
 .text._ZN6Stream10setTimeoutEm
                0x000084da        0x4 C:\Users\otavi\AppData\Local\Temp\VMicroBuilds\ArduinoIoT1\mkr1000/core.a(Stream.cpp.o)
                0x000084da                Stream::setTimeout(unsigned long)
 .text._ZN6Stream9readBytesEPcj
                0x000084de       0x28 C:\Users\otavi\AppData\Local\Temp\VMicroBuilds\ArduinoIoT1\mkr1000/core.a(Stream.cpp.o)
                0x000084de                Stream::readBytes(char*, unsigned int)
 .text._Z3maplllll
                0x00008506       0x16 C:\Users\otavi\AppData\Local\Temp\VMicroBuilds\ArduinoIoT1\mkr1000/core.a(WMath.cpp.o)
                0x00008506                map(long, long, long, long, long)
 .text._ZN6StringD2Ev
                0x0000851c        0xe C:\Users\otavi\AppData\Local\Temp\VMicroBuilds\ArduinoIoT1\mkr1000/core.a(WString.cpp.o)
                0x0000851c                String::~String()
                0x0000851c                String::~String()
 .text._ZN6String10invalidateEv
                0x0000852a       0x18 C:\Users\otavi\AppData\Local\Temp\VMicroBuilds\ArduinoIoT1\mkr1000/core.a(WString.cpp.o)
                0x0000852a                String::invalidate()
 .text._ZN6String12changeBufferEj
                0x00008542       0x18 C:\Users\otavi\AppData\Local\Temp\VMicroBuilds\ArduinoIoT1\mkr1000/core.a(WString.cpp.o)
                0x00008542                String::changeBuffer(unsigned int)
 .text._ZN6String7reserveEj
                0x0000855a       0x28 C:\Users\otavi\AppData\Local\Temp\VMicroBuilds\ArduinoIoT1\mkr1000/core.a(WString.cpp.o)
                0x0000855a                String::reserve(unsigned int)
 .text._ZN6String4copyEPKcj
                0x00008582       0x28 C:\Users\otavi\AppData\Local\Temp\VMicroBuilds\ArduinoIoT1\mkr1000/core.a(WString.cpp.o)
                0x00008582                String::copy(char const*, unsigned int)
 .text._ZN6StringC2EPKc
                0x000085aa       0x26 C:\Users\otavi\AppData\Local\Temp\VMicroBuilds\ArduinoIoT1\mkr1000/core.a(WString.cpp.o)
                0x000085aa                String::String(char const*)
                0x000085aa                String::String(char const*)
 .text._ZN6StringaSEPKc
                0x000085d0       0x22 C:\Users\otavi\AppData\Local\Temp\VMicroBuilds\ArduinoIoT1\mkr1000/core.a(WString.cpp.o)
                0x000085d0                String::operator=(char const*)
 .text._ZN6String6concatEPKcj
                0x000085f2       0x32 C:\Users\otavi\AppData\Local\Temp\VMicroBuilds\ArduinoIoT1\mkr1000/core.a(WString.cpp.o)
                0x000085f2                String::concat(char const*, unsigned int)
 .text._ZN6String6concatEPKc
                0x00008624       0x1a C:\Users\otavi\AppData\Local\Temp\VMicroBuilds\ArduinoIoT1\mkr1000/core.a(WString.cpp.o)
                0x00008624                String::concat(char const*)
 .text._ZN6String6concatEc
                0x0000863e       0x14 C:\Users\otavi\AppData\Local\Temp\VMicroBuilds\ArduinoIoT1\mkr1000/core.a(WString.cpp.o)
                0x0000863e                String::concat(char)
 *fill*         0x00008652        0x2 
 .text._ZN7Serial_4peekEv
                0x00008654       0x2c C:\Users\otavi\AppData\Local\Temp\VMicroBuilds\ArduinoIoT1\mkr1000/core.a(CDC.cpp.o)
                0x00008654                Serial_::peek()
 .text._ZN7Serial_5writeEh
                0x00008680       0x14 C:\Users\otavi\AppData\Local\Temp\VMicroBuilds\ArduinoIoT1\mkr1000/core.a(CDC.cpp.o)
                0x00008680                Serial_::write(unsigned char)
 .text._ZN7Serial_6acceptEv
                0x00008694       0x68 C:\Users\otavi\AppData\Local\Temp\VMicroBuilds\ArduinoIoT1\mkr1000/core.a(CDC.cpp.o)
                0x00008694                Serial_::accept()
 .text._ZN7Serial_4readEv
                0x000086fc       0x68 C:\Users\otavi\AppData\Local\Temp\VMicroBuilds\ArduinoIoT1\mkr1000/core.a(CDC.cpp.o)
                0x000086fc                Serial_::read()
 .text._ZN7Serial_5flushEv
                0x00008764        0xc C:\Users\otavi\AppData\Local\Temp\VMicroBuilds\ArduinoIoT1\mkr1000/core.a(CDC.cpp.o)
                0x00008764                Serial_::flush()
 .text._ZN7Serial_9availableEv
                0x00008770       0x3c C:\Users\otavi\AppData\Local\Temp\VMicroBuilds\ArduinoIoT1\mkr1000/core.a(CDC.cpp.o)
                0x00008770                Serial_::available()
 .text._ZN7Serial_5writeEPKhj
                0x000087ac       0x2c C:\Users\otavi\AppData\Local\Temp\VMicroBuilds\ArduinoIoT1\mkr1000/core.a(CDC.cpp.o)
                0x000087ac                Serial_::write(unsigned char const*, unsigned int)
 .text._Z16CDC_GetInterfacePh