Archive member included because of file (symbol)

C:\Users\otavi\AppData\Local\Temp\VMicroBuilds\ArduinoIoT1\mkr1000/core.a(cortex_handlers.c.o)
                              (Reset_Handler)
C:\Users\otavi\AppData\Local\Temp\VMicroBuilds\ArduinoIoT1\mkr1000/core.a(delay.c.o)
                              C:\Users\otavi\AppData\Local\Temp\VMicroBuilds\ArduinoIoT1\mkr1000\ArduinoIoT1.cpp.o (millis)
C:\Users\otavi\AppData\Local\Temp\VMicroBuilds\ArduinoIoT1\mkr1000/core.a(hooks.c.o)
                              C:\Users\otavi\AppData\Local\Temp\VMicroBuilds\ArduinoIoT1\mkr1000/core.a(delay.c.o) (yield)
C:\Users\otavi\AppData\Local\Temp\VMicroBuilds\ArduinoIoT1\mkr1000/core.a(startup.c.o)
                              C:\Users\otavi\AppData\Local\Temp\VMicroBuilds\ArduinoIoT1\mkr1000/core.a(cortex_handlers.c.o) (SystemInit)
C:\Users\otavi\AppData\Local\Temp\VMicroBuilds\ArduinoIoT1\mkr1000/core.a(wiring.c.o)
                              C:\Users\otavi\AppData\Local\Temp\VMicroBuilds\ArduinoIoT1\mkr1000\Servo\samd\Servo.cpp.o (SystemCoreClock)
C:\Users\otavi\AppData\Local\Temp\VMicroBuilds\ArduinoIoT1\mkr1000/core.a(wiring_analog.c.o)
                              C:\Users\otavi\AppData\Local\Temp\VMicroBuilds\ArduinoIoT1\mkr1000/core.a(wiring.c.o) (analogReference)
C:\Users\otavi\AppData\Local\Temp\VMicroBuilds\ArduinoIoT1\mkr1000/core.a(wiring_digital.c.o)
                              C:\Users\otavi\AppData\Local\Temp\VMicroBuilds\ArduinoIoT1\mkr1000\ArduinoIoT1.cpp.o (pinMode)
C:\Users\otavi\AppData\Local\Temp\VMicroBuilds\ArduinoIoT1\mkr1000/core.a(wiring_private.c.o)
                              C:\Users\otavi\AppData\Local\Temp\VMicroBuilds\ArduinoIoT1\mkr1000\Wire\Wire.cpp.o (pinPeripheral)
C:\Users\otavi\AppData\Local\Temp\VMicroBuilds\ArduinoIoT1\mkr1000/core.a(abi.cpp.o)
                              C:\Users\otavi\AppData\Local\Temp\VMicroBuilds\ArduinoIoT1\mkr1000\Firmata\utility\EthernetClientStream.cpp.o (__cxa_pure_virtual)
C:\Users\otavi\AppData\Local\Temp\VMicroBuilds\ArduinoIoT1\mkr1000/core.a(IPAddress.cpp.o)
                              C:\Users\otavi\AppData\Local\Temp\VMicroBuilds\ArduinoIoT1\mkr1000\Firmata\utility\EthernetClientStream.cpp.o (IPAddress::IPAddress(unsigned char, unsigned char, unsigned char, unsigned char))
C:\Users\otavi\AppData\Local\Temp\VMicroBuilds\ArduinoIoT1\mkr1000/core.a(main.cpp.o)
                              c:/users/otavi/appdata/local/arduino15/packages/arduino/tools/arm-none-eabi-gcc/4.8.3-2014q1/bin/../lib/gcc/arm-none-eabi/4.8.3/../../../../arm-none-eabi/lib/armv6-m/crt0.o (main)
C:\Users\otavi\AppData\Local\Temp\VMicroBuilds\ArduinoIoT1\mkr1000/core.a(Print.cpp.o)
                              C:\Users\otavi\AppData\Local\Temp\VMicroBuilds\ArduinoIoT1\mkr1000\Firmata\utility\EthernetClientStream.cpp.o (Print::write(unsigned char const*, unsigned int))
C:\Users\otavi\AppData\Local\Temp\VMicroBuilds\ArduinoIoT1\mkr1000/core.a(Reset.cpp.o)
                              C:\Users\otavi\AppData\Local\Temp\VMicroBuilds\ArduinoIoT1\mkr1000/core.a(delay.c.o) (tickReset)
C:\Users\otavi\AppData\Local\Temp\VMicroBuilds\ArduinoIoT1\mkr1000/core.a(RingBuffer.cpp.o)
                              C:\Users\otavi\AppData\Local\Temp\VMicroBuilds\ArduinoIoT1\mkr1000\Wire\Wire.cpp.o (RingBuffer::RingBuffer())
C:\Users\otavi\AppData\Local\Temp\VMicroBuilds\ArduinoIoT1\mkr1000/core.a(SERCOM.cpp.o)
                              C:\Users\otavi\AppData\Local\Temp\VMicroBuilds\ArduinoIoT1\mkr1000\Wire\Wire.cpp.o (SERCOM::enableWIRE())
C:\Users\otavi\AppData\Local\Temp\VMicroBuilds\ArduinoIoT1\mkr1000/core.a(WMath.cpp.o)
                              C:\Users\otavi\AppData\Local\Temp\VMicroBuilds\ArduinoIoT1\mkr1000\Servo\samd\Servo.cpp.o (map(long, long, long, long, long))
C:\Users\otavi\AppData\Local\Temp\VMicroBuilds\ArduinoIoT1\mkr1000/core.a(CDC.cpp.o)
                              C:\Users\otavi\AppData\Local\Temp\VMicroBuilds\ArduinoIoT1\mkr1000\Firmata\Firmata.cpp.o (Serial_::begin(unsigned long))
C:\Users\otavi\AppData\Local\Temp\VMicroBuilds\ArduinoIoT1\mkr1000/core.a(USBCore.cpp.o)
                              C:\Users\otavi\AppData\Local\Temp\VMicroBuilds\ArduinoIoT1\mkr1000/core.a(main.cpp.o) (USBDeviceClass::init())
C:\Users\otavi\AppData\Local\Temp\VMicroBuilds\ArduinoIoT1\mkr1000/core.a(variant.cpp.o)
                              C:\Users\otavi\AppData\Local\Temp\VMicroBuilds\ArduinoIoT1\mkr1000\Firmata\utility\SerialFirmata.cpp.o (Serial1)
C:\Users\otavi\AppData\Local\Temp\VMicroBuilds\ArduinoIoT1\mkr1000/core.a(Uart.cpp.o)
                              C:\Users\otavi\AppData\Local\Temp\VMicroBuilds\ArduinoIoT1\mkr1000/core.a(variant.cpp.o) (Uart::Uart(SERCOM*, unsigned char, unsigned char, SercomRXPad, SercomUartTXPad))
C:\Users\otavi\AppData\Local\Temp\VMicroBuilds\ArduinoIoT1\mkr1000/core.a(PluggableUSB.cpp.o)
[...]
Memory Configuration

Name             Origin             Length             Attributes
FLASH            0x00002000         0x0003e000         xr
RAM              0x20000000         0x00008000         xrw
*default*        0x00000000         0xffffffff

Linker script and memory map

LOAD c:/users/otavi/appdata/local/arduino15/packages/arduino/tools/arm-none-eabi-gcc/4.8.3-2014q1/bin/../lib/gcc/arm-none-eabi/4.8.3/armv6-m/crti.o
LOAD c:/users/otavi/appdata/local/arduino15/packages/arduino/tools/arm-none-eabi-gcc/4.8.3-2014q1/bin/../lib/gcc/arm-none-eabi/4.8.3/armv6-m/crtbegin.o
LOAD c:/users/otavi/appdata/local/arduino15/packages/arduino/tools/arm-none-eabi-gcc/4.8.3-2014q1/bin/../lib/gcc/arm-none-eabi/4.8.3/../../../../arm-none-eabi/lib/armv6-m/crt0.o
LOAD C:\Users\otavi\AppData\Local\Temp\VMicroBuilds\ArduinoIoT1\mkr1000\ArduinoIoT1.cpp.o
LOAD C:\Users\otavi\AppData\Local\Temp\VMicroBuilds\ArduinoIoT1\mkr1000\Servo\avr\Servo.cpp.o
LOAD C:\Users\otavi\AppData\Local\Temp\VMicroBuilds\ArduinoIoT1\mkr1000\Servo\sam\Servo.cpp.o
LOAD C:\Users\otavi\AppData\Local\Temp\VMicroBuilds\ArduinoIoT1\mkr1000\Servo\samd\Servo.cpp.o
LOAD C:\Users\otavi\AppData\Local\Temp\VMicroBuilds\ArduinoIoT1\mkr1000\Firmata\Firmata.cpp.o
LOAD C:\Users\otavi\AppData\Local\Temp\VMicroBuilds\ArduinoIoT1\mkr1000\Firmata\utility\EthernetClientStream.cpp.o
LOAD C:\Users\otavi\AppData\Local\Temp\VMicroBuilds\ArduinoIoT1\mkr1000\Firmata\utility\SerialFirmata.cpp.o
LOAD C:\Users\otavi\AppData\Local\Temp\VMicroBuilds\ArduinoIoT1\mkr1000\Firmata\utility\WiFi101Stream.cpp.o
LOAD C:\Users\otavi\AppData\Local\Temp\VMicroBuilds\ArduinoIoT1\mkr1000\Firmata\utility\WiFiStream.cpp.o
LOAD C:\Users\otavi\AppData\Local\Temp\VMicroBuilds\ArduinoIoT1\mkr1000\VM_DBG\VM_DBG.cpp.o
LOAD C:\Users\otavi\AppData\Local\Temp\VMicroBuilds\ArduinoIoT1\mkr1000\Wire\Wire.cpp.o
START GROUP
LOAD c:/users/otavi/appdata/local/arduino15/packages/arduino/tools/arm-none-eabi-gcc/4.8.3-2014q1/bin/../lib/gcc/arm-none-eabi/4.8.3/../../../../arm-none-eabi/lib/armv6-m\libm.a
LOAD C:\Users\otavi\AppData\Local\Temp\VMicroBuilds\ArduinoIoT1\mkr1000/core.a
END GROUP
START GROUP
LOAD c:/users/otavi/appdata/local/arduino15/packages/arduino/tools/arm-none-eabi-gcc/4.8.3-2014q1/bin/../lib/gcc/arm-none-eabi/4.8.3/armv6-m\libgcc.a
LOAD c:/users/otavi/appdata/local/arduino15/packages/arduino/tools/arm-none-eabi-gcc/4.8.3-2014q1/bin/../lib/gcc/arm-none-eabi/4.8.3/../../../../arm-none-eabi/lib/armv6-m\libc_s.a
END GROUP
START GROUP
LOAD c:/users/otavi/appdata/local/arduino15/packages/arduino/tools/arm-none-eabi-gcc/4.8.3-2014q1/bin/../lib/gcc/arm-none-eabi/4.8.3/armv6-m\libgcc.a
LOAD c:/users/otavi/appdata/local/arduino15/packages/arduino/tools/arm-none-eabi-gcc/4.8.3-2014q1/bin/../lib/gcc/arm-none-eabi/4.8.3/../../../../arm-none-eabi/lib/armv6-m\libc_s.a
LOAD c:/users/otavi/appdata/local/arduino15/packages/arduino/tools/arm-none-eabi-gcc/4.8.3-2014q1/bin/../lib/gcc/arm-none-eabi/4.8.3/../../../../arm-none-eabi/lib/armv6-m\libnosys.a
END GROUP
START GROUP
LOAD c:/users/otavi/appdata/local/arduino15/packages/arduino/tools/arm-none-eabi-gcc/4.8.3-2014q1/bin/../lib/gcc/arm-none-eabi/4.8.3/armv6-m\libgcc.a
LOAD c:/users/otavi/appdata/local/arduino15/packages/arduino/tools/arm-none-eabi-gcc/4.8.3-2014q1/bin/../lib/gcc/arm-none-eabi/4.8.3/../../../../arm-none-eabi/lib/armv6-m\libc_s.a
LOAD c:/users/otavi/appdata/local/arduino15/packages/arduino/tools/arm-none-eabi-gcc/4.8.3-2014q1/bin/../lib/gcc/arm-none-eabi/4.8.3/../../../../arm-none-eabi/lib/armv6-m\libnosys.a
END GROUP
LOAD c:/users/otavi/appdata/local/arduino15/packages/arduino/tools/arm-none-eabi-gcc/4.8.3-2014q1/bin/../lib/gcc/arm-none-eabi/4.8.3/armv6-m/crtend.o
LOAD c:/users/otavi/appdata/local/arduino15/packages/arduino/tools/arm-none-eabi-gcc/4.8.3-2014q1/bin/../lib/gcc/arm-none-eabi/4.8.3/armv6-m/crtn.o

.text           0x00002000     0x4230
 *(.isr_vector)
 .isr_vector    0x00002000       0xb0 C:\Users\otavi\AppData\Local\Temp\VMicroBuilds\ArduinoIoT1\mkr1000/core.a(cortex_handlers.c.o)
                0x00002000                exception_table
 *(.text*)
 .text          0x000020b0       0x60 c:/users/otavi/appdata/local/arduino15/packages/arduino/tools/arm-none-eabi-gcc/4.8.3-2014q1/bin/../lib/gcc/arm-none-eabi/4.8.3/armv6-m/crtbegin.o
 .text._Z21reportDigitalCallbackhi
                0x00002110       0x10 C:\Users\otavi\AppData\Local\Temp\VMicroBuilds\ArduinoIoT1\mkr1000\ArduinoIoT1.cpp.o
                0x00002110                reportDigitalCallback(unsigned char, int)
 .text._Z20digitalWriteCallbackhi
                0x00002120       0xdc C:\Users\otavi\AppData\Local\Temp\VMicroBuilds\ArduinoIoT1\mkr1000\ArduinoIoT1.cpp.o
                0x00002120                digitalWriteCallback(unsigned char, int)
 .text._Z20reportAnalogCallbackhi
                0x000021fc       0x24 C:\Users\otavi\AppData\Local\Temp\VMicroBuilds\ArduinoIoT1\mkr1000\ArduinoIoT1.cpp.o
                0x000021fc                reportAnalogCallback(unsigned char, int)
 .text._Z19analogWriteCallbackhi
                0x00002220       0x64 C:\Users\otavi\AppData\Local\Temp\VMicroBuilds\ArduinoIoT1\mkr1000\ArduinoIoT1.cpp.o
                0x00002220                analogWriteCallback(unsigned char, int)
 .text._Z10outputPorthhh
                0x00002284       0x30 C:\Users\otavi\AppData\Local\Temp\VMicroBuilds\ArduinoIoT1\mkr1000\ArduinoIoT1.cpp.o
                0x00002284                outputPort(unsigned char, unsigned char, unsigned char)
 .text._Z18checkDigitalInputsv
                0x000022b4      0x1f4 C:\Users\otavi\AppData\Local\Temp\VMicroBuilds\ArduinoIoT1\mkr1000\ArduinoIoT1.cpp.o
                0x000022b4                checkDigitalInputs()
 .text._Z14disableI2CPinsv
                0x000024a8       0x18 C:\Users\otavi\AppData\Local\Temp\VMicroBuilds\ArduinoIoT1\mkr1000\ArduinoIoT1.cpp.o
                0x000024a8                disableI2CPins()
 .text._Z18setPinModeCallbackhi
                0x000024c0      0x190 C:\Users\otavi\AppData\Local\Temp\VMicroBuilds\ArduinoIoT1\mkr1000\ArduinoIoT1.cpp.o
                0x000024c0                setPinModeCallback(unsigned char, int)
 .text._Z13enableI2CPinsv
                0x00002650       0x34 C:\Users\otavi\AppData\Local\Temp\VMicroBuilds\ArduinoIoT1\mkr1000\ArduinoIoT1.cpp.o
                0x00002650                enableI2CPins()
 .text._Z19systemResetCallbackv
                0x00002684       0x60 C:\Users\otavi\AppData\Local\Temp\VMicroBuilds\ArduinoIoT1\mkr1000\ArduinoIoT1.cpp.o
                0x00002684                systemResetCallback()
 .text.setup    0x000026e4       0xcc C:\Users\otavi\AppData\Local\Temp\VMicroBuilds\ArduinoIoT1\mkr1000\ArduinoIoT1.cpp.o
                0x000026e4                setup
 .text.startup._GLOBAL__sub_I___VisualMicro_DEBUG_1_HITCOUNTER__
                0x000027b0       0x1c C:\Users\otavi\AppData\Local\Temp\VMicroBuilds\ArduinoIoT1\mkr1000\ArduinoIoT1.cpp.o
 .text._Z17readAndReportDatahih
                0x000027cc       0xb0 C:\Users\otavi\AppData\Local\Temp\VMicroBuilds\ArduinoIoT1\mkr1000\ArduinoIoT1.cpp.o
                0x000027cc                readAndReportData(unsigned char, int, unsigned char)
 .text._Z13sysexCallbackhhPh
                0x0000287c      0x39c C:\Users\otavi\AppData\Local\Temp\VMicroBuilds\ArduinoIoT1\mkr1000\ArduinoIoT1.cpp.o
                0x0000287c                sysexCallback(unsigned char, unsigned char, unsigned char*)
 .text.loop     0x00002c18      0x13c C:\Users\otavi\AppData\Local\Temp\VMicroBuilds\ArduinoIoT1\mkr1000\ArduinoIoT1.cpp.o
                0x00002c18                loop
 .text._Z13Servo_Handler18timer16_Sequence_tP2Tchh
                0x00002d54      0x128 C:\Users\otavi\AppData\Local\Temp\VMicroBuilds\ArduinoIoT1\mkr1000\Servo\samd\Servo.cpp.o
                0x00002d54                Servo_Handler(timer16_Sequence_t, Tc*, unsigned char, unsigned char)
 .text.TC4_Handler
                0x00002e7c       0x14 C:\Users\otavi\AppData\Local\Temp\VMicroBuilds\ArduinoIoT1\mkr1000\Servo\samd\Servo.cpp.o
                0x00002e7c                TC4_Handler
 .text._ZN5ServoC2Ev
                0x00002e90       0x48 C:\Users\otavi\AppData\Local\Temp\VMicroBuilds\ArduinoIoT1\mkr1000\Servo\samd\Servo.cpp.o
                0x00002e90                Servo::Servo()
                0x00002e90                Servo::Servo()
 .text._ZN5Servo6attachEiii
                0x00002ed8      0x14c C:\Users\otavi\AppData\Local\Temp\VMicroBuilds\ArduinoIoT1\mkr1000\Servo\samd\Servo.cpp.o
                0x00002ed8                Servo::attach(int, int, int)
 .text._ZN5Servo6attachEi
                0x00003024       0x10 C:\Users\otavi\AppData\Local\Temp\VMicroBuilds\ArduinoIoT1\mkr1000\Servo\samd\Servo.cpp.o
                0x00003024                Servo::attach(int)
 .text._ZN5Servo6detachEv
                0x00003034       0x40 C:\Users\otavi\AppData\Local\Temp\VMicroBuilds\ArduinoIoT1\mkr1000\Servo\samd\Servo.cpp.o
                0x00003034                Servo::detach()
 .text._ZN5Servo17writeMicrosecondsEi
                0x00003074       0x50 C:\Users\otavi\AppData\Local\Temp\VMicroBuilds\ArduinoIoT1\mkr1000\Servo\samd\Servo.cpp.o
                0x00003074                Servo::writeMicroseconds(int)
 .text._ZN5Servo5writeEi
                0x000030c4       0x44 C:\Users\otavi\AppData\Local\Temp\VMicroBuilds\ArduinoIoT1\mkr1000\Servo\samd\Servo.cpp.o
                0x000030c4                Servo::write(int)
 .text._ZN5Servo8attachedEv
                0x00003108       0x14 C:\Users\otavi\AppData\Local\Temp\VMicroBuilds\ArduinoIoT1\mkr1000\Servo\samd\Servo.cpp.o
                0x00003108                Servo::attached()
 .text._ZN12FirmataClass23sendValueAsTwo7bitBytesEi
                0x0000311c       0x20 C:\Users\otavi\AppData\Local\Temp\VMicroBuilds\ArduinoIoT1\mkr1000\Firmata\Firmata.cpp.o
                0x0000311c                FirmataClass::sendValueAsTwo7bitBytes(int)
 .text._ZN12FirmataClass10startSysexEv
                0x0000313c        0xe C:\Users\otavi\AppData\Local\Temp\VMicroBuilds\ArduinoIoT1\mkr1000\Firmata\Firmata.cpp.o
                0x0000313c                FirmataClass::startSysex()
 .text._ZN12FirmataClass8endSysexEv
                0x0000314a        0xe C:\Users\otavi\AppData\Local\Temp\VMicroBuilds\ArduinoIoT1\mkr1000\Firmata\Firmata.cpp.o
                0x0000314a                FirmataClass::endSysex()
 .text._ZN12FirmataClass12printVersionEv
                0x00003158       0x24 C:\Users\otavi\AppData\Local\Temp\VMicroBuilds\ArduinoIoT1\mkr1000\Firmata\Firmata.cpp.o
                0x00003158                FirmataClass::printVersion()
 .text._ZN12FirmataClass20printFirmwareVersionEv
                0x0000317c       0x50 C:\Users\otavi\AppData\Local\Temp\VMicroBuilds\ArduinoIoT1\mkr1000\Firmata\Firmata.cpp.o
                0x0000317c                FirmataClass::printFirmwareVersion()
 .text._ZN12FirmataClass5beginEl
                0x000031cc       0x20 C:\Users\otavi\AppData\Local\Temp\VMicroBuilds\ArduinoIoT1\mkr1000\Firmata\Firmata.cpp.o
                0x000031cc                FirmataClass::begin(long)
 .text._ZN12FirmataClass25setFirmwareNameAndVersionEPKchh
                0x000031ec       0x70 C:\Users\otavi\AppData\Local\Temp\VMicroBuilds\ArduinoIoT1\mkr1000\Firmata\Firmata.cpp.o
                0x000031ec                FirmataClass::setFirmwareNameAndVersion(char const*, unsigned char, unsigned char)
 .text._ZN12FirmataClass9availableEv
                0x0000325c        0xc C:\Users\otavi\AppData\Local\Temp\VMicroBuilds\ArduinoIoT1\mkr1000\Firmata\Firmata.cpp.o
                0x0000325c                FirmataClass::available()
 .text._ZN12FirmataClass19processSysexMessageEv
                0x00003268       0x72 C:\Users\otavi\AppData\Local\Temp\VMicroBuilds\ArduinoIoT1\mkr1000\Firmata\Firmata.cpp.o
                0x00003268                FirmataClass::processSysexMessage()
 .text._ZN12FirmataClass10sendAnalogEhi
                0x000032da       0x20 C:\Users\otavi\AppData\Local\Temp\VMicroBuilds\ArduinoIoT1\mkr1000\Firmata\Firmata.cpp.o
                0x000032da                FirmataClass::sendAnalog(unsigned char, int)
 .text._ZN12FirmataClass15sendDigitalPortEhi
                0x000032fa       0x30 C:\Users\otavi\AppData\Local\Temp\VMicroBuilds\ArduinoIoT1\mkr1000\Firmata\Firmata.cpp.o
                0x000032fa                FirmataClass::sendDigitalPort(unsigned char, int)
 .text._ZN12FirmataClass9sendSysexEhhPh
                0x0000332a       0x36 C:\Users\otavi\AppData\Local\Temp\VMicroBuilds\ArduinoIoT1\mkr1000\Firmata\Firmata.cpp.o
                0x0000332a                FirmataClass::sendSysex(unsigned char, unsigned char, unsigned char*)
 .text._ZN12FirmataClass10sendStringEhPKc
                0x00003360       0x20 C:\Users\otavi\AppData\Local\Temp\VMicroBuilds\ArduinoIoT1\mkr1000\Firmata\Firmata.cpp.o
                0x00003360                FirmataClass::sendString(unsigned char, char const*)
 .text._ZN12FirmataClass10sendStringEPKc
                0x00003380        0xc C:\Users\otavi\AppData\Local\Temp\VMicroBuilds\ArduinoIoT1\mkr1000\Firmata\Firmata.cpp.o
                0x00003380                FirmataClass::sendString(char const*)
 .text._ZN12FirmataClass5writeEh
                0x0000338c        0xc C:\Users\otavi\AppData\Local\Temp\VMicroBuilds\ArduinoIoT1\mkr1000\Firmata\Firmata.cpp.o
                0x0000338c                FirmataClass::write(unsigned char)
 .text._ZN12FirmataClass6attachEhPFvhiE
                0x00003398       0x34 C:\Users\otavi\AppData\Local\Temp\VMicroBuilds\ArduinoIoT1\mkr1000\Firmata\Firmata.cpp.o
                0x00003398                FirmataClass::attach(unsigned char, void (*)(unsigned char, int))
 .text._ZN12FirmataClass6attachEhPFvvE
                0x000033cc        0xa C:\Users\otavi\AppData\Local\Temp\VMicroBuilds\ArduinoIoT1\mkr1000\Firmata\Firmata.cpp.o
                0x000033cc                FirmataClass::attach(unsigned char, void (*)())
 .text._ZN12FirmataClass6attachEhPFvhhPhE
                0x000033d6        0x6 C:\Users\otavi\AppData\Local\Temp\VMicroBuilds\ArduinoIoT1\mkr1000\Firmata\Firmata.cpp.o
                0x000033d6                FirmataClass::attach(unsigned char, void (*)(unsigned char, unsigned char, unsigned char*))
 .text._ZN12FirmataClass11systemResetEv
                0x000033dc       0x2a C:\Users\otavi\AppData\Local\Temp\VMicroBuilds\ArduinoIoT1\mkr1000\Firmata\Firmata.cpp.o
                0x000033dc                FirmataClass::systemReset()
 .text._ZN12FirmataClassC2Ev
                0x00003406       0x18 C:\Users\otavi\AppData\Local\Temp\VMicroBuilds\ArduinoIoT1\mkr1000\Firmata\Firmata.cpp.o
                0x00003406                FirmataClass::FirmataClass()
                0x00003406                FirmataClass::FirmataClass()
 *fill*         0x0000341e        0x2 
 .text._ZN12FirmataClass5parseEh
                0x00003420      0x114 C:\Users\otavi\AppData\Local\Temp\VMicroBuilds\ArduinoIoT1\mkr1000\Firmata\Firmata.cpp.o
                0x00003420                FirmataClass::parse(unsigned char)
 .text._ZN12FirmataClass12processInputEv
                0x00003534       0x1a C:\Users\otavi\AppData\Local\Temp\VMicroBuilds\ArduinoIoT1\mkr1000\Firmata\Firmata.cpp.o
                0x00003534                FirmataClass::processInput()
 *fill*         0x0000354e        0x2 
 .text.startup._GLOBAL__sub_I__ZN12FirmataClass23sendValueAsTwo7bitBytesEi
                0x00003550       0x10 C:\Users\otavi\AppData\Local\Temp\VMicroBuilds\ArduinoIoT1\mkr1000\Firmata\Firmata.cpp.o
 .text.startup._GLOBAL__sub_I__ZN20EthernetClientStreamC2ER6Client9IPAddressS2_PKct
                0x00003560       0x18 C:\Users\otavi\AppData\Local\Temp\VMicroBuilds\ArduinoIoT1\mkr1000\Firmata\utility\EthernetClientStream.cpp.o
 .text._ZN16VisualMicroDebug14outPacketStartEb
                0x00003578       0x24 C:\Users\otavi\AppData\Local\Temp\VMicroBuilds\ArduinoIoT1\mkr1000\VM_DBG\VM_DBG.cpp.o
                0x00003578                VisualMicroDebug::outPacketStart(bool)
 .text._ZN16VisualMicroDebug14outPacketStartEv
                0x0000359c        0xa C:\Users\otavi\AppData\Local\Temp\VMicroBuilds\ArduinoIoT1\mkr1000\VM_DBG\VM_DBG.cpp.o
                0x0000359c                VisualMicroDebug::outPacketStart()
 .text._ZN16VisualMicroDebug5beginEP7Serial_m
                0x000035a6       0x2e C:\Users\otavi\AppData\Local\Temp\VMicroBuilds\ArduinoIoT1\mkr1000\VM_DBG\VM_DBG.cpp.o
                0x000035a6                VisualMicroDebug::begin(Serial_*, unsigned long)
 .text._ZN16VisualMicroDebug4initEm
                0x000035d4       0x14 C:\Users\otavi\AppData\Local\Temp\VMicroBuilds\ArduinoIoT1\mkr1000\VM_DBG\VM_DBG.cpp.o
                0x000035d4                VisualMicroDebug::init(unsigned long)
 .text._ZN16VisualMicroDebug16sendContinuedACKEh
                0x000035e8       0x30 C:\Users\otavi\AppData\Local\Temp\VMicroBuilds\ArduinoIoT1\mkr1000\VM_DBG\VM_DBG.cpp.o
                0x000035e8                VisualMicroDebug::sendContinuedACK(unsigned char)
 .text._ZN16VisualMicroDebug9breakWaitEh
                0x00003618       0x54 C:\Users\otavi\AppData\Local\Temp\VMicroBuilds\ArduinoIoT1\mkr1000\VM_DBG\VM_DBG.cpp.o
                0x00003618                VisualMicroDebug::breakWait(unsigned char)
 .text._ZN16VisualMicroDebug5startEbb
                0x0000366c       0x18 C:\Users\otavi\AppData\Local\Temp\VMicroBuilds\ArduinoIoT1\mkr1000\VM_DBG\VM_DBG.cpp.o
                0x0000366c                VisualMicroDebug::start(bool, bool)
 .text._ZN7TwoWire5writeEPKhj
                0x00003684       0x24 C:\Users\otavi\AppData\Local\Temp\VMicroBuilds\ArduinoIoT1\mkr1000\Wire\Wire.cpp.o
                0x00003684                TwoWire::write(unsigned char const*, unsigned int)
 .text._ZN7TwoWire5flushEv
                0x000036a8        0x2 C:\Users\otavi\AppData\Local\Temp\VMicroBuilds\ArduinoIoT1\mkr1000\Wire\Wire.cpp.o
                0x000036a8                TwoWire::flush()
 .text._ZN7TwoWire4readEv
                0x000036aa        0xa C:\Users\otavi\AppData\Local\Temp\VMicroBuilds\ArduinoIoT1\mkr1000\Wire\Wire.cpp.o
                0x000036aa                TwoWire::read()
 .text._ZN7TwoWire9availableEv
                0x000036b4        0xa C:\Users\otavi\AppData\Local\Temp\VMicroBuilds\ArduinoIoT1\mkr1000\Wire\Wire.cpp.o
                0x000036b4                TwoWire::available()
 .text._ZN7TwoWire4peekEv
                0x000036be        0xa C:\Users\otavi\AppData\Local\Temp\VMicroBuilds\ArduinoIoT1\mkr1000\Wire\Wire.cpp.o
                0x000036be                TwoWire::peek()
 .text._ZN7TwoWire5writeEh
                0x000036c8       0x3c C:\Users\otavi\AppData\Local\Temp\VMicroBuilds\ArduinoIoT1\mkr1000\Wire\Wire.cpp.o
                0x000036c8                TwoWire::write(unsigned char)
 .text._ZN7TwoWireC2EP6SERCOMhh
                0x00003704       0x3c C:\Users\otavi\AppData\Local\Temp\VMicroBuilds\ArduinoIoT1\mkr1000\Wire\Wire.cpp.o
                0x00003704                TwoWire::TwoWire(SERCOM*, unsigned char, unsigned char)
                0x00003704                TwoWire::TwoWire(SERCOM*, unsigned char, unsigned char)
 .text._ZN7TwoWire5beginEv
                0x00003740       0x40 C:\Users\otavi\AppData\Local\Temp\VMicroBuilds\ArduinoIoT1\mkr1000\Wire\Wire.cpp.o
                0x00003740                TwoWire::begin()
 .text._ZN7TwoWire11requestFromEhjb
                0x00003780       0x76 C:\Users\otavi\AppData\Local\Temp\VMicroBuilds\ArduinoIoT1\mkr1000\Wire\Wire.cpp.o
                0x00003780                TwoWire::requestFrom(unsigned char, unsigned int, bool)
 .text._ZN7TwoWire11requestFromEhj
                0x000037f6        0xa C:\Users\otavi\AppData\Local\Temp\VMicroBuilds\ArduinoIoT1\mkr1000\Wire\Wire.cpp.o
                0x000037f6                TwoWire::requestFrom(unsigned char, unsigned int)
 .text._ZN7TwoWire17beginTransmissionEh
                0x00003800       0x16 C:\Users\otavi\AppData\Local\Temp\VMicroBuilds\ArduinoIoT1\mkr1000\Wire\Wire.cpp.o
                0x00003800                TwoWire::beginTransmission(unsigned char)
 .text._ZN7TwoWire15endTransmissionEb
                0x00003816       0x66 C:\Users\otavi\AppData\Local\Temp\VMicroBuilds\ArduinoIoT1\mkr1000\Wire\Wire.cpp.o
                0x00003816                TwoWire::endTransmission(bool)
 .text._ZN7TwoWire15endTransmissionEv
                0x0000387c        0xa C:\Users\otavi\AppData\Local\Temp\VMicroBuilds\ArduinoIoT1\mkr1000\Wire\Wire.cpp.o
                0x0000387c                TwoWire::endTransmission()
 .text._ZN7TwoWire9onServiceEv
                0x00003886       0xd8 C:\Users\otavi\AppData\Local\Temp\VMicroBuilds\ArduinoIoT1\mkr1000\Wire\Wire.cpp.o
                0x00003886                TwoWire::onService()
 *fill*         0x0000395e        0x2 
 .text.SERCOM0_Handler
                0x00003960       0x10 C:\Users\otavi\AppData\Local\Temp\VMicroBuilds\ArduinoIoT1\mkr1000\Wire\Wire.cpp.o
                0x00003960                SERCOM0_Handler
 .text.startup._GLOBAL__sub_I__ZN7TwoWireC2EP6SERCOMhh
                0x00003970       0x18 C:\Users\otavi\AppData\Local\Temp\VMicroBuilds\ArduinoIoT1\mkr1000\Wire\Wire.cpp.o
 .text.Dummy_Handler
                0x00003988        0x2 C:\Users\otavi\AppData\Local\Temp\VMicroBuilds\ArduinoIoT1\mkr1000/core.a(cortex_handlers.c.o)
                0x00003988                DMAC_Handler
                0x00003988                HardFault_Handler
                0x00003988                AC_Handler
                0x00003988                PendSV_Handler
                0x00003988                NMI_Handler
                0x00003988                TC7_Handler
                0x00003988                SERCOM1_Handler
                0x00003988                ADC_Handler
                0x00003988                TCC1_Handler
                0x00003988                SERCOM2_Handler
                0x00003988                TCC0_Handler
                0x00003988                RTC_Handler
                0x00003988                EIC_Handler
                0x00003988                TC6_Handler
                0x00003988                WDT_Handler
                0x00003988                TC3_Handler
                0x00003988                Dummy_Handler
                0x00003988                PM_Handler
                0x00003988                SVC_Handler
                0x00003988                TCC2_Handler
                0x00003988                EVSYS_Handler
                0x00003988                SERCOM3_Handler
                0x00003988                SERCOM4_Handler
                0x00003988                I2S_Handler
                0x00003988                NVMCTRL_Handler
                0x00003988                DAC_Handler
                0x00003988                PTC_Handler
                0x00003988                SYSCTRL_Handler
 *fill*         0x0000398a        0x2 
 .text.USB_Handler
                0x0000398c       0x14 C:\Users\otavi\AppData\Local\Temp\VMicroBuilds\ArduinoIoT1\mkr1000/core.a(cortex_handlers.c.o)
                0x0000398c                USB_Handler
 .text.Reset_Handler
                0x000039a0       0x58 C:\Users\otavi\AppData\Local\Temp\VMicroBuilds\ArduinoIoT1\mkr1000/core.a(cortex_handlers.c.o)
                0x000039a0                Reset_Handler
 .text.SysTick_Handler
                0x000039f8       0x10 C:\Users\otavi\AppData\Local\Temp\VMicroBuilds\ArduinoIoT1\mkr1000/core.a(cortex_handlers.c.o)
                0x000039f8                SysTick_Handler
 .text.USB_SetHandler
                0x00003a08        0xc C:\Users\otavi\AppData\Local\Temp\VMicroBuilds\ArduinoIoT1\mkr1000/core.a(cortex_handlers.c.o)
                0x00003a08                USB_SetHandler
 .text.millis   0x00003a14        0xc C:\Users\otavi\AppData\Local\Temp\VMicroBuilds\ArduinoIoT1\mkr1000/core.a(delay.c.o)
                0x00003a14                millis
 .text.delay    0x00003a20       0x20 C:\Users\otavi\AppData\Local\Temp\VMicroBuilds\ArduinoIoT1\mkr1000/core.a(delay.c.o)
                0x00003a20                delay
 .text.SysTick_DefaultHandler
                0x00003a40       0x14 C:\Users\otavi\AppData\Local\Temp\VMicroBuilds\ArduinoIoT1\mkr1000/core.a(delay.c.o)
                0x00003a40                SysTick_DefaultHandler
 .text.__empty  0x00003a54        0x2 C:\Users\otavi\AppData\Local\Temp\VMicroBuilds\ArduinoIoT1\mkr1000/core.a(hooks.c.o)
                0x00003a54                yield
 .text.__false  0x00003a56        0x4 C:\Users\otavi\AppData\Local\Temp\VMicroBuilds\ArduinoIoT1\mkr1000/core.a(hooks.c.o)
                0x00003a56                sysTickHook
 *fill*         0x00003a5a        0x2 
 .text.SystemInit
                0x00003a5c      0x16c C:\Users\otavi\AppData\Local\Temp\VMicroBuilds\ArduinoIoT1\mkr1000/core.a(startup.c.o)
                0x00003a5c                SystemInit
 .text.init     0x00003bc8       0xe4 C:\Users\otavi\AppData\Local\Temp\VMicroBuilds\ArduinoIoT1\mkr1000/core.a(wiring.c.o)
                0x00003bc8                init
 .text.mapResolution
                0x00003cac       0x12 C:\Users\otavi\AppData\Local\Temp\VMicroBuilds\ArduinoIoT1\mkr1000/core.a(wiring_analog.c.o)
 *fill*         0x00003cbe        0x2 
 .text.analogReference
                0x00003cc0       0x5c C:\Users\otavi\AppData\Local\Temp\VMicroBuilds\ArduinoIoT1\mkr1000/core.a(wiring_analog.c.o)
                0x00003cc0                analogReference
 .text.analogRead
                0x00003d1c       0xd8 C:\Users\otavi\AppData\Local\Temp\VMicroBuilds\ArduinoIoT1\mkr1000/core.a(wiring_analog.c.o)
                0x00003d1c                analogRead
 .text.analogWrite
                0x00003df4      0x19c C:\Users\otavi\AppData\Local\Temp\VMicroBuilds\ArduinoIoT1\mkr1000/core.a(wiring_analog.c.o)
                0x00003df4                analogWrite
 .text.pinMode  0x00003f90       0xb8 C:\Users\otavi\AppData\Local\Temp\VMicroBuilds\ArduinoIoT1\mkr1000/core.a(wiring_digital.c.o)
                0x00003f90                pinMode
 .text.digitalWrite
                0x00004048       0x44 C:\Users\otavi\AppData\Local\Temp\VMicroBuilds\ArduinoIoT1\mkr1000/core.a(wiring_digital.c.o)
                0x00004048                digitalWrite
 .text.digitalRead
                0x0000408c       0x30 C:\Users\otavi\AppData\Local\Temp\VMicroBuilds\ArduinoIoT1\mkr1000/core.a(wiring_digital.c.o)
                0x0000408c                digitalRead
 .text.pinPeripheral
                0x000040bc       0xc4 C:\Users\otavi\AppData\Local\Temp\VMicroBuilds\ArduinoIoT1\mkr1000/core.a(wiring_private.c.o)
                0x000040bc                pinPeripheral
 .text._ZNK9IPAddress7printToER5Print
                0x00004180       0x3c C:\Users\otavi\AppData\Local\Temp\VMicroBuilds\ArduinoIoT1\mkr1000/core.a(IPAddress.cpp.o)
                0x00004180                IPAddress::printTo(Print&) const
 .text._ZN9IPAddressC2Ehhhh
                0x000041bc       0x1c C:\Users\otavi\AppData\Local\Temp\VMicroBuilds\ArduinoIoT1\mkr1000/core.a(IPAddress.cpp.o)
                0x000041bc                IPAddress::IPAddress(unsigned char, unsigned char, unsigned char, unsigned char)
                0x000041bc                IPAddress::IPAddress(unsigned char, unsigned char, unsigned char, unsigned char)
 .text.startup._GLOBAL__sub_I__ZN9IPAddressC2Ev
                0x000041d8       0x1c C:\Users\otavi\AppData\Local\Temp\VMicroBuilds\ArduinoIoT1\mkr1000/core.a(IPAddress.cpp.o)
 .text._Z11initVariantv
                0x000041f4        0x2 C:\Users\otavi\AppData\Local\Temp\VMicroBuilds\ArduinoIoT1\mkr1000/core.a(main.cpp.o)
                0x000041f4                initVariant()
 *fill*         0x000041f6        0x2 
 .text.startup.main
                0x000041f8       0x3c C:\Users\otavi\AppData\Local\Temp\VMicroBuilds\ArduinoIoT1\mkr1000/core.a(main.cpp.o)
                0x000041f8                main
 .text._ZN5Print5writeEPKhj
                0x00004234       0x28 C:\Users\otavi\AppData\Local\Temp\VMicroBuilds\ArduinoIoT1\mkr1000/core.a(Print.cpp.o)
                0x00004234                Print::write(unsigned char const*, unsigned int)
 .text._ZN5Print5writeEPKc
                0x0000425c       0x1c C:\Users\otavi\AppData\Local\Temp\VMicroBuilds\ArduinoIoT1\mkr1000/core.a(Print.cpp.o)
                0x0000425c                Print::write(char const*)
 .text._ZN5Print5printEPKc
                0x00004278        0x8 C:\Users\otavi\AppData\Local\Temp\VMicroBuilds\ArduinoIoT1\mkr1000/core.a(Print.cpp.o)
                0x00004278                Print::print(char const*)
 .text._ZN5Print5printEc
                0x00004280        0xa C:\Users\otavi\AppData\Local\Temp\VMicroBuilds\ArduinoIoT1\mkr1000/core.a(Print.cpp.o)
                0x00004280                Print::print(char)
 .text._ZN5Print11printNumberEmh
                0x0000428a       0x4e C:\Users\otavi\AppData\Local\Temp\VMicroBuilds\ArduinoIoT1\mkr1000/core.a(Print.cpp.o)
                0x0000428a                Print::printNumber(unsigned long, unsigned char)
 .text._ZN5Print5printEmi
                0x000042d8       0x18 C:\Users\otavi\AppData\Local\Temp\VMicroBuilds\ArduinoIoT1\mkr1000/core.a(Print.cpp.o)
                0x000042d8                Print::print(unsigned long, int)
 .text._ZN5Print5printEhi
                0x000042f0        0x8 C:\Users\otavi\AppData\Local\Temp\VMicroBuilds\ArduinoIoT1\mkr1000/core.a(Print.cpp.o)
                0x000042f0                Print::print(unsigned char, int)
 .text.initiateReset
                0x000042f8        0xc C:\Users\otavi\AppData\Local\Temp\VMicroBuilds\ArduinoIoT1\mkr1000/core.a(Reset.cpp.o)
                0x000042f8                initiateReset
 .text.cancelReset
                0x00004304       0x10 C:\Users\otavi\AppData\Local\Temp\VMicroBuilds\ArduinoIoT1\mkr1000/core.a(Reset.cpp.o)
                0x00004304                cancelReset
 .text.tickReset
                0x00004314       0x5c C:\Users\otavi\AppData\Local\Temp\VMicroBuilds\ArduinoIoT1\mkr1000/core.a(Reset.cpp.o)
                0x00004314                tickReset
 .text._ZN10RingBufferC2Ev
                0x00004370       0x16 C:\Users\otavi\AppData\Local\Temp\VMicroBuilds\ArduinoIoT1\mkr1000/core.a(RingBuffer.cpp.o)
                0x00004370                RingBuffer::RingBuffer()
                0x00004370                RingBuffer::RingBuffer()
 .text._ZN10RingBuffer10store_charEh
                0x00004386       0x16 C:\Users\otavi\AppData\Local\Temp\VMicroBuilds\ArduinoIoT1\mkr1000/core.a(RingBuffer.cpp.o)
                0x00004386                RingBuffer::store_char(unsigned char)
 .text._ZN10RingBuffer5clearEv
                0x0000439c        0x8 C:\Users\otavi\AppData\Local\Temp\VMicroBuilds\ArduinoIoT1\mkr1000/core.a(RingBuffer.cpp.o)
                0x0000439c                RingBuffer::clear()
 .text._ZN10RingBuffer9read_charEv
                0x000043a4       0x1c C:\Users\otavi\AppData\Local\Temp\VMicroBuilds\ArduinoIoT1\mkr1000/core.a(RingBuffer.cpp.o)
                0x000043a4                RingBuffer::read_char()
 .text._ZN10RingBuffer9availableEv
                0x000043c0        0xc C:\Users\otavi\AppData\Local\Temp\VMicroBuilds\ArduinoIoT1\mkr1000/core.a(RingBuffer.cpp.o)
                0x000043c0                RingBuffer::available()
 .text._ZN10RingBuffer4peekEv
                0x000043cc       0x12 C:\Users\otavi\AppData\Local\Temp\VMicroBuilds\ArduinoIoT1\mkr1000/core.a(RingBuffer.cpp.o)
                0x000043cc                RingBuffer::peek()
 .text._ZN10RingBuffer6isFullEv
                0x000043de       0x14 C:\Users\otavi\AppData\Local\Temp\VMicroBuilds\ArduinoIoT1\mkr1000/core.a(RingBuffer.cpp.o)
                0x000043de                RingBuffer::isFull()
 .text._ZN6SERCOMC2EP6Sercom
                0x000043f2        0x4 C:\Users\otavi\AppData\Local\Temp\VMicroBuilds\ArduinoIoT1\mkr1000/core.a(SERCOM.cpp.o)
                0x000043f2                SERCOM::SERCOM(Sercom*)
                0x000043f2                SERCOM::SERCOM(Sercom*)
 .text._ZN6SERCOM9initFrameE18SercomUartCharSize15SercomDataOrder16SercomParityMode19SercomNumberStopBit
                0x000043f6       0x38 C:\Users\otavi\AppData\Local\Temp\VMicroBuilds\ArduinoIoT1\mkr1000/core.a(SERCOM.cpp.o)
                0x000043f6                SERCOM::initFrame(SercomUartCharSize, SercomDataOrder, SercomParityMode, SercomNumberStopBit)
 .text._ZN6SERCOM8initPadsE15SercomUartTXPad11SercomRXPad
                0x0000442e       0x26 C:\Users\otavi\AppData\Local\Temp\VMicroBuilds\ArduinoIoT1\mkr1000/core.a(SERCOM.cpp.o)
                0x0000442e                SERCOM::initPads(SercomUartTXPad, SercomRXPad)
 .text._ZN6SERCOM9resetUARTEv
                0x00004454       0x1c C:\Users\otavi\AppData\Local\Temp\VMicroBuilds\ArduinoIoT1\mkr1000/core.a(SERCOM.cpp.o)
                0x00004454                SERCOM::resetUART()
 .text._ZN6SERCOM10enableUARTEv
                0x00004470       0x14 C:\Users\otavi\AppData\Local\Temp\VMicroBuilds\ArduinoIoT1\mkr1000/core.a(SERCOM.cpp.o)
                0x00004470                SERCOM::enableUART()
 .text._ZN6SERCOM9flushUARTEv
                0x00004484        0xa C:\Users\otavi\AppData\Local\Temp\VMicroBuilds\ArduinoIoT1\mkr1000/core.a(SERCOM.cpp.o)
                0x00004484                SERCOM::flushUART()
 .text._ZN6SERCOM15clearStatusUARTEv
                0x0000448e        0x8 C:\Users\otavi\AppData\Local\Temp\VMicroBuilds\ArduinoIoT1\mkr1000/core.a(SERCOM.cpp.o)
                0x0000448e                SERCOM::clearStatusUART()
 .text._ZN6SERCOM17availableDataUARTEv
                0x00004496        0xa C:\Users\otavi\AppData\Local\Temp\VMicroBuilds\ArduinoIoT1\mkr1000/core.a(SERCOM.cpp.o)
                0x00004496                SERCOM::availableDataUART()
 .text._ZN6SERCOM11isUARTErrorEv
                0x000044a0        0x8 C:\Users\otavi\AppData\Local\Temp\VMicroBuilds\ArduinoIoT1\mkr1000/core.a(SERCOM.cpp.o)
                0x000044a0                SERCOM::isUARTError()
 .text._ZN6SERCOM20acknowledgeUARTErrorEv
                0x000044a8        0xe C:\Users\otavi\AppData\Local\Temp\VMicroBuilds\ArduinoIoT1\mkr1000/core.a(SERCOM.cpp.o)
                0x000044a8                SERCOM::acknowledgeUARTError()
 .text._ZN6SERCOM12readDataUARTEv
                0x000044b6        0x8 C:\Users\otavi\AppData\Local\Temp\VMicroBuilds\ArduinoIoT1\mkr1000/core.a(SERCOM.cpp.o)
                0x000044b6                SERCOM::readDataUART()
 .text._ZN6SERCOM13writeDataUARTEh
                0x000044be        0xe C:\Users\otavi\AppData\Local\Temp\VMicroBuilds\ArduinoIoT1\mkr1000/core.a(SERCOM.cpp.o)
                0x000044be                SERCOM::writeDataUART(unsigned char)
 .text._ZN6SERCOM9resetWIREEv
                0x000044cc       0x1c C:\Users\otavi\AppData\Local\Temp\VMicroBuilds\ArduinoIoT1\mkr1000/core.a(SERCOM.cpp.o)
                0x000044cc                SERCOM::resetWIRE()
 .text._ZN6SERCOM10enableWIREEv
                0x000044e8       0x28 C:\Users\otavi\AppData\Local\Temp\VMicroBuilds\ArduinoIoT1\mkr1000/core.a(SERCOM.cpp.o)
                0x000044e8                SERCOM::enableWIRE()
 .text._ZN6SERCOM18prepareNackBitWIREEv
                0x00004510       0x10 C:\Users\otavi\AppData\Local\Temp\VMicroBuilds\ArduinoIoT1\mkr1000/core.a(SERCOM.cpp.o)
                0x00004510                SERCOM::prepareNackBitWIRE()
 .text._ZN6SERCOM17prepareAckBitWIREEv
                0x00004520       0x14 C:\Users\otavi\AppData\Local\Temp\VMicroBuilds\ArduinoIoT1\mkr1000/core.a(SERCOM.cpp.o)
                0x00004520                SERCOM::prepareAckBitWIRE()
 .text._ZN6SERCOM22prepareCommandBitsWireEh
                0x00004534       0x2c C:\Users\otavi\AppData\Local\Temp\VMicroBuilds\ArduinoIoT1\mkr1000/core.a(SERCOM.cpp.o)
                0x00004534                SERCOM::prepareCommandBitsWire(unsigned char)
 .text._ZN6SERCOM21startTransmissionWIREEh23SercomWireReadWriteFlag
                0x00004560       0x5e C:\Users\otavi\AppData\Local\Temp\VMicroBuilds\ArduinoIoT1\mkr1000/core.a(SERCOM.cpp.o)
                0x00004560                SERCOM::startTransmissionWIRE(unsigned char, SercomWireReadWriteFlag)
 .text._ZN6SERCOM18sendDataMasterWIREEh
                0x000045be       0x22 C:\Users\otavi\AppData\Local\Temp\VMicroBuilds\ArduinoIoT1\mkr1000/core.a(SERCOM.cpp.o)
                0x000045be                SERCOM::sendDataMasterWIRE(unsigned char)
 .text._ZN6SERCOM17sendDataSlaveWIREEh
                0x000045e0       0x18 C:\Users\otavi\AppData\Local\Temp\VMicroBuilds\ArduinoIoT1\mkr1000/core.a(SERCOM.cpp.o)
                0x000045e0                SERCOM::sendDataSlaveWIRE(unsigned char)
 .text._ZN6SERCOM12isMasterWIREEv
                0x000045f8       0x12 C:\Users\otavi\AppData\Local\Temp\VMicroBuilds\ArduinoIoT1\mkr1000/core.a(SERCOM.cpp.o)
                0x000045f8                SERCOM::isMasterWIRE()
 .text._ZN6SERCOM11isSlaveWIREEv
                0x0000460a       0x12 C:\Users\otavi\AppData\Local\Temp\VMicroBuilds\ArduinoIoT1\mkr1000/core.a(SERCOM.cpp.o)
                0x0000460a                SERCOM::isSlaveWIRE()
 .text._ZN6SERCOM15isDataReadyWIREEv
                0x0000461c        0xa C:\Users\otavi\AppData\Local\Temp\VMicroBuilds\ArduinoIoT1\mkr1000/core.a(SERCOM.cpp.o)
                0x0000461c                SERCOM::isDataReadyWIRE()
 .text._ZN6SERCOM18isStopDetectedWIREEv
                0x00004626        0xa C:\Users\otavi\AppData\Local\Temp\VMicroBuilds\ArduinoIoT1\mkr1000/core.a(SERCOM.cpp.o)
                0x00004626                SERCOM::isStopDetectedWIRE()
 .text._ZN6SERCOM21isRestartDetectedWIREEv
                0x00004630        0xa C:\Users\otavi\AppData\Local\Temp\VMicroBuilds\ArduinoIoT1\mkr1000/core.a(SERCOM.cpp.o)
                0x00004630                SERCOM::isRestartDetectedWIRE()
 .text._ZN6SERCOM14isAddressMatchEv
                0x0000463a        0xa C:\Users\otavi\AppData\Local\Temp\VMicroBuilds\ArduinoIoT1\mkr1000/core.a(SERCOM.cpp.o)
                0x0000463a                SERCOM::isAddressMatch()
 .text._ZN6SERCOM25isMasterReadOperationWIREEv
                0x00004644        0xa C:\Users\otavi\AppData\Local\Temp\VMicroBuilds\ArduinoIoT1\mkr1000/core.a(SERCOM.cpp.o)
                0x00004644                SERCOM::isMasterReadOperationWIRE()
 .text._ZN6SERCOM12readDataWIREEv
                0x0000464e       0x1a C:\Users\otavi\AppData\Local\Temp\VMicroBuilds\ArduinoIoT1\mkr1000/core.a(SERCOM.cpp.o)
                0x0000464e                SERCOM::readDataWIRE()
 .text._ZN6SERCOM13initClockNVICEv
                0x00004668       0xac C:\Users\otavi\AppData\Local\Temp\VMicroBuilds\ArduinoIoT1\mkr1000/core.a(SERCOM.cpp.o)
                0x00004668                SERCOM::initClockNVIC()
 .text._ZN6SERCOM8initUARTE14SercomUartMode20SercomUartSampleRatem
                0x00004714       0x6c C:\Users\otavi\AppData\Local\Temp\VMicroBuilds\ArduinoIoT1\mkr1000/core.a(SERCOM.cpp.o)
                0x00004714                SERCOM::initUART(SercomUartMode, SercomUartSampleRate, unsigned long)
 .text._ZN6SERCOM14initMasterWIREEm
                0x00004780       0x38 C:\Users\otavi\AppData\Local\Temp\VMicroBuilds\ArduinoIoT1\mkr1000/core.a(SERCOM.cpp.o)
                0x00004780                SERCOM::initMasterWIRE(unsigned long)
 .text._Z3maplllll
                0x000047b8       0x16 C:\Users\otavi\AppData\Local\Temp\VMicroBuilds\ArduinoIoT1\mkr1000/core.a(WMath.cpp.o)
                0x000047b8                map(long, long, long, long, long)
 *fill*         0x000047ce        0x2 
 .text._ZN7Serial_4peekEv
                0x000047d0       0x2c C:\Users\otavi\AppData\Local\Temp\VMicroBuilds\ArduinoIoT1\mkr1000/core.a(CDC.cpp.o)
                0x000047d0                Serial_::peek()
 .text._ZN7Serial_5writeEh
                0x000047fc       0x14 C:\Users\otavi\AppData\Local\Temp\VMicroBuilds\ArduinoIoT1\mkr1000/core.a(CDC.cpp.o)
                0x000047fc                Serial_::write(unsigned char)
 .text._ZN7Serial_6acceptEv
                0x00004810       0x68 C:\Users\otavi\AppData\Local\Temp\VMicroBuilds\ArduinoIoT1\mkr1000/core.a(CDC.cpp.o)
                0x00004810                Serial_::accept()
 .text._ZN7Serial_4readEv
                0x00004878       0x68 C:\Users\otavi\AppData\Local\Temp\VMicroBuilds\ArduinoIoT1\mkr1000/core.a(CDC.cpp.o)
                0x00004878                Serial_::read()
 .text._ZN7Serial_5flushEv
                0x000048e0        0xc C:\Users\otavi\AppData\Local\Temp\VMicroBuilds\ArduinoIoT1\mkr1000/core.a(CDC.cpp.o)
                0x000048e0                Serial_::flush()
 .text._ZN7Serial_9availableEv
                0x000048ec       0x3c C:\Users\otavi\AppData\Local\Temp\VMicroBuilds\ArduinoIoT1\mkr1000/core.a(CDC.cpp.o)
                0x000048ec                Serial_::available()
 .text._ZN7Serial_5writeEPKhj
                0x00004928       0x2c C:\Users\otavi\AppData\Local\Temp\VMicroBuilds\ArduinoIoT1\mkr1000/core.a(CDC.cpp.o)
                0x00004928                Serial_::write(unsigned char const*, unsigned int)
 .text._Z16CDC_GetInterfacePh
                0x00004954       0x1c C:\Users\otavi\AppData\Local\Temp\VMicroBuilds\ArduinoIoT1\mkr1000/core.a(CDC.cpp.o)
                0x00004954                CDC_GetInterface(unsigned char*)
 .text._Z9CDC_SetupR8USBSetup
                0x00004970       0x80 C:\Users\otavi\AppData\Local\Temp\VMicroBuilds\ArduinoIoT1\mkr1000/core.a(CDC.cpp.o)
                0x00004970                CDC_Setup(USBSetup&)
 .text._ZN7Serial_5beginEm
                0x000049f0        0x2 C:\Users\otavi\AppData\Local\Temp\VMicroBuilds\ArduinoIoT1\mkr1000/core.a(CDC.cpp.o)
                0x000049f0                Serial_::begin(unsigned long)
 *fill*         0x000049f2        0x2 
 .text._ZN7Serial_cvbEv
                0x000049f4       0x28 C:\Users\otavi\AppData\Local\Temp\VMicroBuilds\ArduinoIoT1\mkr1000/core.a(CDC.cpp.o)
                0x000049f4                Serial_::operator bool()
 .text.startup._GLOBAL__sub_I_cdc_rx_buffer
                0x00004a1c       0x24 C:\Users\otavi\AppData\Local\Temp\VMicroBuilds\ArduinoIoT1\mkr1000/core.a(CDC.cpp.o)
 .text._ZN14USBDeviceClass6initEPEmm.part.1
                0x00004a40       0x80 C:\Users\otavi\AppData\Local\Temp\VMicroBuilds\ArduinoIoT1\mkr1000/core.a(USBCore.cpp.o)
 .text._ZN20USBDevice_SAMD21G18x5resetEv
                0x00004ac0       0x28 C:\Users\otavi\AppData\Local\Temp\VMicroBuilds\ArduinoIoT1\mkr1000/core.a(USBCore.cpp.o)
                0x00004ac0                USBDevice_SAMD21G18x::reset()
 .text._ZN20USBDevice_SAMD21G18x9calibrateEv
                0x00004ae8       0x5c C:\Users\otavi\AppData\Local\Temp\VMicroBuilds\ArduinoIoT1\mkr1000/core.a(USBCore.cpp.o)
                0x00004ae8                USBDevice_SAMD21G18x::calibrate()
 .text._ZN14USBDeviceClass14SendInterfacesEPm
                0x00004b44       0x2c C:\Users\otavi\AppData\Local\Temp\VMicroBuilds\ArduinoIoT1\mkr1000/core.a(USBCore.cpp.o)
                0x00004b44                USBDeviceClass::SendInterfaces(unsigned long*)
 .text._ZN14USBDeviceClass4initEv
                0x00004b70       0xc0 C:\Users\otavi\AppData\Local\Temp\VMicroBuilds\ArduinoIoT1\mkr1000/core.a(USBCore.cpp.o)
                0x00004b70                USBDeviceClass::init()
 .text._ZN14USBDeviceClass6attachEv
                0x00004c30       0x34 C:\Users\otavi\AppData\Local\Temp\VMicroBuilds\ArduinoIoT1\mkr1000/core.a(USBCore.cpp.o)
                0x00004c30                USBDeviceClass::attach()
 .text._ZN14USBDeviceClass10setAddressEm
                0x00004c64       0x48 C:\Users\otavi\AppData\Local\Temp\VMicroBuilds\ArduinoIoT1\mkr1000/core.a(USBCore.cpp.o)
                0x00004c64                USBDeviceClass::setAddress(unsigned long)
 .text._ZN14USBDeviceClass25handleClassInterfaceSetupER8USBSetup
                0x00004cac       0x40 C:\Users\otavi\AppData\Local\Temp\VMicroBuilds\ArduinoIoT1\mkr1000/core.a(USBCore.cpp.o)
                0x00004cac                USBDeviceClass::handleClassInterfaceSetup(USBSetup&)
 .text._ZN14USBDeviceClass6initEPEmm
                0x00004cec       0xe4 C:\Users\otavi\AppData\Local\Temp\VMicroBuilds\ArduinoIoT1\mkr1000/core.a(USBCore.cpp.o)
                0x00004cec                USBDeviceClass::initEP(unsigned long, unsigned long)
 .text._ZN14USBDeviceClass13initEndpointsEv
                0x00004dd0       0x24 C:\Users\otavi\AppData\Local\Temp\VMicroBuilds\ArduinoIoT1\mkr1000/core.a(USBCore.cpp.o)
                0x00004dd0                USBDeviceClass::initEndpoints()
 .text._ZN14USBDeviceClass5flushEm
                0x00004df4       0x2c C:\Users\otavi\AppData\Local\Temp\VMicroBuilds\ArduinoIoT1\mkr1000/core.a(USBCore.cpp.o)
                0x00004df4                USBDeviceClass::flush(unsigned long)
 .text._ZN14USBDeviceClass9availableEm
                0x00004e20       0x14 C:\Users\otavi\AppData\Local\Temp\VMicroBuilds\ArduinoIoT1\mkr1000/core.a(USBCore.cpp.o)
                0x00004e20                USBDeviceClass::available(unsigned long)
 .text._ZN14USBDeviceClass14armRecvCtrlOUTEm
                0x00004e34       0x60 C:\Users\otavi\AppData\Local\Temp\VMicroBuilds\ArduinoIoT1\mkr1000/core.a(USBCore.cpp.o)
                0x00004e34                USBDeviceClass::armRecvCtrlOUT(unsigned long)
 .text._ZN14USBDeviceClass11recvControlEPvm
                0x00004e94       0x3c C:\Users\otavi\AppData\Local\Temp\VMicroBuilds\ArduinoIoT1\mkr1000/core.a(USBCore.cpp.o)
                0x00004e94                USBDeviceClass::recvControl(void*, unsigned long)
 .text._ZN14USBDeviceClass7armRecvEm
                0x00004ed0       0x3c C:\Users\otavi\AppData\Local\Temp\VMicroBuilds\ArduinoIoT1\mkr1000/core.a(USBCore.cpp.o)
                0x00004ed0                USBDeviceClass::armRecv(unsigned long)
 .text._ZN14USBDeviceClass4recvEmPvm
                0x00004f0c       0x90 C:\Users\otavi\AppData\Local\Temp\VMicroBuilds\ArduinoIoT1\mkr1000/core.a(USBCore.cpp.o)
                0x00004f0c                USBDeviceClass::recv(unsigned long, void*, unsigned long)
 .text._ZN14USBDeviceClass4sendEmPKvm
                0x00004f9c       0xa0 C:\Users\otavi\AppData\Local\Temp\VMicroBuilds\ArduinoIoT1\mkr1000/core.a(USBCore.cpp.o)
                0x00004f9c                USBDeviceClass::send(unsigned long, void const*, unsigned long)
 .text._ZN14USBDeviceClass7armSendEmPKvm
                0x0000503c       0x48 C:\Users\otavi\AppData\Local\Temp\VMicroBuilds\ArduinoIoT1\mkr1000/core.a(USBCore.cpp.o)
                0x0000503c                USBDeviceClass::armSend(unsigned long, void const*, unsigned long)
 .text._ZN14USBDeviceClass11sendControlEPKvm
                0x00005084       0x58 C:\Users\otavi\AppData\Local\Temp\VMicroBuilds\ArduinoIoT1\mkr1000/core.a(USBCore.cpp.o)
                0x00005084                USBDeviceClass::sendControl(void const*, unsigned long)
 .text._ZN14USBDeviceClass20sendStringDescriptorEPKhh
                0x000050dc       0x68 C:\Users\otavi\AppData\Local\Temp\VMicroBuilds\ArduinoIoT1\mkr1000/core.a(USBCore.cpp.o)
                0x000050dc                USBDeviceClass::sendStringDescriptor(unsigned char const*, unsigned char)
 .text._ZN14USBDeviceClass12packMessagesEb.part.3
                0x00005144       0x20 C:\Users\otavi\AppData\Local\Temp\VMicroBuilds\ArduinoIoT1\mkr1000/core.a(USBCore.cpp.o)
 .text._ZN14USBDeviceClass17sendConfigurationEm
                0x00005164       0x90 C:\Users\otavi\AppData\Local\Temp\VMicroBuilds\ArduinoIoT1\mkr1000/core.a(USBCore.cpp.o)
                0x00005164                USBDeviceClass::sendConfiguration(unsigned long)
 .text._ZN14USBDeviceClass14sendDescriptorER8USBSetup
                0x000051f4       0xb4 C:\Users\otavi\AppData\Local\Temp\VMicroBuilds\ArduinoIoT1\mkr1000/core.a(USBCore.cpp.o)
                0x000051f4                USBDeviceClass::sendDescriptor(USBSetup&)
 .text._ZN14USBDeviceClass19handleStandardSetupER8USBSetup
                0x000052a8      0x11c C:\Users\otavi\AppData\Local\Temp\VMicroBuilds\ArduinoIoT1\mkr1000/core.a(USBCore.cpp.o)
                0x000052a8                USBDeviceClass::handleStandardSetup(USBSetup&)
 .text.startup._GLOBAL__sub_I__ZN20USBDevice_SAMD21G18x5resetEv
                0x000053c4       0x10 C:\Users\otavi\AppData\Local\Temp\VMicroBuilds\ArduinoIoT1\mkr1000/core.a(USBCore.cpp.o)
 .text._ZN14USBDeviceClass14handleEndpointEh
                0x000053d4       0x5c C:\Users\otavi\AppData\Local\Temp\VMicroBuilds\ArduinoIoT1\mkr1000/core.a(USBCore.cpp.o)
                0x000053d4                USBDeviceClass::handleEndpoint(unsigned char)
 .text._ZN14USBDeviceClass10ISRHandlerEv
                0x00005430       0xf8 C:\Users\otavi\AppData\Local\Temp\VMicroBuilds\ArduinoIoT1\mkr1000/core.a(USBCore.cpp.o)
                0x00005430                USBDeviceClass::ISRHandler()
 .text.UDD_Handler
                0x00005528       0x10 C:\Users\otavi\AppData\Local\Temp\VMicroBuilds\ArduinoIoT1\mkr1000/core.a(USBCore.cpp.o)
                0x00005528                UDD_Handler
 .text.SERCOM5_Handler
                0x00005538       0x10 C:\Users\otavi\AppData\Local\Temp\VMicroBuilds\ArduinoIoT1\mkr1000/core.a(variant.cpp.o)
                0x00005538                SERCOM5_Handler
 .text.startup._GLOBAL__sub_I_g_APinDescription
                0x00005548       0x80 C:\Users\otavi\AppData\Local\Temp\VMicroBuilds\ArduinoIoT1\mkr1000/core.a(variant.cpp.o)
 .text._ZN4UartcvbEv
                0x000055c8        0x4 C:\Users\otavi\AppData\Local\Temp\VMicroBuilds\ArduinoIoT1\mkr1000/core.a(Uart.cpp.o)
                0x000055c8                Uart::operator bool()
 .text._ZN4Uart5beginEm
                0x000055cc        0xc C:\Users\otavi\AppData\Local\Temp\VMicroBuilds\ArduinoIoT1\mkr1000/core.a(Uart.cpp.o)
                0x000055cc                Uart::begin(unsigned long)
 .text._ZN4Uart3endEv
                0x000055d8       0x14 C:\Users\otavi\AppData\Local\Temp\VMicroBuilds\ArduinoIoT1\mkr1000/core.a(Uart.cpp.o)
                0x000055d8                Uart::end()
 .text._ZN4Uart5flushEv
                0x000055ec        0xa C:\Users\otavi\AppData\Local\Temp\VMicroBuilds\ArduinoIoT1\mkr1000/core.a(Uart.cpp.o)
                0x000055ec                Uart::flush()
 .text._ZN4Uart9availableEv
                0x000055f6        0xa C:\Users\otavi\AppData\Local\Temp\VMicroBuilds\ArduinoIoT1\mkr1000/core.a(Uart.cpp.o)
                0x000055f6                Uart::available()
 .text._ZN4Uart4peekEv
                0x00005600        0xa C:\Users\otavi\AppData\Local\Temp\VMicroBuilds\ArduinoIoT1\mkr1000/core.a(Uart.cpp.o)
                0x00005600                Uart::peek()
 .text._ZN4Uart4readEv
                0x0000560a        0xa C:\Users\otavi\AppData\Local\Temp\VMicroBuilds\ArduinoIoT1\mkr1000/core.a(Uart.cpp.o)
                0x0000560a                Uart::read()
 .text._ZN4Uart5writeEh
                0x00005614        0xc C:\Users\otavi\AppData\Local\Temp\VMicroBuilds\ArduinoIoT1\mkr1000/core.a(Uart.cpp.o)
                0x00005614                Uart::write(unsigned char)
 .text._ZN4UartC2EP6SERCOMhh11SercomRXPad15SercomUartTXPad
                0x00005620       0x48 C:\Users\otavi\AppData\Local\Temp\VMicroBuilds\ArduinoIoT1\mkr1000/core.a(Uart.cpp.o)
                0x00005620                Uart::Uart(SERCOM*, unsigned char, unsigned char, SercomRXPad, SercomUartTXPad)
                0x00005620                Uart::Uart(SERCOM*, unsigned char, unsigned char, SercomRXPad, SercomUartTXPad)
 .text._ZN4Uart10IrqHandlerEv
                0x00005668       0x36 C:\Users\otavi\AppData\Local\Temp\VMicroBuilds\ArduinoIoT1\mkr1000/core.a(Uart.cpp.o)
                0x00005668                Uart::IrqHandler()
 .text._ZN4Uart16extractNbStopBitEt
                0x0000569e        0xe C:\Users\otavi\AppData\Local\Temp\VMicroBuilds\ArduinoIoT1\mkr1000/core.a(Uart.cpp.o)
                0x0000569e                Uart::extractNbStopBit(unsigned short)
 .text._ZN4Uart15extractCharSizeEt
                0x000056ac       0x2c C:\Users\otavi\AppData\Local\Temp\VMicroBuilds\ArduinoIoT1\mkr1000/core.a(Uart.cpp.o)
                0x000056ac                Uart::extractCharSize(unsigned short)
 .text._ZN4Uart13extractParityEt
                0x000056d8       0x18 C:\Users\otavi\AppData\Local\Temp\VMicroBuilds\ArduinoIoT1\mkr1000/core.a(Uart.cpp.o)
                0x000056d8                Uart::extractParity(unsigned short)
 .text._ZN4Uart5beginEmt
                0x000056f0       0x88 C:\Users\otavi\AppData\Local\Temp\VMicroBuilds\ArduinoIoT1\mkr1000/core.a(Uart.cpp.o)
                0x000056f0                Uart::begin(unsigned long, unsigned short)
 .text._ZN13PluggableUSB_12getInterfaceEPh
                0x00005778       0x2a C:\Users\otavi\AppData\Local\Temp\VMicroBuilds\ArduinoIoT1\mkr1000/core.a(PluggableUSB.cpp.o)
                0x00005778                PluggableUSB_::getInterface(unsigned char*)
 .text._ZN13PluggableUSB_13getDescriptorER8USBSetup
                0x000057a2       0x20 C:\Users\otavi\AppData\Local\Temp\VMicroBuilds\ArduinoIoT1\mkr1000/core.a(PluggableUSB.cpp.o)
                0x000057a2                PluggableUSB_::getDescriptor(USBSetup&)
 .text._ZN13PluggableUSB_12getShortNameEPc
                0x000057c2       0x1e C:\Users\otavi\AppData\Local\Temp\VMicroBuilds\ArduinoIoT1\mkr1000/core.a(PluggableUSB.cpp.o)
                0x000057c2                PluggableUSB_::getShortName(char*)
 .text._ZN13PluggableUSB_5setupER8USBSetup
                0x000057e0       0x24 C:\Users\otavi\AppData\Local\Temp\VMicroBuilds\ArduinoIoT1\mkr1000/core.a(PluggableUSB.cpp.o)
                0x000057e0                PluggableUSB_::setup(USBSetup&)
 .text._Z12PluggableUSBv
                0x00005804       0x24 C:\Users\otavi\AppData\Local\Temp\VMicroBuilds\ArduinoIoT1\mkr1000/core.a(PluggableUSB.cpp.o)
                0x00005804                PluggableUSB()
 .text          0x00005828       0x14 c:/users/otavi/appdata/local/arduino15/packages/arduino/tools/arm-none-eabi-gcc/4.8.3-2014q1/bin/../lib/gcc/arm-none-eabi/4.8.3/armv6-m\libgcc.a(_thumb1_case_uqi.o)
                0x00005828                __gnu_thumb1_case_uqi
 .text          0x0000583c       0x14 c:/users/otavi/appdata/local/arduino15/packages/arduino/tools/arm-none-eabi-gcc/4.8.3-2014q1/bin/../lib/gcc/arm-none-eabi/4.8.3/armv6-m\libgcc.a(_thumb1_case_uhi.o)
                0x0000583c                __gnu_thumb1_case_uhi
 .text          0x00005850       0x9c c:/users/otavi/appdata/local/arduino15/packages/arduino/tools/arm-none-eabi-gcc/4.8.3-2014q1/bin/../lib/gcc/arm-none-eabi/4.8.3/armv6-m\libgcc.a(_udivsi3.o)
                0x00005850                __aeabi_uidiv
                0x00005850                __udivsi3
                0x000058d8                __aeabi_uidivmod
 .text          0x000058ec       0xc0 c:/users/otavi/appdata/local/arduino15/packages/arduino/tools/arm-none-eabi-gcc/4.8.3-2014q1/bin/../lib/gcc/arm-none-eabi/4.8.3/armv6-m\libgcc.a(_divsi3.o)
                0x000058ec                __divsi3
                0x000058ec                __aeabi_idiv
                0x00005998                __aeabi_idivmod
 .text          0x000059ac        0x4 c:/users/otavi/appdata/local/arduino15/packages/arduino/tools/arm-none-eabi-gcc/4.8.3-2014q1/bin/../lib/gcc/arm-none-eabi/4.8.3/armv6-m\libgcc.a(_dvmd_tls.o)
                0x000059ac                __aeabi_idiv0
                0x000059ac                __aeabi_ldiv0
 .text.__libc_init_array
                0x000059b0       0x4c c:/users/otavi/appdata/local/arduino15/packages/arduino/tools/arm-none-eabi-gcc/4.8.3-2014q1/bin/../lib/gcc/arm-none-eabi/4.8.3/../../../../arm-none-eabi/lib/armv6-m\libc_s.a(lib_a-init.o)
                0x000059b0                __libc_init_array
 .text.malloc   0x000059fc       0x14 c:/users/otavi/appdata/local/arduino15/packages/arduino/tools/arm-none-eabi-gcc/4.8.3-2014q1/bin/../lib/gcc/arm-none-eabi/4.8.3/../../../../arm-none-eabi/lib/armv6-m\libc_s.a(lib_a-malloc.o)
                0x000059fc                malloc
 .text.free     0x00005a10       0x14 c:/users/otavi/appdata/local/arduino15/packages/arduino/tools/arm-none-eabi-gcc/4.8.3-2014q1/bin/../lib/gcc/arm-none-eabi/4.8.3/../../../../arm-none-eabi/lib/armv6-m\libc_s.a(lib_a-malloc.o)
                0x00005a10                free
 .text.memcpy   0x00005a24       0x12 c:/users/otavi/appdata/local/arduino15/packages/arduino/tools/arm-none-eabi-gcc/4.8.3-2014q1/bin/../lib/gcc/arm-none-eabi/4.8.3/../../../../arm-none-eabi/lib/armv6-m\libc_s.a(lib_a-memcpy-stub.o)
                0x00005a24                memcpy
 .text.memset   0x00005a36       0x10 c:/users/otavi/appdata/local/arduino15/packages/arduino/tools/arm-none-eabi-gcc/4.8.3-2014q1/bin/../lib/gcc/arm-none-eabi/4.8.3/../../../../arm-none-eabi/lib/armv6-m\libc_s.a(lib_a-memset.o)
                0x00005a36                memset
 *fill*         0x00005a46        0x2 
 .text._free_r  0x00005a48       0x90 c:/users/otavi/appdata/local/arduino15/packages/arduino/tools/arm-none-eabi-gcc/4.8.3-2014q1/bin/../lib/gcc/arm-none-eabi/4.8.3/../../../../arm-none-eabi/lib/armv6-m\libc_s.a(lib_a-nano-freer.o)
                0x00005a48                _free_r
 .text._malloc_r
                0x00005ad8       0xa8 c:/users/otavi/appdata/local/arduino15/packages/arduino/tools/arm-none-eabi-gcc/4.8.3-2014q1/bin/../lib/gcc/arm-none-eabi/4.8.3/../../../../arm-none-eabi/lib/armv6-m\libc_s.a(lib_a-nano-mallocr.o)
                0x00005ad8                _malloc_r
 .text._sbrk_r  0x00005b80       0x24 c:/users/otavi/appdata/local/arduino15/packages/arduino/tools/arm-none-eabi-gcc/4.8.3-2014q1/bin/../lib/gcc/arm-none-eabi/4.8.3/../../../../arm-none-eabi/lib/armv6-m\libc_s.a(lib_a-sbrkr.o)
                0x00005b80                _sbrk_r
 .text.strlen   0x00005ba4        0xe c:/users/otavi/appdata/local/arduino15/packages/arduino/tools/arm-none-eabi-gcc/4.8.3-2014q1/bin/../lib/gcc/arm-none-eabi/4.8.3/../../../../arm-none-eabi/lib/armv6-m\libc_s.a(lib_a-strlen.o)
                0x00005ba4                strlen
 .text.strncpy  0x00005bb2       0x28 c:/users/otavi/appdata/local/arduino15/packages/arduino/tools/arm-none-eabi-gcc/4.8.3-2014q1/bin/../lib/gcc/arm-none-eabi/4.8.3/../../../../arm-none-eabi/lib/armv6-m\libc_s.a(lib_a-strncpy.o)
                0x00005bb2                strncpy
 .text.strrchr  0x00005bda       0x22 c:/users/otavi/appdata/local/arduino15/packages/arduino/tools/arm-none-eabi-gcc/4.8.3-2014q1/bin/../lib/gcc/arm-none-eabi/4.8.3/../../../../arm-none-eabi/lib/armv6-m\libc_s.a(lib_a-strrchr.o)
                0x00005bda                strrchr
 .text.strstr   0x00005bfc       0x32 c:/users/otavi/appdata/local/arduino15/packages/arduino/tools/arm-none-eabi-gcc/4.8.3-2014q1/bin/../lib/gcc/arm-none-eabi/4.8.3/../../../../arm-none-eabi/lib/armv6-m\libc_s.a(lib_a-strstr.o)
                0x00005bfc                strstr
 .text.strchr   0x00005c2e       0x18 c:/users/otavi/appdata/local/arduino15/packages/arduino/tools/arm-none-eabi-gcc/4.8.3-2014q1/bin/../lib/gcc/arm-none-eabi/4.8.3/../../../../arm-none-eabi/lib/armv6-m\libc_s.a(lib_a-strchr.o)
                0x00005c2e                strchr
 *fill*         0x00005c46        0x2 
 .text._sbrk    0x00005c48       0x34 c:/users/otavi/appdata/local/arduino15/packages/arduino/tools/arm-none-eabi-gcc/4.8.3-2014q1/bin/../lib/gcc/arm-none-eabi/4.8.3/../../../../arm-none-eabi/lib/armv6-m\libnosys.a(sbrk.o)
                0x00005c48                _sbrk
 *(.init)
 .init          0x00005c7c        0x4 c:/users/otavi/appdata/local/arduino15/packages/arduino/tools/arm-none-eabi-gcc/4.8.3-2014q1/bin/../lib/gcc/arm-none-eabi/4.8.3/armv6-m/crti.o
                0x00005c7c                _init
 .init          0x00005c80        0x8 c:/users/otavi/appdata/local/arduino15/packages/arduino/tools/arm-none-eabi-gcc/4.8.3-2014q1/bin/../lib/gcc/arm-none-eabi/4.8.3/armv6-m/crtn.o
 *(.fini)
 .fini          0x00005c88        0x4 c:/users/otavi/appdata/local/arduino15/packages/arduino/tools/arm-none-eabi-gcc/4.8.3-2014q1/bin/../lib/gcc/arm-none-eabi/4.8.3/armv6-m/crti.o
                0x00005c88                _fini
 .fini          0x00005c8c        0x8 c:/users/otavi/appdata/local/arduino15/packages/arduino/tools/arm-none-eabi-gcc/4.8.3-2014q1/bin/../lib/gcc/arm-none-eabi/4.8.3/armv6-m/crtn.o
 *crtbegin.o(.ctors)
 *crtbegin?.o(.ctors)
 *(EXCLUDE_FILE(*crtend.o *crtend?.o) .ctors)
 *(SORT(.ctors.*))
 *(.ctors)
 *crtbegin.o(.dtors)
 *crtbegin?.o(.dtors)
 *(EXCLUDE_FILE(*crtend.o *crtend?.o) .dtors)
 *(SORT(.dtors.*))
 *(.dtors)
 *(.rodata*)
 .rodata.str1.1
                0x00005c94      0x115 C:\Users\otavi\AppData\Local\Temp\VMicroBuilds\ArduinoIoT1\mkr1000\ArduinoIoT1.cpp.o
 .rodata.str1.1
                0x00000000      0x115 C:\Users\otavi\AppData\Local\Temp\VMicroBuilds\ArduinoIoT1\mkr1000\Firmata\Firmata.cpp.o
                                  0x5 (size before relaxing)
 .rodata.str1.1
                0x00005da9       0x58 C:\Users\otavi\AppData\Local\Temp\VMicroBuilds\ArduinoIoT1\mkr1000\VM_DBG\VM_DBG.cpp.o
 *fill*         0x00005e01        0x7 
 .rodata._ZTV7TwoWire
                0x00005e08       0x20 C:\Users\otavi\AppData\Local\Temp\VMicroBuilds\ArduinoIoT1\mkr1000\Wire\Wire.cpp.o
                0x00005e08                vtable for TwoWire
 .rodata._ZTV9IPAddress
                0x00005e28       0x10 C:\Users\otavi\AppData\Local\Temp\VMicroBuilds\ArduinoIoT1\mkr1000/core.a(IPAddress.cpp.o)
                0x00005e28                vtable for IPAddress
 .rodata._ZTV7Serial_
                0x00005e38       0x28 C:\Users\otavi\AppData\Local\Temp\VMicroBuilds\ArduinoIoT1\mkr1000/core.a(CDC.cpp.o)
                0x00005e38                vtable for Serial_
 .rodata._ZL15STRING_LANGUAGE
                0x00005e60        0x4 C:\Users\otavi\AppData\Local\Temp\VMicroBuilds\ArduinoIoT1\mkr1000/core.a(USBCore.cpp.o)
 .rodata._ZL19STRING_MANUFACTURER
                0x00005e64        0xc C:\Users\otavi\AppData\Local\Temp\VMicroBuilds\ArduinoIoT1\mkr1000/core.a(USBCore.cpp.o)
 .rodata._ZL21USB_DeviceDescriptorB
                0x00005e70       0x12 C:\Users\otavi\AppData\Local\Temp\VMicroBuilds\ArduinoIoT1\mkr1000/core.a(USBCore.cpp.o)
 .rodata._ZL14STRING_PRODUCT
                0x00005e82       0x10 C:\Users\otavi\AppData\Local\Temp\VMicroBuilds\ArduinoIoT1\mkr1000/core.a(USBCore.cpp.o)
 *fill*         0x00005e92        0x2 
 .rodata.g_APinDescription
                0x00005e94      0x360 C:\Users\otavi\AppData\Local\Temp\VMicroBuilds\ArduinoIoT1\mkr1000/core.a(variant.cpp.o)
                0x00005e94                g_APinDescription
 *fill*         0x000061f4        0x4 
 .rodata._ZTV4Uart
                0x000061f8       0x30 C:\Users\otavi\AppData\Local\Temp\VMicroBuilds\ArduinoIoT1\mkr1000/core.a(Uart.cpp.o)
                0x000061f8                vtable for Uart
 .rodata.str1.1
                0x00006228        0x2 c:/users/otavi/appdata/local/arduino15/packages/arduino/tools/arm-none-eabi-gcc/4.8.3-2014q1/bin/../lib/gcc/arm-none-eabi/4.8.3/../../../../arm-none-eabi/lib/armv6-m\libc_s.a(lib_a-impure.o)
 *(.eh_frame*)
 *fill*         0x0000622a        0x2 
 .eh_frame      0x0000622c        0x0 c:/users/otavi/appdata/local/arduino15/packages/arduino/tools/arm-none-eabi-gcc/4.8.3-2014q1/bin/../lib/gcc/arm-none-eabi/4.8.3/armv6-m/crtbegin.o
 .eh_frame      0x0000622c        0x4 c:/users/otavi/appdata/local/arduino15/packages/arduino/tools/arm-none-eabi-gcc/4.8.3-2014q1/bin/../lib/gcc/arm-none-eabi/4.8.3/armv6-m/crtend.o

.glue_7         0x00006230        0x0
 .glue_7        0x00000000        0x0 linker stubs

.glue_7t        0x00006230        0x0
 .glue_7t       0x00000000        0x0 linker stubs

.vfp11_veneer   0x00006230        0x0
 .vfp11_veneer  0x00000000        0x0 linker stubs

.v4_bx          0x00006230        0x0
 .v4_bx         0x00000000        0x0 linker stubs

.iplt           0x00006230        0x0
 .iplt          0x00000000        0x0 c:/users/otavi/appdata/local/arduino15/packages/arduino/tools/arm-none-eabi-gcc/4.8.3-2014q1/bin/../lib/gcc/arm-none-eabi/4.8.3/armv6-m/crtbegin.o

.rel.dyn        0x00006230        0x0
 .rel.iplt      0x00000000        0x0 c:/users/otavi/appdata/local/arduino15/packages/arduino/tools/arm-none-eabi-gcc/4.8.3-2014q1/bin/../lib/gcc/arm-none-eabi/4.8.3/armv6-m/crtbegin.o

.ARM.extab
 *(.ARM.extab* .gnu.linkonce.armextab.*)
                0x00006230                __exidx_start = .

.ARM.exidx
 *(.ARM.exidx* .gnu.linkonce.armexidx.*)
                0x00006230                __exidx_end = .
                0x00006230                __etext = .

.data           0x20000000      0x13c load address 0x00006230
                0x20000000                __data_start__ = .
 *(vtable)
 *(.data*)
 .data.queryIndex
                0x20000000        0x1 C:\Users\otavi\AppData\Local\Temp\VMicroBuilds\ArduinoIoT1\mkr1000\ArduinoIoT1.cpp.o
                0x20000000                queryIndex
 *fill*         0x20000001        0x3 
 .data.samplingInterval
                0x20000004        0x4 C:\Users\otavi\AppData\Local\Temp\VMicroBuilds\ArduinoIoT1\mkr1000\ArduinoIoT1.cpp.o
                0x20000004                samplingInterval
 .data.SystemCoreClock
                0x20000008        0x4 C:\Users\otavi\AppData\Local\Temp\VMicroBuilds\ArduinoIoT1\mkr1000/core.a(wiring.c.o)
                0x20000008                SystemCoreClock
 .data._ADCResolution
                0x2000000c        0x4 C:\Users\otavi\AppData\Local\Temp\VMicroBuilds\ArduinoIoT1\mkr1000/core.a(wiring_analog.c.o)
 .data._writeResolution
                0x20000010        0x4 C:\Users\otavi\AppData\Local\Temp\VMicroBuilds\ArduinoIoT1\mkr1000/core.a(wiring_analog.c.o)
 .data._readResolution
                0x20000014        0x4 C:\Users\otavi\AppData\Local\Temp\VMicroBuilds\ArduinoIoT1\mkr1000/core.a(wiring_analog.c.o)
 .data._ZL5ticks
                0x20000018        0x4 C:\Users\otavi\AppData\Local\Temp\VMicroBuilds\ArduinoIoT1\mkr1000/core.a(Reset.cpp.o)
 .data._ZL10breakValue
                0x2000001c        0x4 C:\Users\otavi\AppData\Local\Temp\VMicroBuilds\ArduinoIoT1\mkr1000/core.a(CDC.cpp.o)
 .data._ZL13_cdcInterface
                0x20000020       0x42 C:\Users\otavi\AppData\Local\Temp\VMicroBuilds\ArduinoIoT1\mkr1000/core.a(CDC.cpp.o)
 *fill*         0x20000062        0x2 
 .data._ZL12_usbLineInfo
                0x20000064        0x8 C:\Users\otavi\AppData\Local\Temp\VMicroBuilds\ArduinoIoT1\mkr1000/core.a(CDC.cpp.o)
 .data.EndPoints
                0x2000006c       0x28 C:\Users\otavi\AppData\Local\Temp\VMicroBuilds\ArduinoIoT1\mkr1000/core.a(USBCore.cpp.o)
                0x2000006c                EndPoints
 .data.g_apTCInstances
                0x20000094       0x18 C:\Users\otavi\AppData\Local\Temp\VMicroBuilds\ArduinoIoT1\mkr1000/core.a(variant.cpp.o)
                0x20000094                g_apTCInstances
 .data.impure_data
                0x200000ac       0x60 c:/users/otavi/appdata/local/arduino15/packages/arduino/tools/arm-none-eabi-gcc/4.8.3-2014q1/bin/../lib/gcc/arm-none-eabi/4.8.3/../../../../arm-none-eabi/lib/armv6-m\libc_s.a(lib_a-impure.o)
 .data._impure_ptr
                0x2000010c        0x4 c:/users/otavi/appdata/local/arduino15/packages/arduino/tools/arm-none-eabi-gcc/4.8.3-2014q1/bin/../lib/gcc/arm-none-eabi/4.8.3/../../../../arm-none-eabi/lib/armv6-m\libc_s.a(lib_a-impure.o)
                0x2000010c                _impure_ptr
                0x20000110                . = ALIGN (0x4)
                0x20000110                PROVIDE (__preinit_array_start, .)
 *(.preinit_array)
                0x20000110                PROVIDE (__preinit_array_end, .)
                0x20000110                . = ALIGN (0x4)
                0x20000110                PROVIDE (__init_array_start, .)
 *(SORT(.init_array.*))
 *(.init_array)
 .init_array    0x20000110        0x4 c:/users/otavi/appdata/local/arduino15/packages/arduino/tools/arm-none-eabi-gcc/4.8.3-2014q1/bin/../lib/gcc/arm-none-eabi/4.8.3/armv6-m/crtbegin.o
 .init_array    0x20000114        0x4 C:\Users\otavi\AppData\Local\Temp\VMicroBuilds\ArduinoIoT1\mkr1000\ArduinoIoT1.cpp.o
 .init_array    0x20000118        0x4 C:\Users\otavi\AppData\Local\Temp\VMicroBuilds\ArduinoIoT1\mkr1000\Firmata\Firmata.cpp.o
 .init_array    0x2000011c        0x4 C:\Users\otavi\AppData\Local\Temp\VMicroBuilds\ArduinoIoT1\mkr1000\Firmata\utility\EthernetClientStream.cpp.o
 .init_array    0x20000120        0x4 C:\Users\otavi\AppData\Local\Temp\VMicroBuilds\ArduinoIoT1\mkr1000\Wire\Wire.cpp.o
 .init_array    0x20000124        0x4 C:\Users\otavi\AppData\Local\Temp\VMicroBuilds\ArduinoIoT1\mkr1000/core.a(IPAddress.cpp.o)
 .init_array    0x20000128        0x4 C:\Users\otavi\AppData\Local\Temp\VMicroBuilds\ArduinoIoT1\mkr1000/core.a(CDC.cpp.o)
 .init_array    0x2000012c        0x4 C:\Users\otavi\AppData\Local\Temp\VMicroBuilds\ArduinoIoT1\mkr1000/core.a(USBCore.cpp.o)
 .init_array    0x20000130        0x4 C:\Users\otavi\AppData\Local\Temp\VMicroBuilds\ArduinoIoT1\mkr1000/core.a(variant.cpp.o)
                0x20000134                PROVIDE (__init_array_end, .)
                0x20000134                . = ALIGN (0x4)
                0x20000134                PROVIDE (__fini_array_start, .)
 *(SORT(.fini_array.*))
 *(.fini_array)
 .fini_array    0x20000134        0x4 c:/users/otavi/appdata/local/arduino15/packages/arduino/tools/arm-none-eabi-gcc/4.8.3-2014q1/bin/../lib/gcc/arm-none-eabi/4.8.3/armv6-m/crtbegin.o
                0x20000138                PROVIDE (__fini_array_end, .)
 *(.jcr*)
 .jcr           0x20000138        0x0 c:/users/otavi/appdata/local/arduino15/packages/arduino/tools/arm-none-eabi-gcc/4.8.3-2014q1/bin/../lib/gcc/arm-none-eabi/4.8.3/armv6-m/crtbegin.o
 .jcr           0x20000138        0x4 c:/users/otavi/appdata/local/arduino15/packages/arduino/tools/arm-none-eabi-gcc/4.8.3-2014q1/bin/../lib/gcc/arm-none-eabi/4.8.3/armv6-m/crtend.o
                0x2000013c                . = ALIGN (0x4)
                0x2000013c                __data_end__ = .

.igot.plt       0x2000013c        0x0 load address 0x0000636c
 .igot.plt      0x00000000        0x0 c:/users/otavi/appdata/local/arduino15/packages/arduino/tools/arm-none-eabi-gcc/4.8.3-2014q1/bin/../lib/gcc/arm-none-eabi/4.8.3/armv6-m/crtbegin.o

.bss            0x2000013c      0xab0 load address 0x0000636c
                0x2000013c                . = ALIGN (0x4)
                0x2000013c                __bss_start__ = .
 *(.bss*)
 .bss           0x2000013c       0x1c c:/users/otavi/appdata/local/arduino15/packages/arduino/tools/arm-none-eabi-gcc/4.8.3-2014q1/bin/../lib/gcc/arm-none-eabi/4.8.3/armv6-m/crtbegin.o
 .bss.__VMicro_GLastMillis3__
                0x20000158        0x4 C:\Users\otavi\AppData\Local\Temp\VMicroBuilds\ArduinoIoT1\mkr1000\ArduinoIoT1.cpp.o
                0x20000158                __VMicro_GLastMillis3__
 .bss.pinState  0x2000015c       0x58 C:\Users\otavi\AppData\Local\Temp\VMicroBuilds\ArduinoIoT1\mkr1000\ArduinoIoT1.cpp.o
                0x2000015c                pinState
 .bss.previousMillis
                0x200001b4        0x4 C:\Users\otavi\AppData\Local\Temp\VMicroBuilds\ArduinoIoT1\mkr1000\ArduinoIoT1.cpp.o
                0x200001b4                previousMillis
 .bss.currentMillis
                0x200001b8        0x4 C:\Users\otavi\AppData\Local\Temp\VMicroBuilds\ArduinoIoT1\mkr1000\ArduinoIoT1.cpp.o
                0x200001b8                currentMillis
 .bss.previousPINs
                0x200001bc        0x3 C:\Users\otavi\AppData\Local\Temp\VMicroBuilds\ArduinoIoT1\mkr1000\ArduinoIoT1.cpp.o
                0x200001bc                previousPINs
 .bss.query     0x200001bf       0x18 C:\Users\otavi\AppData\Local\Temp\VMicroBuilds\ArduinoIoT1\mkr1000\ArduinoIoT1.cpp.o
                0x200001bf                query
 .bss.isI2CEnabled
                0x200001d7        0x1 C:\Users\otavi\AppData\Local\Temp\VMicroBuilds\ArduinoIoT1\mkr1000\ArduinoIoT1.cpp.o
                0x200001d7                isI2CEnabled
 .bss.i2cRxData
                0x200001d8       0x20 C:\Users\otavi\AppData\Local\Temp\VMicroBuilds\ArduinoIoT1\mkr1000\ArduinoIoT1.cpp.o
                0x200001d8                i2cRxData
 .bss.reportPINs
                0x200001f8        0x3 C:\Users\otavi\AppData\Local\Temp\VMicroBuilds\ArduinoIoT1\mkr1000\ArduinoIoT1.cpp.o
                0x200001f8                reportPINs
 .bss.portConfigInputs
                0x200001fb        0x3 C:\Users\otavi\AppData\Local\Temp\VMicroBuilds\ArduinoIoT1\mkr1000\ArduinoIoT1.cpp.o
                0x200001fb                portConfigInputs
 *fill*         0x200001fe        0x2 
 .bss.__VisualMicro_DEBUG_1_HITCOUNTER__
                0x20000200        0x4 C:\Users\otavi\AppData\Local\Temp\VMicroBuilds\ArduinoIoT1\mkr1000\ArduinoIoT1.cpp.o
                0x20000200                __VisualMicro_DEBUG_1_HITCOUNTER__
 .bss.analogInputsToReport
                0x20000204        0x4 C:\Users\otavi\AppData\Local\Temp\VMicroBuilds\ArduinoIoT1\mkr1000\ArduinoIoT1.cpp.o
                0x20000204                analogInputsToReport
 .bss.servos    0x20000208       0x24 C:\Users\otavi\AppData\Local\Temp\VMicroBuilds\ArduinoIoT1\mkr1000\ArduinoIoT1.cpp.o
                0x20000208                servos
 .bss.pinConfig
                0x2000022c       0x16 C:\Users\otavi\AppData\Local\Temp\VMicroBuilds\ArduinoIoT1\mkr1000\ArduinoIoT1.cpp.o
                0x2000022c                pinConfig
 *fill*         0x20000242        0x2 
 .bss.i2cReadDelayTime
                0x20000244        0x4 C:\Users\otavi\AppData\Local\Temp\VMicroBuilds\ArduinoIoT1\mkr1000\ArduinoIoT1.cpp.o
                0x20000244                i2cReadDelayTime
 .bss.ServoCount
                0x20000248        0x1 C:\Users\otavi\AppData\Local\Temp\VMicroBuilds\ArduinoIoT1\mkr1000\Servo\samd\Servo.cpp.o
                0x20000248                ServoCount
 .bss._ZL17currentServoIndex
                0x20000249        0x1 C:\Users\otavi\AppData\Local\Temp\VMicroBuilds\ArduinoIoT1\mkr1000\Servo\samd\Servo.cpp.o
 *fill*         0x2000024a        0x2 
 .bss._ZL6servos
                0x2000024c       0x60 C:\Users\otavi\AppData\Local\Temp\VMicroBuilds\ArduinoIoT1\mkr1000\Servo\samd\Servo.cpp.o
 .bss.Firmata   0x200002ac       0xec C:\Users\otavi\AppData\Local\Temp\VMicroBuilds\ArduinoIoT1\mkr1000\Firmata\Firmata.cpp.o
                0x200002ac                Firmata
 .bss._ZL11INADDR_NONE
                0x20000398        0x8 C:\Users\otavi\AppData\Local\Temp\VMicroBuilds\ArduinoIoT1\mkr1000\Firmata\utility\EthernetClientStream.cpp.o
 .bss.MicroDebug
                0x200003a0       0x3c C:\Users\otavi\AppData\Local\Temp\VMicroBuilds\ArduinoIoT1\mkr1000\VM_DBG\VM_DBG.cpp.o
                0x200003a0                MicroDebug
 .bss.Wire      0x200003dc       0xb4 C:\Users\otavi\AppData\Local\Temp\VMicroBuilds\ArduinoIoT1\mkr1000\Wire\Wire.cpp.o
                0x200003dc                Wire
 .bss.usb_isr   0x20000490        0x4 C:\Users\otavi\AppData\Local\Temp\VMicroBuilds\ArduinoIoT1\mkr1000/core.a(cortex_handlers.c.o)
 .bss._ulTickCount
                0x20000494        0x4 C:\Users\otavi\AppData\Local\Temp\VMicroBuilds\ArduinoIoT1\mkr1000/core.a(delay.c.o)
 .bss._ZL11INADDR_NONE
                0x20000498        0x8 C:\Users\otavi\AppData\Local\Temp\VMicroBuilds\ArduinoIoT1\mkr1000/core.a(IPAddress.cpp.o)
 .bss.cdc_rx_buffer
                0x200004a0      0x10c C:\Users\otavi\AppData\Local\Temp\VMicroBuilds\ArduinoIoT1\mkr1000/core.a(CDC.cpp.o)
                0x200004a0                cdc_rx_buffer
 .bss.SerialUSB
                0x200005ac       0x18 C:\Users\otavi\AppData\Local\Temp\VMicroBuilds\ArduinoIoT1\mkr1000/core.a(CDC.cpp.o)
                0x200005ac                SerialUSB
 .bss._ZL14isEndpointHalt
                0x200005c4        0x1 C:\Users\otavi\AppData\Local\Temp\VMicroBuilds\ArduinoIoT1\mkr1000/core.a(USBCore.cpp.o)
 .bss._pack_buffer
                0x200005c5      0x100 C:\Users\otavi\AppData\Local\Temp\VMicroBuilds\ArduinoIoT1\mkr1000/core.a(USBCore.cpp.o)
                0x200005c5                _pack_buffer
 *fill*         0x200006c5        0x1 
 .bss._pack_size
                0x200006c6        0x2 C:\Users\otavi\AppData\Local\Temp\VMicroBuilds\ArduinoIoT1\mkr1000/core.a(USBCore.cpp.o)
                0x200006c6                _pack_size
 .bss._ZL22udd_ep_in_cache_buffer
                0x200006c8      0x1c0 C:\Users\otavi\AppData\Local\Temp\VMicroBuilds\ArduinoIoT1\mkr1000/core.a(USBCore.cpp.o)
 .bss._ZL23udd_ep_out_cache_buffer
                0x20000888      0x1c0 C:\Users\otavi\AppData\Local\Temp\VMicroBuilds\ArduinoIoT1\mkr1000/core.a(USBCore.cpp.o)
 .bss._pack_message
                0x20000a48        0x1 C:\Users\otavi\AppData\Local\Temp\VMicroBuilds\ArduinoIoT1\mkr1000/core.a(USBCore.cpp.o)
                0x20000a48                _pack_message
 .bss._ZL21isRemoteWakeUpEnabled
                0x20000a49        0x1 C:\Users\otavi\AppData\Local\Temp\VMicroBuilds\ArduinoIoT1\mkr1000/core.a(USBCore.cpp.o)
 .bss._dry_run  0x20000a4a        0x1 C:\Users\otavi\AppData\Local\Temp\VMicroBuilds\ArduinoIoT1\mkr1000/core.a(USBCore.cpp.o)
                0x20000a4a                _dry_run
 .bss.USBDevice
                0x20000a4b        0x1 C:\Users\otavi\AppData\Local\Temp\VMicroBuilds\ArduinoIoT1\mkr1000/core.a(USBCore.cpp.o)
                0x20000a4b                USBDevice
 .bss._usbSetInterface
                0x20000a4c        0x4 C:\Users\otavi\AppData\Local\Temp\VMicroBuilds\ArduinoIoT1\mkr1000/core.a(USBCore.cpp.o)
                0x20000a4c                _usbSetInterface
 .bss.usbd      0x20000a50      0x104 C:\Users\otavi\AppData\Local\Temp\VMicroBuilds\ArduinoIoT1\mkr1000/core.a(USBCore.cpp.o)
                0x20000a50                usbd
 .bss._usbConfiguration
                0x20000b54        0x4 C:\Users\otavi\AppData\Local\Temp\VMicroBuilds\ArduinoIoT1\mkr1000/core.a(USBCore.cpp.o)
                0x20000b54                _usbConfiguration
 .bss.Serial1   0x20000b58       0x60 C:\Users\otavi\AppData\Local\Temp\VMicroBuilds\ArduinoIoT1\mkr1000/core.a(variant.cpp.o)
                0x20000b58                Serial1
 .bss.sercom3   0x20000bb8        0x4 C:\Users\otavi\AppData\Local\Temp\VMicroBuilds\ArduinoIoT1\mkr1000/core.a(variant.cpp.o)
                0x20000bb8                sercom3
 .bss.sercom0   0x20000bbc        0x4 C:\Users\otavi\AppData\Local\Temp\VMicroBuilds\ArduinoIoT1\mkr1000/core.a(variant.cpp.o)
                0x20000bbc                sercom0
 .bss.sercom1   0x20000bc0        0x4 C:\Users\otavi\AppData\Local\Temp\VMicroBuilds\ArduinoIoT1\mkr1000/core.a(variant.cpp.o)
                0x20000bc0                sercom1
 .bss.sercom2   0x20000bc4        0x4 C:\Users\otavi\AppData\Local\Temp\VMicroBuilds\ArduinoIoT1\mkr1000/core.a(variant.cpp.o)
                0x20000bc4                sercom2
 .bss.sercom4   0x20000bc8        0x4 C:\Users\otavi\AppData\Local\Temp\VMicroBuilds\ArduinoIoT1\mkr1000/core.a(variant.cpp.o)
                0x20000bc8                sercom4
 .bss.sercom5   0x20000bcc        0x4 C:\Users\otavi\AppData\Local\Temp\VMicroBuilds\ArduinoIoT1\mkr1000/core.a(variant.cpp.o)
                0x20000bcc                sercom5
 .bss._ZZ12PluggableUSBvE3obj
                0x20000bd0        0x8 C:\Users\otavi\AppData\Local\Temp\VMicroBuilds\ArduinoIoT1\mkr1000/core.a(PluggableUSB.cpp.o)
 .bss._ZGVZ12PluggableUSBvE3obj
                0x20000bd8        0x4 C:\Users\otavi\AppData\Local\Temp\VMicroBuilds\ArduinoIoT1\mkr1000/core.a(PluggableUSB.cpp.o)
 .bss.__malloc_sbrk_start
                0x20000bdc        0x4 c:/users/otavi/appdata/local/arduino15/packages/arduino/tools/arm-none-eabi-gcc/4.8.3-2014q1/bin/../lib/gcc/arm-none-eabi/4.8.3/../../../../arm-none-eabi/lib/armv6-m\libc_s.a(lib_a-nano-mallocr.o)
                0x20000bdc                __malloc_sbrk_start
 .bss.__malloc_free_list
                0x20000be0        0x4 c:/users/otavi/appdata/local/arduino15/packages/arduino/tools/arm-none-eabi-gcc/4.8.3-2014q1/bin/../lib/gcc/arm-none-eabi/4.8.3/../../../../arm-none-eabi/lib/armv6-m\libc_s.a(lib_a-nano-mallocr.o)
                0x20000be0                __malloc_free_list
 .bss.heap_end.4243
                0x20000be4        0x4 c:/users/otavi/appdata/local/arduino15/packages/arduino/tools/arm-none-eabi-gcc/4.8.3-2014q1/bin/../lib/gcc/arm-none-eabi/4.8.3/../../../../arm-none-eabi/lib/armv6-m\libnosys.a(sbrk.o)
 *(COMMON)
 COMMON         0x20000be8        0x4 c:/users/otavi/appdata/local/arduino15/packages/arduino/tools/arm-none-eabi-gcc/4.8.3-2014q1/bin/../lib/gcc/arm-none-eabi/4.8.3/../../../../arm-none-eabi/lib/armv6-m\libc_s.a(lib_a-reent.o)
                0x20000be8                errno
                0x20000bec                . = ALIGN (0x4)
                0x20000bec                __bss_end__ = .

.heap           0x20000bec        0x0
                0x20000bec                __end__ = .
                0x20000bec                PROVIDE (end, .)
 *(.heap*)
                0x20000bec                __HeapLimit = .

.stack_dummy    0x20000bec        0x0
 *(.stack*)
                0x20008000                __StackTop = (ORIGIN (RAM) + 0x8000)
                0x20008000                __StackLimit = (__StackTop - SIZEOF (.stack_dummy))
                0x20008000                PROVIDE (__stack, __StackTop)
                0x20007fff                __ram_end__ = ((ORIGIN (RAM) + 0x8000) - 0x1)
                0x00000001                ASSERT ((__StackLimit >= __HeapLimit), region RAM overflowed with stack)
OUTPUT(C:\Users\otavi\AppData\Local\Temp\VMicroBuilds\ArduinoIoT1\mkr1000/ArduinoIoT1.ino.elf elf32-littlearm)

.ARM.attributes
                0x00000000       0x28
 .ARM.attributes
                0x00000000       0x1e c:/users/otavi/appdata/local/arduino15/packages/arduino/tools/arm-none-eabi-gcc/4.8.3-2014q1/bin/../lib/gcc/arm-none-eabi/4.8.3/armv6-m/crti.o
 .ARM.attributes
                0x0000001e       0x2c c:/users/otavi/appdata/local/arduino15/packages/arduino/tools/arm-none-eabi-gcc/4.8.3-2014q1/bin/../lib/gcc/arm-none-eabi/4.8.3/armv6-m/crtbegin.o
 .ARM.attributes
                0x0000004a       0x32 C:\Users\otavi\AppData\Local\Temp\VMicroBuilds\ArduinoIoT1\mkr1000\ArduinoIoT1.cpp.o
 .ARM.attributes
                0x0000007c       0x32 C:\Users\otavi\AppData\Local\Temp\VMicroBuilds\ArduinoIoT1\mkr1000\Servo\samd\Servo.cpp.o
 .ARM.attributes
                0x000000ae       0x32 C:\Users\otavi\AppData\Local\Temp\VMicroBuilds\ArduinoIoT1\mkr1000\Firmata\Firmata.cpp.o
 .ARM.attributes
                0x000000e0       0x32 C:\Users\otavi\AppData\Local\Temp\VMicroBuilds\ArduinoIoT1\mkr1000\Firmata\utility\EthernetClientStream.cpp.o
 .ARM.attributes
                0x00000112       0x32 C:\Users\otavi\AppData\Local\Temp\VMicroBuilds\ArduinoIoT1\mkr1000\VM_DBG\VM_DBG.cpp.o
 .ARM.attributes
                0x00000144       0x32 C:\Users\otavi\AppData\Local\Temp\VMicroBuilds\ArduinoIoT1\mkr1000\Wire\Wire.cpp.o
 .ARM.attributes
                0x00000176       0x32 C:\Users\otavi\AppData\Local\Temp\VMicroBuilds\ArduinoIoT1\mkr1000/core.a(cortex_handlers.c.o)
 .ARM.attributes
                0x000001a8       0x32 C:\Users\otavi\AppData\Local\Temp\VMicroBuilds\ArduinoIoT1\mkr1000/core.a(delay.c.o)
 .ARM.attributes
                0x000001da       0x32 C:\Users\otavi\AppData\Local\Temp\VMicroBuilds\ArduinoIoT1\mkr1000/core.a(hooks.c.o)
 .ARM.attributes
                0x0000020c       0x32 C:\Users\otavi\AppData\Local\Temp\VMicroBuilds\ArduinoIoT1\mkr1000/core.a(startup.c.o)
 .ARM.attributes
                0x0000023e       0x32 C:\Users\otavi\AppData\Local\Temp\VMicroBuilds\ArduinoIoT1\mkr1000/core.a(wiring.c.o)
 .ARM.attributes
                0x00000270       0x32 C:\Users\otavi\AppData\Local\Temp\VMicroBuilds\ArduinoIoT1\mkr1000/core.a(wiring_analog.c.o)
 .ARM.attributes
                0x000002a2       0x32 C:\Users\otavi\AppData\Local\Temp\VMicroBuilds\ArduinoIoT1\mkr1000/core.a(wiring_digital.c.o)
 .ARM.attributes
                0x000002d4       0x32 C:\Users\otavi\AppData\Local\Temp\VMicroBuilds\ArduinoIoT1\mkr1000/core.a(wiring_private.c.o)
 .ARM.attributes
                0x00000306       0x32 C:\Users\otavi\AppData\Local\Temp\VMicroBuilds\ArduinoIoT1\mkr1000/core.a(IPAddress.cpp.o)
 .ARM.attributes
                0x00000338       0x32 C:\Users\otavi\AppData\Local\Temp\VMicroBuilds\ArduinoIoT1\mkr1000/core.a(main.cpp.o)
 .ARM.attributes
                0x0000036a       0x32 C:\Users\otavi\AppData\Local\Temp\VMicroBuilds\ArduinoIoT1\mkr1000/core.a(Print.cpp.o)
 .ARM.attributes
                0x0000039c       0x32 C:\Users\otavi\AppData\Local\Temp\VMicroBuilds\ArduinoIoT1\mkr1000/core.a(Reset.cpp.o)
 .ARM.attributes
                0x000003ce       0x32 C:\Users\otavi\AppData\Local\Temp\VMicroBuilds\ArduinoIoT1\mkr1000/core.a(RingBuffer.cpp.o)
 .ARM.attributes
                0x00000400       0x32 C:\Users\otavi\AppData\Local\Temp\VMicroBuilds\ArduinoIoT1\mkr1000/core.a(SERCOM.cpp.o)
 .ARM.attributes
                0x00000432       0x32 C:\Users\otavi\AppData\Local\Temp\VMicroBuilds\ArduinoIoT1\mkr1000/core.a(WMath.cpp.o)
 .ARM.attributes
                0x00000464       0x32 C:\Users\otavi\AppData\Local\Temp\VMicroBuilds\ArduinoIoT1\mkr1000/core.a(CDC.cpp.o)
 .ARM.attributes
                0x00000496       0x32 C:\Users\otavi\AppData\Local\Temp\VMicroBuilds\ArduinoIoT1\mkr1000/core.a(USBCore.cpp.o)
 .ARM.attributes
                0x000004c8       0x32 C:\Users\otavi\AppData\Local\Temp\VMicroBuilds\ArduinoIoT1\mkr1000/core.a(variant.cpp.o)
 .ARM.attributes
                0x000004fa       0x32 C:\Users\otavi\AppData\Local\Temp\VMicroBuilds\ArduinoIoT1\mkr1000/core.a(Uart.cpp.o)
 .ARM.attributes
                0x0000052c       0x32 C:\Users\otavi\AppData\Local\Temp\VMicroBuilds\ArduinoIoT1\mkr1000/core.a(PluggableUSB.cpp.o)
 .ARM.attributes
                0x0000055e       0x1e c:/users/otavi/appdata/local/arduino15/packages/arduino/tools/arm-none-eabi-gcc/4.8.3-2014q1/bin/../lib/gcc/arm-none-eabi/4.8.3/armv6-m\libgcc.a(_thumb1_case_uqi.o)
 .ARM.attributes
                0x0000057c       0x1e c:/users/otavi/appdata/local/arduino15/packages/arduino/tools/arm-none-eabi-gcc/4.8.3-2014q1/bin/../lib/gcc/arm-none-eabi/4.8.3/armv6-m\libgcc.a(_thumb1_case_uhi.o)
 .ARM.attributes
                0x0000059a       0x1e c:/users/otavi/appdata/local/arduino15/packages/arduino/tools/arm-none-eabi-gcc/4.8.3-2014q1/bin/../lib/gcc/arm-none-eabi/4.8.3/armv6-m\libgcc.a(_udivsi3.o)
 .ARM.attributes
                0x000005b8       0x1e c:/users/otavi/appdata/local/arduino15/packages/arduino/tools/arm-none-eabi-gcc/4.8.3-2014q1/bin/../lib/gcc/arm-none-eabi/4.8.3/armv6-m\libgcc.a(_divsi3.o)
 .ARM.attributes
                0x000005d6       0x1e c:/users/otavi/appdata/local/arduino15/packages/arduino/tools/arm-none-eabi-gcc/4.8.3-2014q1/bin/../lib/gcc/arm-none-eabi/4.8.3/armv6-m\libgcc.a(_dvmd_tls.o)
 .ARM.attributes
                0x000005f4       0x2c c:/users/otavi/appdata/local/arduino15/packages/arduino/tools/arm-none-eabi-gcc/4.8.3-2014q1/bin/../lib/gcc/arm-none-eabi/4.8.3/../../../../arm-none-eabi/lib/armv6-m\libc_s.a(lib_a-impure.o)
 .ARM.attributes
                0x00000620       0x2c c:/users/otavi/appdata/local/arduino15/packages/arduino/tools/arm-none-eabi-gcc/4.8.3-2014q1/bin/../lib/gcc/arm-none-eabi/4.8.3/../../../../arm-none-eabi/lib/armv6-m\libc_s.a(lib_a-init.o)
 .ARM.attributes
                0x0000064c       0x2c c:/users/otavi/appdata/local/arduino15/packages/arduino/tools/arm-none-eabi-gcc/4.8.3-2014q1/bin/../lib/gcc/arm-none-eabi/4.8.3/../../../../arm-none-eabi/lib/armv6-m\libc_s.a(lib_a-malloc.o)
 .ARM.attributes
                0x00000678       0x2c c:/users/otavi/appdata/local/arduino15/packages/arduino/tools/arm-none-eabi-gcc/4.8.3-2014q1/bin/../lib/gcc/arm-none-eabi/4.8.3/../../../../arm-none-eabi/lib/armv6-m\libc_s.a(lib_a-memcpy-stub.o)
 .ARM.attributes
                0x000006a4       0x2c c:/users/otavi/appdata/local/arduino15/packages/arduino/tools/arm-none-eabi-gcc/4.8.3-2014q1/bin/../lib/gcc/arm-none-eabi/4.8.3/../../../../arm-none-eabi/lib/armv6-m\libc_s.a(lib_a-memset.o)
 .ARM.attributes
                0x000006d0       0x2c c:/users/otavi/appdata/local/arduino15/packages/arduino/tools/arm-none-eabi-gcc/4.8.3-2014q1/bin/../lib/gcc/arm-none-eabi/4.8.3/../../../../arm-none-eabi/lib/armv6-m\libc_s.a(lib_a-nano-freer.o)
 .ARM.attributes
                0x000006fc       0x2c c:/users/otavi/appdata/local/arduino15/packages/arduino/tools/arm-none-eabi-gcc/4.8.3-2014q1/bin/../lib/gcc/arm-none-eabi/4.8.3/../../../../arm-none-eabi/lib/armv6-m\libc_s.a(lib_a-nano-mallocr.o)
 .ARM.attributes
                0x00000728       0x2c c:/users/otavi/appdata/local/arduino15/packages/arduino/tools/arm-none-eabi-gcc/4.8.3-2014q1/bin/../lib/gcc/arm-none-eabi/4.8.3/../../../../arm-none-eabi/lib/armv6-m\libc_s.a(lib_a-sbrkr.o)
 .ARM.attributes
                0x00000754       0x2c c:/users/otavi/appdata/local/arduino15/packages/arduino/tools/arm-none-eabi-gcc/4.8.3-2014q1/bin/../lib/gcc/arm-none-eabi/4.8.3/../../../../arm-none-eabi/lib/armv6-m\libc_s.a(lib_a-strlen.o)
 .ARM.attributes
                0x00000780       0x2c c:/users/otavi/appdata/local/arduino15/packages/arduino/tools/arm-none-eabi-gcc/4.8.3-2014q1/bin/../lib/gcc/arm-none-eabi/4.8.3/../../../../arm-none-eabi/lib/armv6-m\libc_s.a(lib_a-strncpy.o)
 .ARM.attributes
                0x000007ac       0x2c c:/users/otavi/appdata/local/arduino15/packages/arduino/tools/arm-none-eabi-gcc/4.8.3-2014q1/bin/../lib/gcc/arm-none-eabi/4.8.3/../../../../arm-none-eabi/lib/armv6-m\libc_s.a(lib_a-strrchr.o)
 .ARM.attributes
                0x000007d8       0x2c c:/users/otavi/appdata/local/arduino15/packages/arduino/tools/arm-none-eabi-gcc/4.8.3-2014q1/bin/../lib/gcc/arm-none-eabi/4.8.3/../../../../arm-none-eabi/lib/armv6-m\libc_s.a(lib_a-strstr.o)
 .ARM.attributes
                0x00000804       0x2c c:/users/otavi/appdata/local/arduino15/packages/arduino/tools/arm-none-eabi-gcc/4.8.3-2014q1/bin/../lib/gcc/arm-none-eabi/4.8.3/../../../../arm-none-eabi/lib/armv6-m\libc_s.a(lib_a-reent.o)
 .ARM.attributes
                0x00000830       0x2c c:/users/otavi/appdata/local/arduino15/packages/arduino/tools/arm-none-eabi-gcc/4.8.3-2014q1/bin/../lib/gcc/arm-none-eabi/4.8.3/../../../../arm-none-eabi/lib/armv6-m\libc_s.a(lib_a-strchr.o)
 .ARM.attributes
                0x0000085c       0x2c c:/users/otavi/appdata/local/arduino15/packages/arduino/tools/arm-none-eabi-gcc/4.8.3-2014q1/bin/../lib/gcc/arm-none-eabi/4.8.3/../../../../arm-none-eabi/lib/armv6-m\libnosys.a(sbrk.o)
 .ARM.attributes
                0x00000888       0x2c c:/users/otavi/appdata/local/arduino15/packages/arduino/tools/arm-none-eabi-gcc/4.8.3-2014q1/bin/../lib/gcc/arm-none-eabi/4.8.3/armv6-m/crtend.o
 .ARM.attributes
                0x000008b4       0x1e c:/users/otavi/appdata/local/arduino15/packages/arduino/tools/arm-none-eabi-gcc/4.8.3-2014q1/bin/../lib/gcc/arm-none-eabi/4.8.3/armv6-m/crtn.o

.comment        0x00000000       0x70
 .comment       0x00000000       0x70 C:\Users\otavi\AppData\Local\Temp\VMicroBuilds\ArduinoIoT1\mkr1000\ArduinoIoT1.cpp.o
                                 0x71 (size before relaxing)
 .comment       0x00000000       0x71 C:\Users\otavi\AppData\Local\Temp\VMicroBuilds\ArduinoIoT1\mkr1000\Servo\samd\Servo.cpp.o
 .comment       0x00000000       0x71 C:\Users\otavi\AppData\Local\Temp\VMicroBuilds\ArduinoIoT1\mkr1000\Firmata\Firmata.cpp.o
 .comment       0x00000000       0x71 C:\Users\otavi\AppData\Local\Temp\VMicroBuilds\ArduinoIoT1\mkr1000\Firmata\utility\EthernetClientStream.cpp.o
 .comment       0x00000000       0x71 C:\Users\otavi\AppData\Local\Temp\VMicroBuilds\ArduinoIoT1\mkr1000\VM_DBG\VM_DBG.cpp.o
 .comment       0x00000000       0x71 C:\Users\otavi\AppData\Local\Temp\VMicroBuilds\ArduinoIoT1\mkr1000\Wire\Wire.cpp.o
 .comment       0x00000000       0x71 C:\Users\otavi\AppData\Local\Temp\VMicroBuilds\ArduinoIoT1\mkr1000/core.a(cortex_handlers.c.o)
 .comment       0x00000000       0x71 C:\Users\otavi\AppData\Local\Temp\VMicroBuilds\ArduinoIoT1\mkr1000/core.a(delay.c.o)
 .comment       0x00000000       0x71 C:\Users\otavi\AppData\Local\Temp\VMicroBuilds\ArduinoIoT1\mkr1000/core.a(hooks.c.o)
 .comment       0x00000000       0x71 C:\Users\otavi\AppData\Local\Temp\VMicroBuilds\ArduinoIoT1\mkr1000/core.a(startup.c.o)
 .comment       0x00000000       0x71 C:\Users\otavi\AppData\Local\Temp\VMicroBuilds\ArduinoIoT1\mkr1000/core.a(wiring.c.o)
 .comment       0x00000000       0x71 C:\Users\otavi\AppData\Local\Temp\VMicroBuilds\ArduinoIoT1\mkr1000/core.a(wiring_analog.c.o)
 .comment       0x00000000       0x71 C:\Users\otavi\AppData\Local\Temp\VMicroBuilds\ArduinoIoT1\mkr1000/core.a(wiring_digital.c.o)
 .comment       0x00000000       0x71 C:\Users\otavi\AppData\Local\Temp\VMicroBuilds\ArduinoIoT1\mkr1000/core.a(wiring_private.c.o)
 .comment       0x00000000       0x71 C:\Users\otavi\AppData\Local\Temp\VMicroBuilds\ArduinoIoT1\mkr1000/core.a(IPAddress.cpp.o)
 .comment       0x00000000       0x71 C:\Users\otavi\AppData\Local\Temp\VMicroBuilds\ArduinoIoT1\mkr1000/core.a(main.cpp.o)
 .comment       0x00000000       0x71 C:\Users\otavi\AppData\Local\Temp\VMicroBuilds\ArduinoIoT1\mkr1000/core.a(Print.cpp.o)
 .comment       0x00000000       0x71 C:\Users\otavi\AppData\Local\Temp\VMicroBuilds\ArduinoIoT1\mkr1000/core.a(Reset.cpp.o)
 .comment       0x00000000       0x71 C:\Users\otavi\AppData\Local\Temp\VMicroBuilds\ArduinoIoT1\mkr1000/core.a(RingBuffer.cpp.o)
 .comment       0x00000000       0x71 C:\Users\otavi\AppData\Local\Temp\VMicroBuilds\ArduinoIoT1\mkr1000/core.a(SERCOM.cpp.o)
 .comment       0x00000000       0x71 C:\Users\otavi\AppData\Local\Temp\VMicroBuilds\ArduinoIoT1\mkr1000/core.a(WMath.cpp.o)
 .comment       0x00000000       0x71 C:\Users\otavi\AppData\Local\Temp\VMicroBuilds\ArduinoIoT1\mkr1000/core.a(CDC.cpp.o)
 .comment       0x00000000       0x71 C:\Users\otavi\AppData\Local\Temp\VMicroBuilds\ArduinoIoT1\mkr1000/core.a(USBCore.cpp.o)
 .comment       0x00000000       0x71 C:\Users\otavi\AppData\Local\Temp\VMicroBuilds\ArduinoIoT1\mkr1000/core.a(variant.cpp.o)
 .comment       0x00000000       0x71 C:\Users\otavi\AppData\Local\Temp\VMicroBuilds\ArduinoIoT1\mkr1000/core.a(Uart.cpp.o)
 .comment       0x00000000       0x71 C:\Users\otavi\AppData\Local\Temp\VMicroBuilds\ArduinoIoT1\mkr1000/core.a(PluggableUSB.cpp.o)

.debug_info     0x00000000    0x398bb
 .debug_info    0x00000000     0x3dda C:\Users\otavi\AppData\Local\Temp\VMicroBuilds\ArduinoIoT1\mkr1000\ArduinoIoT1.cpp.o